Archive member included to satisfy reference by file (symbol)

d:/appfile/microprocessor_microcontroller/stm32cubeide_1.7.0/stm32cubeide/plugins/com.st.stm32cube.ide.mcu.externaltools.gnu-tools-for-stm32.9-2020-q2-update.win32_2.0.0.202105311346/tools/bin/../lib/gcc/arm-none-eabi/9.3.1/../../../../arm-none-eabi/lib/thumb/v7-m/nofp\libc_nano.a(lib_a-errno.o)
                              ./Core/Src/syscalls.o (__errno)
d:/appfile/microprocessor_microcontroller/stm32cubeide_1.7.0/stm32cubeide/plugins/com.st.stm32cube.ide.mcu.externaltools.gnu-tools-for-stm32.9-2020-q2-update.win32_2.0.0.202105311346/tools/bin/../lib/gcc/arm-none-eabi/9.3.1/../../../../arm-none-eabi/lib/thumb/v7-m/nofp\libc_nano.a(lib_a-exit.o)
                              d:/appfile/microprocessor_microcontroller/stm32cubeide_1.7.0/stm32cubeide/plugins/com.st.stm32cube.ide.mcu.externaltools.gnu-tools-for-stm32.9-2020-q2-update.win32_2.0.0.202105311346/tools/bin/../lib/gcc/arm-none-eabi/9.3.1/../../../../arm-none-eabi/lib/thumb/v7-m/nofp/crt0.o (exit)
d:/appfile/microprocessor_microcontroller/stm32cubeide_1.7.0/stm32cubeide/plugins/com.st.stm32cube.ide.mcu.externaltools.gnu-tools-for-stm32.9-2020-q2-update.win32_2.0.0.202105311346/tools/bin/../lib/gcc/arm-none-eabi/9.3.1/../../../../arm-none-eabi/lib/thumb/v7-m/nofp\libc_nano.a(lib_a-impure.o)
                              d:/appfile/microprocessor_microcontroller/stm32cubeide_1.7.0/stm32cubeide/plugins/com.st.stm32cube.ide.mcu.externaltools.gnu-tools-for-stm32.9-2020-q2-update.win32_2.0.0.202105311346/tools/bin/../lib/gcc/arm-none-eabi/9.3.1/../../../../arm-none-eabi/lib/thumb/v7-m/nofp\libc_nano.a(lib_a-exit.o) (_global_impure_ptr)
d:/appfile/microprocessor_microcontroller/stm32cubeide_1.7.0/stm32cubeide/plugins/com.st.stm32cube.ide.mcu.externaltools.gnu-tools-for-stm32.9-2020-q2-update.win32_2.0.0.202105311346/tools/bin/../lib/gcc/arm-none-eabi/9.3.1/../../../../arm-none-eabi/lib/thumb/v7-m/nofp\libc_nano.a(lib_a-init.o)
                              d:/appfile/microprocessor_microcontroller/stm32cubeide_1.7.0/stm32cubeide/plugins/com.st.stm32cube.ide.mcu.externaltools.gnu-tools-for-stm32.9-2020-q2-update.win32_2.0.0.202105311346/tools/bin/../lib/gcc/arm-none-eabi/9.3.1/../../../../arm-none-eabi/lib/thumb/v7-m/nofp/crt0.o (__libc_init_array)
d:/appfile/microprocessor_microcontroller/stm32cubeide_1.7.0/stm32cubeide/plugins/com.st.stm32cube.ide.mcu.externaltools.gnu-tools-for-stm32.9-2020-q2-update.win32_2.0.0.202105311346/tools/bin/../lib/gcc/arm-none-eabi/9.3.1/../../../../arm-none-eabi/lib/thumb/v7-m/nofp\libc_nano.a(lib_a-malloc.o)
                              ./Core/Src/scheduler.o (malloc)
d:/appfile/microprocessor_microcontroller/stm32cubeide_1.7.0/stm32cubeide/plugins/com.st.stm32cube.ide.mcu.externaltools.gnu-tools-for-stm32.9-2020-q2-update.win32_2.0.0.202105311346/tools/bin/../lib/gcc/arm-none-eabi/9.3.1/../../../../arm-none-eabi/lib/thumb/v7-m/nofp\libc_nano.a(lib_a-memset.o)
                              d:/appfile/microprocessor_microcontroller/stm32cubeide_1.7.0/stm32cubeide/plugins/com.st.stm32cube.ide.mcu.externaltools.gnu-tools-for-stm32.9-2020-q2-update.win32_2.0.0.202105311346/tools/bin/../lib/gcc/arm-none-eabi/9.3.1/../../../../arm-none-eabi/lib/thumb/v7-m/nofp/crt0.o (memset)
d:/appfile/microprocessor_microcontroller/stm32cubeide_1.7.0/stm32cubeide/plugins/com.st.stm32cube.ide.mcu.externaltools.gnu-tools-for-stm32.9-2020-q2-update.win32_2.0.0.202105311346/tools/bin/../lib/gcc/arm-none-eabi/9.3.1/../../../../arm-none-eabi/lib/thumb/v7-m/nofp\libc_nano.a(lib_a-nano-freer.o)
                              d:/appfile/microprocessor_microcontroller/stm32cubeide_1.7.0/stm32cubeide/plugins/com.st.stm32cube.ide.mcu.externaltools.gnu-tools-for-stm32.9-2020-q2-update.win32_2.0.0.202105311346/tools/bin/../lib/gcc/arm-none-eabi/9.3.1/../../../../arm-none-eabi/lib/thumb/v7-m/nofp\libc_nano.a(lib_a-malloc.o) (_free_r)
d:/appfile/microprocessor_microcontroller/stm32cubeide_1.7.0/stm32cubeide/plugins/com.st.stm32cube.ide.mcu.externaltools.gnu-tools-for-stm32.9-2020-q2-update.win32_2.0.0.202105311346/tools/bin/../lib/gcc/arm-none-eabi/9.3.1/../../../../arm-none-eabi/lib/thumb/v7-m/nofp\libc_nano.a(lib_a-nano-mallocr.o)
                              d:/appfile/microprocessor_microcontroller/stm32cubeide_1.7.0/stm32cubeide/plugins/com.st.stm32cube.ide.mcu.externaltools.gnu-tools-for-stm32.9-2020-q2-update.win32_2.0.0.202105311346/tools/bin/../lib/gcc/arm-none-eabi/9.3.1/../../../../arm-none-eabi/lib/thumb/v7-m/nofp\libc_nano.a(lib_a-malloc.o) (_malloc_r)
d:/appfile/microprocessor_microcontroller/stm32cubeide_1.7.0/stm32cubeide/plugins/com.st.stm32cube.ide.mcu.externaltools.gnu-tools-for-stm32.9-2020-q2-update.win32_2.0.0.202105311346/tools/bin/../lib/gcc/arm-none-eabi/9.3.1/../../../../arm-none-eabi/lib/thumb/v7-m/nofp\libc_nano.a(lib_a-sbrkr.o)
[...]
Memory Configuration

Name             Origin             Length             Attributes
RAM              0x0000000020000000 0x0000000000005000 xrw
FLASH            0x0000000008000000 0x0000000000020000 xr
*default*        0x0000000000000000 0xffffffffffffffff

Linker script and memory map

LOAD d:/appfile/microprocessor_microcontroller/stm32cubeide_1.7.0/stm32cubeide/plugins/com.st.stm32cube.ide.mcu.externaltools.gnu-tools-for-stm32.9-2020-q2-update.win32_2.0.0.202105311346/tools/bin/../lib/gcc/arm-none-eabi/9.3.1/thumb/v7-m/nofp/crti.o
LOAD d:/appfile/microprocessor_microcontroller/stm32cubeide_1.7.0/stm32cubeide/plugins/com.st.stm32cube.ide.mcu.externaltools.gnu-tools-for-stm32.9-2020-q2-update.win32_2.0.0.202105311346/tools/bin/../lib/gcc/arm-none-eabi/9.3.1/thumb/v7-m/nofp/crtbegin.o
LOAD d:/appfile/microprocessor_microcontroller/stm32cubeide_1.7.0/stm32cubeide/plugins/com.st.stm32cube.ide.mcu.externaltools.gnu-tools-for-stm32.9-2020-q2-update.win32_2.0.0.202105311346/tools/bin/../lib/gcc/arm-none-eabi/9.3.1/../../../../arm-none-eabi/lib/thumb/v7-m/nofp/crt0.o
LOAD ./Core/Src/fsm_automatic.o
LOAD ./Core/Src/fsm_config.o
LOAD ./Core/Src/fsm_manual.o
LOAD ./Core/Src/fsm_system.o
LOAD ./Core/Src/global.o
LOAD ./Core/Src/i2c-lcd.o
LOAD ./Core/Src/input_processing.o
LOAD ./Core/Src/input_reading.o
LOAD ./Core/Src/lcd_display.o
LOAD ./Core/Src/led_display.o
LOAD ./Core/Src/main.o
LOAD ./Core/Src/scheduler.o
LOAD ./Core/Src/software_timer.o
LOAD ./Core/Src/stm32f1xx_hal_msp.o
LOAD ./Core/Src/stm32f1xx_it.o
LOAD ./Core/Src/syscalls.o
LOAD ./Core/Src/sysmem.o
LOAD ./Core/Src/system_stm32f1xx.o
LOAD ./Core/Startup/startup_stm32f103rbtx.o
LOAD ./Drivers/STM32F1xx_HAL_Driver/Src/stm32f1xx_hal.o
LOAD ./Drivers/STM32F1xx_HAL_Driver/Src/stm32f1xx_hal_cortex.o
LOAD ./Drivers/STM32F1xx_HAL_Driver/Src/stm32f1xx_hal_dma.o
LOAD ./Drivers/STM32F1xx_HAL_Driver/Src/stm32f1xx_hal_exti.o
LOAD ./Drivers/STM32F1xx_HAL_Driver/Src/stm32f1xx_hal_flash.o
LOAD ./Drivers/STM32F1xx_HAL_Driver/Src/stm32f1xx_hal_flash_ex.o
LOAD ./Drivers/STM32F1xx_HAL_Driver/Src/stm32f1xx_hal_gpio.o
LOAD ./Drivers/STM32F1xx_HAL_Driver/Src/stm32f1xx_hal_gpio_ex.o
LOAD ./Drivers/STM32F1xx_HAL_Driver/Src/stm32f1xx_hal_i2c.o
LOAD ./Drivers/STM32F1xx_HAL_Driver/Src/stm32f1xx_hal_pwr.o
LOAD ./Drivers/STM32F1xx_HAL_Driver/Src/stm32f1xx_hal_rcc.o
LOAD ./Drivers/STM32F1xx_HAL_Driver/Src/stm32f1xx_hal_rcc_ex.o
LOAD ./Drivers/STM32F1xx_HAL_Driver/Src/stm32f1xx_hal_tim.o
LOAD ./Drivers/STM32F1xx_HAL_Driver/Src/stm32f1xx_hal_tim_ex.o
START GROUP
LOAD d:/appfile/microprocessor_microcontroller/stm32cubeide_1.7.0/stm32cubeide/plugins/com.st.stm32cube.ide.mcu.externaltools.gnu-tools-for-stm32.9-2020-q2-update.win32_2.0.0.202105311346/tools/bin/../lib/gcc/arm-none-eabi/9.3.1/../../../../arm-none-eabi/lib/thumb/v7-m/nofp\libc_nano.a
LOAD d:/appfile/microprocessor_microcontroller/stm32cubeide_1.7.0/stm32cubeide/plugins/com.st.stm32cube.ide.mcu.externaltools.gnu-tools-for-stm32.9-2020-q2-update.win32_2.0.0.202105311346/tools/bin/../lib/gcc/arm-none-eabi/9.3.1/../../../../arm-none-eabi/lib/thumb/v7-m/nofp\libm.a
END GROUP
START GROUP
LOAD d:/appfile/microprocessor_microcontroller/stm32cubeide_1.7.0/stm32cubeide/plugins/com.st.stm32cube.ide.mcu.externaltools.gnu-tools-for-stm32.9-2020-q2-update.win32_2.0.0.202105311346/tools/bin/../lib/gcc/arm-none-eabi/9.3.1/thumb/v7-m/nofp\libgcc.a
LOAD d:/appfile/microprocessor_microcontroller/stm32cubeide_1.7.0/stm32cubeide/plugins/com.st.stm32cube.ide.mcu.externaltools.gnu-tools-for-stm32.9-2020-q2-update.win32_2.0.0.202105311346/tools/bin/../lib/gcc/arm-none-eabi/9.3.1/../../../../arm-none-eabi/lib/thumb/v7-m/nofp\libc_nano.a
END GROUP
START GROUP
LOAD d:/appfile/microprocessor_microcontroller/stm32cubeide_1.7.0/stm32cubeide/plugins/com.st.stm32cube.ide.mcu.externaltools.gnu-tools-for-stm32.9-2020-q2-update.win32_2.0.0.202105311346/tools/bin/../lib/gcc/arm-none-eabi/9.3.1/thumb/v7-m/nofp\libgcc.a
LOAD d:/appfile/microprocessor_microcontroller/stm32cubeide_1.7.0/stm32cubeide/plugins/com.st.stm32cube.ide.mcu.externaltools.gnu-tools-for-stm32.9-2020-q2-update.win32_2.0.0.202105311346/tools/bin/../lib/gcc/arm-none-eabi/9.3.1/../../../../arm-none-eabi/lib/thumb/v7-m/nofp\libc_nano.a
LOAD d:/appfile/microprocessor_microcontroller/stm32cubeide_1.7.0/stm32cubeide/plugins/com.st.stm32cube.ide.mcu.externaltools.gnu-tools-for-stm32.9-2020-q2-update.win32_2.0.0.202105311346/tools/bin/../lib/gcc/arm-none-eabi/9.3.1/../../../../arm-none-eabi/lib/thumb/v7-m/nofp\libnosys.a
END GROUP
START GROUP
LOAD d:/appfile/microprocessor_microcontroller/stm32cubeide_1.7.0/stm32cubeide/plugins/com.st.stm32cube.ide.mcu.externaltools.gnu-tools-for-stm32.9-2020-q2-update.win32_2.0.0.202105311346/tools/bin/../lib/gcc/arm-none-eabi/9.3.1/thumb/v7-m/nofp\libgcc.a
LOAD d:/appfile/microprocessor_microcontroller/stm32cubeide_1.7.0/stm32cubeide/plugins/com.st.stm32cube.ide.mcu.externaltools.gnu-tools-for-stm32.9-2020-q2-update.win32_2.0.0.202105311346/tools/bin/../lib/gcc/arm-none-eabi/9.3.1/../../../../arm-none-eabi/lib/thumb/v7-m/nofp\libc_nano.a
LOAD d:/appfile/microprocessor_microcontroller/stm32cubeide_1.7.0/stm32cubeide/plugins/com.st.stm32cube.ide.mcu.externaltools.gnu-tools-for-stm32.9-2020-q2-update.win32_2.0.0.202105311346/tools/bin/../lib/gcc/arm-none-eabi/9.3.1/../../../../arm-none-eabi/lib/thumb/v7-m/nofp\libnosys.a
END GROUP
LOAD d:/appfile/microprocessor_microcontroller/stm32cubeide_1.7.0/stm32cubeide/plugins/com.st.stm32cube.ide.mcu.externaltools.gnu-tools-for-stm32.9-2020-q2-update.win32_2.0.0.202105311346/tools/bin/../lib/gcc/arm-none-eabi/9.3.1/thumb/v7-m/nofp/crtend.o
LOAD d:/appfile/microprocessor_microcontroller/stm32cubeide_1.7.0/stm32cubeide/plugins/com.st.stm32cube.ide.mcu.externaltools.gnu-tools-for-stm32.9-2020-q2-update.win32_2.0.0.202105311346/tools/bin/../lib/gcc/arm-none-eabi/9.3.1/thumb/v7-m/nofp/crtn.o
                0x0000000020005000                _estack = (ORIGIN (RAM) + LENGTH (RAM))
                0x0000000000000200                _Min_Heap_Size = 0x200
                0x0000000000000400                _Min_Stack_Size = 0x400

.isr_vector     0x0000000008000000      0x10c
                0x0000000008000000                . = ALIGN (0x4)
 *(.isr_vector)
 .isr_vector    0x0000000008000000      0x10c ./Core/Startup/startup_stm32f103rbtx.o
                0x0000000008000000                g_pfnVectors
                0x000000000800010c                . = ALIGN (0x4)

.text           0x000000000800010c     0x55d8
                0x000000000800010c                . = ALIGN (0x4)
 *(.text)
 .text          0x000000000800010c       0x40 d:/appfile/microprocessor_microcontroller/stm32cubeide_1.7.0/stm32cubeide/plugins/com.st.stm32cube.ide.mcu.externaltools.gnu-tools-for-stm32.9-2020-q2-update.win32_2.0.0.202105311346/tools/bin/../lib/gcc/arm-none-eabi/9.3.1/thumb/v7-m/nofp/crtbegin.o
 *(.text*)
 .text.fsm_automatic
                0x000000000800014c      0x29c ./Core/Src/fsm_automatic.o
                0x000000000800014c                fsm_automatic
 .text.fsm_config
                0x00000000080003e8       0x7c ./Core/Src/fsm_config.o
                0x00000000080003e8                fsm_config
 .text.set_red1_handler
                0x0000000008000464      0x168 ./Core/Src/fsm_config.o
                0x0000000008000464                set_red1_handler
 .text.set_yel1_handler
                0x00000000080005cc      0x168 ./Core/Src/fsm_config.o
                0x00000000080005cc                set_yel1_handler
 .text.set_gre1_handler
                0x0000000008000734      0x168 ./Core/Src/fsm_config.o
                0x0000000008000734                set_gre1_handler
 .text.set_red2_handler
                0x000000000800089c      0x228 ./Core/Src/fsm_config.o
                0x000000000800089c                set_red2_handler
 .text.set_yel2_handler
                0x0000000008000ac4      0x168 ./Core/Src/fsm_config.o
                0x0000000008000ac4                set_yel2_handler
 .text.set_gre2_handler
                0x0000000008000c2c      0x2b8 ./Core/Src/fsm_config.o
                0x0000000008000c2c                set_gre2_handler
 .text.err_syn_r2_handler
                0x0000000008000ee4      0x184 ./Core/Src/fsm_config.o
                0x0000000008000ee4                err_syn_r2_handler
 .text.err_syn_gy2_handler
                0x0000000008001068      0x1ec ./Core/Src/fsm_config.o
                0x0000000008001068                err_syn_gy2_handler
 .text.change_continuously_newtime
                0x0000000008001254       0x70 ./Core/Src/fsm_config.o
                0x0000000008001254                change_continuously_newtime
 .text.ERR_SYN_R2_to_SET_YEL2
                0x00000000080012c4       0xac ./Core/Src/fsm_config.o
                0x00000000080012c4                ERR_SYN_R2_to_SET_YEL2
 .text.ERR_SYN_GY2_to_AUTOMATIC_MODE
                0x0000000008001370      0x124 ./Core/Src/fsm_config.o
                0x0000000008001370                ERR_SYN_GY2_to_AUTOMATIC_MODE
 .text.fsm_manual
                0x0000000008001494       0xe0 ./Core/Src/fsm_manual.o
                0x0000000008001494                fsm_manual
 .text.fsm_system
                0x0000000008001574       0x40 ./Core/Src/fsm_system.o
                0x0000000008001574                fsm_system
 .text.init_handler
                0x00000000080015b4       0x40 ./Core/Src/fsm_system.o
                0x00000000080015b4                init_handler
 .text.auto_handler
                0x00000000080015f4       0xd0 ./Core/Src/fsm_system.o
                0x00000000080015f4                auto_handler
 .text.manual_handler
                0x00000000080016c4       0xb8 ./Core/Src/fsm_system.o
                0x00000000080016c4                manual_handler
 .text.lcd_send_cmd
                0x000000000800177c       0x60 ./Core/Src/i2c-lcd.o
                0x000000000800177c                lcd_send_cmd
 .text.lcd_send_data
                0x00000000080017dc       0x60 ./Core/Src/i2c-lcd.o
                0x00000000080017dc                lcd_send_data
 .text.lcd_init
                0x000000000800183c       0x5c ./Core/Src/i2c-lcd.o
                0x000000000800183c                lcd_init
 .text.lcd_send_string
                0x0000000008001898       0x2a ./Core/Src/i2c-lcd.o
                0x0000000008001898                lcd_send_string
 .text.lcd_clear_display
                0x00000000080018c2        0xe ./Core/Src/i2c-lcd.o
                0x00000000080018c2                lcd_clear_display
 .text.lcd_goto_XY
                0x00000000080018d0       0x44 ./Core/Src/i2c-lcd.o
                0x00000000080018d0                lcd_goto_XY
 .text.button_processing
                0x0000000008001914      0x154 ./Core/Src/input_processing.o
                0x0000000008001914                button_processing
 .text.single_press_handler
                0x0000000008001a68       0x20 ./Core/Src/input_processing.o
                0x0000000008001a68                single_press_handler
 .text.double_press_handler
                0x0000000008001a88       0x20 ./Core/Src/input_processing.o
                0x0000000008001a88                double_press_handler
 .text.continuously_press_handler
                0x0000000008001aa8       0x20 ./Core/Src/input_processing.o
                0x0000000008001aa8                continuously_press_handler
 .text.isSinglePressed
                0x0000000008001ac8       0x2c ./Core/Src/input_processing.o
                0x0000000008001ac8                isSinglePressed
 .text.isDoublePressed
                0x0000000008001af4       0x28 ./Core/Src/input_processing.o
                0x0000000008001af4                isDoublePressed
 .text.isContinuouslyPressed
                0x0000000008001b1c       0x28 ./Core/Src/input_processing.o
                0x0000000008001b1c                isContinuouslyPressed
 .text.resetButton
                0x0000000008001b44       0x4c ./Core/Src/input_processing.o
                0x0000000008001b44                resetButton
 .text.button_reading
                0x0000000008001b90      0x11c ./Core/Src/input_reading.o
                0x0000000008001b90                button_reading
 .text.is_button_pressed
                0x0000000008001cac       0x34 ./Core/Src/input_reading.o
                0x0000000008001cac                is_button_pressed
 .text.is_button_pressed_1s
                0x0000000008001ce0       0x34 ./Core/Src/input_reading.o
                0x0000000008001ce0                is_button_pressed_1s
 .text.display_init_mode
                0x0000000008001d14       0x30 ./Core/Src/lcd_display.o
                0x0000000008001d14                display_init_mode
 .text.display_set_config
                0x0000000008001d44      0x100 ./Core/Src/lcd_display.o
                0x0000000008001d44                display_set_config
 .text.display_err_config
                0x0000000008001e44       0xcc ./Core/Src/lcd_display.o
                0x0000000008001e44                display_err_config
 .text.display_value_confirmed
                0x0000000008001f10       0xf0 ./Core/Src/lcd_display.o
                0x0000000008001f10                display_value_confirmed
 .text.display_manual_mode
                0x0000000008002000       0x30 ./Core/Src/lcd_display.o
                0x0000000008002000                display_manual_mode
 .text.display_auto_mode
                0x0000000008002030      0x128 ./Core/Src/lcd_display.o
                0x0000000008002030                display_auto_mode
 .text.set_rgy1
                0x0000000008002158       0x88 ./Core/Src/led_display.o
                0x0000000008002158                set_rgy1
 .text.set_rgy2
                0x00000000080021e0       0x90 ./Core/Src/led_display.o
                0x00000000080021e0                set_rgy2
 .text.toggle_red1
                0x0000000008002270       0x1c ./Core/Src/led_display.o
                0x0000000008002270                toggle_red1
 .text.toggle_yel1
                0x000000000800228c       0x14 ./Core/Src/led_display.o
                0x000000000800228c                toggle_yel1
 .text.toggle_gre1
                0x00000000080022a0       0x14 ./Core/Src/led_display.o
                0x00000000080022a0                toggle_gre1
 .text.toggle_red2
                0x00000000080022b4       0x20 ./Core/Src/led_display.o
                0x00000000080022b4                toggle_red2
 .text.toggle_yel2
                0x00000000080022d4       0x18 ./Core/Src/led_display.o
                0x00000000080022d4                toggle_yel2
 .text.toggle_gre2
                0x00000000080022ec       0x14 ./Core/Src/led_display.o
                0x00000000080022ec                toggle_gre2
 .text.toggle_yel_gre
                0x0000000008002300       0x30 ./Core/Src/led_display.o
                0x0000000008002300                toggle_yel_gre
 .text.manual_red1_gre2
                0x0000000008002330       0x14 ./Core/Src/led_display.o
                0x0000000008002330                manual_red1_gre2
 .text.manual_red1_yel2
                0x0000000008002344       0x14 ./Core/Src/led_display.o
                0x0000000008002344                manual_red1_yel2
 .text.manual_gre1_red2
                0x0000000008002358       0x14 ./Core/Src/led_display.o
                0x0000000008002358                manual_gre1_red2
 .text.manual_yel1_red2
                0x000000000800236c       0x14 ./Core/Src/led_display.o
                0x000000000800236c                manual_yel1_red2
 .text.main     0x0000000008002380       0x84 ./Core/Src/main.o
                0x0000000008002380                main
 .text.SystemClock_Config
                0x0000000008002404       0x76 ./Core/Src/main.o
                0x0000000008002404                SystemClock_Config
 *fill*         0x000000000800247a        0x2 
 .text.MX_I2C1_Init
                0x000000000800247c       0x5c ./Core/Src/main.o
 .text.MX_TIM2_Init
                0x00000000080024d8       0x98 ./Core/Src/main.o
 .text.MX_GPIO_Init
                0x0000000008002570       0xd0 ./Core/Src/main.o
 .text.HAL_TIM_PeriodElapsedCallback
                0x0000000008002640       0x18 ./Core/Src/main.o
                0x0000000008002640                HAL_TIM_PeriodElapsedCallback
 .text.Error_Handler
                0x0000000008002658        0xa ./Core/Src/main.o
                0x0000000008002658                Error_Handler
 *fill*         0x0000000008002662        0x2 
 .text.SCH_Init
                0x0000000008002664       0x24 ./Core/Src/scheduler.o
                0x0000000008002664                SCH_Init
 .text.SCH_Add_Task
                0x0000000008002688       0xc4 ./Core/Src/scheduler.o
                0x0000000008002688                SCH_Add_Task
 .text.addAt    0x000000000800274c       0xdc ./Core/Src/scheduler.o
                0x000000000800274c                addAt
 .text.SCH_Delete_Task
                0x0000000008002828      0x104 ./Core/Src/scheduler.o
                0x0000000008002828                SCH_Delete_Task
 .text.SCH_Dispatch_Tasks
                0x000000000800292c       0xa0 ./Core/Src/scheduler.o
                0x000000000800292c                SCH_Dispatch_Tasks
 .text.SCH_Update
                0x00000000080029cc       0x68 ./Core/Src/scheduler.o
                0x00000000080029cc                SCH_Update
 .text.rearrange_ID
                0x0000000008002a34       0x3c ./Core/Src/scheduler.o
                0x0000000008002a34                rearrange_ID
 .text.SCH_Get_TaskID
                0x0000000008002a70       0x44 ./Core/Src/scheduler.o
                0x0000000008002a70                SCH_Get_TaskID
 .text.setTimer
                0x0000000008002ab4       0x40 ./Core/Src/software_timer.o
                0x0000000008002ab4                setTimer
 .text.timer_run
                0x0000000008002af4       0x70 ./Core/Src/software_timer.o
                0x0000000008002af4                timer_run
 .text.isFlag   0x0000000008002b64       0x2c ./Core/Src/software_timer.o
                0x0000000008002b64                isFlag
 .text.HAL_MspInit
                0x0000000008002b90       0x64 ./Core/Src/stm32f1xx_hal_msp.o
                0x0000000008002b90                HAL_MspInit
 .text.HAL_I2C_MspInit
                0x0000000008002bf4       0xa0 ./Core/Src/stm32f1xx_hal_msp.o
                0x0000000008002bf4                HAL_I2C_MspInit
 .text.HAL_TIM_Base_MspInit
                0x0000000008002c94       0x48 ./Core/Src/stm32f1xx_hal_msp.o
                0x0000000008002c94                HAL_TIM_Base_MspInit
 .text.NMI_Handler
                0x0000000008002cdc        0x6 ./Core/Src/stm32f1xx_it.o
                0x0000000008002cdc                NMI_Handler
 .text.HardFault_Handler
                0x0000000008002ce2        0x6 ./Core/Src/stm32f1xx_it.o
                0x0000000008002ce2                HardFault_Handler
 .text.MemManage_Handler
                0x0000000008002ce8        0x6 ./Core/Src/stm32f1xx_it.o
                0x0000000008002ce8                MemManage_Handler
 .text.BusFault_Handler
                0x0000000008002cee        0x6 ./Core/Src/stm32f1xx_it.o
                0x0000000008002cee                BusFault_Handler
 .text.UsageFault_Handler
                0x0000000008002cf4        0x6 ./Core/Src/stm32f1xx_it.o
                0x0000000008002cf4                UsageFault_Handler
 .text.SVC_Handler
                0x0000000008002cfa        0xc ./Core/Src/stm32f1xx_it.o
                0x0000000008002cfa                SVC_Handler
 .text.DebugMon_Handler
                0x0000000008002d06        0xc ./Core/Src/stm32f1xx_it.o
                0x0000000008002d06                DebugMon_Handler
 .text.PendSV_Handler
                0x0000000008002d12        0xc ./Core/Src/stm32f1xx_it.o
                0x0000000008002d12                PendSV_Handler
 .text.SysTick_Handler
                0x0000000008002d1e        0xc ./Core/Src/stm32f1xx_it.o
                0x0000000008002d1e                SysTick_Handler
 *fill*         0x0000000008002d2a        0x2 
 .text.TIM2_IRQHandler
                0x0000000008002d2c       0x14 ./Core/Src/stm32f1xx_it.o
                0x0000000008002d2c                TIM2_IRQHandler
 .text._sbrk    0x0000000008002d40       0x6c ./Core/Src/sysmem.o
                0x0000000008002d40                _sbrk
 .text.SystemInit
                0x0000000008002dac        0xc ./Core/Src/system_stm32f1xx.o
                0x0000000008002dac                SystemInit
 .text.Reset_Handler
                0x0000000008002db8       0x48 ./Core/Startup/startup_stm32f103rbtx.o
                0x0000000008002db8                Reset_Handler
 .text.Default_Handler
                0x0000000008002e00        0x2 ./Core/Startup/startup_stm32f103rbtx.o
                0x0000000008002e00                RTC_Alarm_IRQHandler
                0x0000000008002e00                EXTI2_IRQHandler
                0x0000000008002e00                TIM1_CC_IRQHandler
                0x0000000008002e00                PVD_IRQHandler
                0x0000000008002e00                EXTI3_IRQHandler
                0x0000000008002e00                EXTI0_IRQHandler
                0x0000000008002e00                I2C2_EV_IRQHandler
                0x0000000008002e00                ADC1_2_IRQHandler
                0x0000000008002e00                SPI1_IRQHandler
                0x0000000008002e00                TAMPER_IRQHandler
                0x0000000008002e00                DMA1_Channel4_IRQHandler
                0x0000000008002e00                USART3_IRQHandler
                0x0000000008002e00                RTC_IRQHandler
                0x0000000008002e00                DMA1_Channel7_IRQHandler
                0x0000000008002e00                CAN1_RX1_IRQHandler
                0x0000000008002e00                TIM4_IRQHandler
                0x0000000008002e00                I2C1_EV_IRQHandler
                0x0000000008002e00                DMA1_Channel6_IRQHandler
                0x0000000008002e00                TIM3_IRQHandler
                0x0000000008002e00                RCC_IRQHandler
                0x0000000008002e00                TIM1_TRG_COM_IRQHandler
                0x0000000008002e00                DMA1_Channel1_IRQHandler
                0x0000000008002e00                Default_Handler
                0x0000000008002e00                EXTI15_10_IRQHandler
                0x0000000008002e00                EXTI9_5_IRQHandler
                0x0000000008002e00                SPI2_IRQHandler
                0x0000000008002e00                DMA1_Channel5_IRQHandler
                0x0000000008002e00                EXTI4_IRQHandler
                0x0000000008002e00                USB_LP_CAN1_RX0_IRQHandler
                0x0000000008002e00                USB_HP_CAN1_TX_IRQHandler
                0x0000000008002e00                DMA1_Channel3_IRQHandler
                0x0000000008002e00                TIM1_UP_IRQHandler
                0x0000000008002e00                WWDG_IRQHandler
                0x0000000008002e00                TIM1_BRK_IRQHandler
                0x0000000008002e00                EXTI1_IRQHandler
                0x0000000008002e00                USART2_IRQHandler
                0x0000000008002e00                I2C2_ER_IRQHandler
                0x0000000008002e00                DMA1_Channel2_IRQHandler
                0x0000000008002e00                CAN1_SCE_IRQHandler
                0x0000000008002e00                FLASH_IRQHandler
                0x0000000008002e00                USART1_IRQHandler
                0x0000000008002e00                I2C1_ER_IRQHandler
                0x0000000008002e00                USBWakeUp_IRQHandler
 *fill*         0x0000000008002e02        0x2 
 .text.HAL_Init
                0x0000000008002e04       0x2c ./Drivers/STM32F1xx_HAL_Driver/Src/stm32f1xx_hal.o
                0x0000000008002e04                HAL_Init
 .text.HAL_InitTick
                0x0000000008002e30       0x60 ./Drivers/STM32F1xx_HAL_Driver/Src/stm32f1xx_hal.o
                0x0000000008002e30                HAL_InitTick
 .text.HAL_IncTick
                0x0000000008002e90       0x24 ./Drivers/STM32F1xx_HAL_Driver/Src/stm32f1xx_hal.o
                0x0000000008002e90                HAL_IncTick
 .text.HAL_GetTick
                0x0000000008002eb4       0x14 ./Drivers/STM32F1xx_HAL_Driver/Src/stm32f1xx_hal.o
                0x0000000008002eb4                HAL_GetTick
 .text.HAL_Delay
                0x0000000008002ec8       0x48 ./Drivers/STM32F1xx_HAL_Driver/Src/stm32f1xx_hal.o
                0x0000000008002ec8                HAL_Delay
 .text.__NVIC_SetPriorityGrouping
                0x0000000008002f10       0x48 ./Drivers/STM32F1xx_HAL_Driver/Src/stm32f1xx_hal_cortex.o
 .text.__NVIC_GetPriorityGrouping
                0x0000000008002f58       0x1c ./Drivers/STM32F1xx_HAL_Driver/Src/stm32f1xx_hal_cortex.o
 .text.__NVIC_EnableIRQ
                0x0000000008002f74       0x38 ./Drivers/STM32F1xx_HAL_Driver/Src/stm32f1xx_hal_cortex.o
 .text.__NVIC_SetPriority
                0x0000000008002fac       0x54 ./Drivers/STM32F1xx_HAL_Driver/Src/stm32f1xx_hal_cortex.o
 .text.NVIC_EncodePriority
                0x0000000008003000       0x64 ./Drivers/STM32F1xx_HAL_Driver/Src/stm32f1xx_hal_cortex.o
 .text.SysTick_Config
                0x0000000008003064       0x44 ./Drivers/STM32F1xx_HAL_Driver/Src/stm32f1xx_hal_cortex.o
 .text.HAL_NVIC_SetPriorityGrouping
                0x00000000080030a8       0x16 ./Drivers/STM32F1xx_HAL_Driver/Src/stm32f1xx_hal_cortex.o
                0x00000000080030a8                HAL_NVIC_SetPriorityGrouping
 .text.HAL_NVIC_SetPriority
                0x00000000080030be       0x38 ./Drivers/STM32F1xx_HAL_Driver/Src/stm32f1xx_hal_cortex.o
                0x00000000080030be                HAL_NVIC_SetPriority
 .text.HAL_NVIC_EnableIRQ
                0x00000000080030f6       0x1c ./Drivers/STM32F1xx_HAL_Driver/Src/stm32f1xx_hal_cortex.o
                0x00000000080030f6                HAL_NVIC_EnableIRQ
 .text.HAL_SYSTICK_Config
                0x0000000008003112       0x18 ./Drivers/STM32F1xx_HAL_Driver/Src/stm32f1xx_hal_cortex.o
                0x0000000008003112                HAL_SYSTICK_Config
 *fill*         0x000000000800312a        0x2 
 .text.HAL_GPIO_Init
                0x000000000800312c      0x308 ./Drivers/STM32F1xx_HAL_Driver/Src/stm32f1xx_hal_gpio.o
                0x000000000800312c                HAL_GPIO_Init
 .text.HAL_GPIO_ReadPin
                0x0000000008003434       0x2e ./Drivers/STM32F1xx_HAL_Driver/Src/stm32f1xx_hal_gpio.o
                0x0000000008003434                HAL_GPIO_ReadPin
 .text.HAL_GPIO_WritePin
                0x0000000008003462       0x30 ./Drivers/STM32F1xx_HAL_Driver/Src/stm32f1xx_hal_gpio.o
                0x0000000008003462                HAL_GPIO_WritePin
 .text.HAL_GPIO_TogglePin
                0x0000000008003492       0x32 ./Drivers/STM32F1xx_HAL_Driver/Src/stm32f1xx_hal_gpio.o
                0x0000000008003492                HAL_GPIO_TogglePin
 .text.HAL_I2C_Init
                0x00000000080034c4      0x288 ./Drivers/STM32F1xx_HAL_Driver/Src/stm32f1xx_hal_i2c.o
                0x00000000080034c4                HAL_I2C_Init
 .text.HAL_I2C_Master_Transmit
                0x000000000800374c      0x1fc ./Drivers/STM32F1xx_HAL_Driver/Src/stm32f1xx_hal_i2c.o
                0x000000000800374c                HAL_I2C_Master_Transmit
 .text.I2C_MasterRequestWrite
                0x0000000008003948      0x104 ./Drivers/STM32F1xx_HAL_Driver/Src/stm32f1xx_hal_i2c.o
 .text.I2C_WaitOnFlagUntilTimeout
                0x0000000008003a4c       0xf4 ./Drivers/STM32F1xx_HAL_Driver/Src/stm32f1xx_hal_i2c.o
 .text.I2C_WaitOnMasterAddressFlagUntilTimeout
                0x0000000008003b40      0x140 ./Drivers/STM32F1xx_HAL_Driver/Src/stm32f1xx_hal_i2c.o
 .text.I2C_WaitOnTXEFlagUntilTimeout
                0x0000000008003c80       0x90 ./Drivers/STM32F1xx_HAL_Driver/Src/stm32f1xx_hal_i2c.o
 .text.I2C_WaitOnBTFFlagUntilTimeout
                0x0000000008003d10       0x90 ./Drivers/STM32F1xx_HAL_Driver/Src/stm32f1xx_hal_i2c.o
 .text.I2C_IsAcknowledgeFailed
                0x0000000008003da0       0x5c ./Drivers/STM32F1xx_HAL_Driver/Src/stm32f1xx_hal_i2c.o
 .text.HAL_RCC_OscConfig
                0x0000000008003dfc      0x500 ./Drivers/STM32F1xx_HAL_Driver/Src/stm32f1xx_hal_rcc.o
                0x0000000008003dfc                HAL_RCC_OscConfig
 .text.HAL_RCC_ClockConfig
                0x00000000080042fc      0x1d4 ./Drivers/STM32F1xx_HAL_Driver/Src/stm32f1xx_hal_rcc.o
                0x00000000080042fc                HAL_RCC_ClockConfig
 .text.HAL_RCC_GetSysClockFreq
                0x00000000080044d0       0xa8 ./Drivers/STM32F1xx_HAL_Driver/Src/stm32f1xx_hal_rcc.o
                0x00000000080044d0                HAL_RCC_GetSysClockFreq
 .text.HAL_RCC_GetHCLKFreq
                0x0000000008004578       0x14 ./Drivers/STM32F1xx_HAL_Driver/Src/stm32f1xx_hal_rcc.o
                0x0000000008004578                HAL_RCC_GetHCLKFreq
 .text.HAL_RCC_GetPCLK1Freq
                0x000000000800458c       0x28 ./Drivers/STM32F1xx_HAL_Driver/Src/stm32f1xx_hal_rcc.o
                0x000000000800458c                HAL_RCC_GetPCLK1Freq
 .text.RCC_Delay
                0x00000000080045b4       0x3c ./Drivers/STM32F1xx_HAL_Driver/Src/stm32f1xx_hal_rcc.o
 .text.HAL_TIM_Base_Init
                0x00000000080045f0       0x9e ./Drivers/STM32F1xx_HAL_Driver/Src/stm32f1xx_hal_tim.o
                0x00000000080045f0                HAL_TIM_Base_Init
 *fill*         0x000000000800468e        0x2 
 .text.HAL_TIM_Base_Start_IT
                0x0000000008004690       0xa4 ./Drivers/STM32F1xx_HAL_Driver/Src/stm32f1xx_hal_tim.o
                0x0000000008004690                HAL_TIM_Base_Start_IT
 .text.HAL_TIM_IRQHandler
                0x0000000008004734      0x1e0 ./Drivers/STM32F1xx_HAL_Driver/Src/stm32f1xx_hal_tim.o
                0x0000000008004734                HAL_TIM_IRQHandler
 .text.HAL_TIM_ConfigClockSource
                0x0000000008004914      0x18e ./Drivers/STM32F1xx_HAL_Driver/Src/stm32f1xx_hal_tim.o
                0x0000000008004914                HAL_TIM_ConfigClockSource
 .text.HAL_TIM_OC_DelayElapsedCallback
                0x0000000008004aa2       0x12 ./Drivers/STM32F1xx_HAL_Driver/Src/stm32f1xx_hal_tim.o
                0x0000000008004aa2                HAL_TIM_OC_DelayElapsedCallback
 .text.HAL_TIM_IC_CaptureCallback
                0x0000000008004ab4       0x12 ./Drivers/STM32F1xx_HAL_Driver/Src/stm32f1xx_hal_tim.o
                0x0000000008004ab4                HAL_TIM_IC_CaptureCallback
 .text.HAL_TIM_PWM_PulseFinishedCallback
                0x0000000008004ac6       0x12 ./Drivers/STM32F1xx_HAL_Driver/Src/stm32f1xx_hal_tim.o
                0x0000000008004ac6                HAL_TIM_PWM_PulseFinishedCallback
 .text.HAL_TIM_TriggerCallback
                0x0000000008004ad8       0x12 ./Drivers/STM32F1xx_HAL_Driver/Src/stm32f1xx_hal_tim.o
                0x0000000008004ad8                HAL_TIM_TriggerCallback
 *fill*         0x0000000008004aea        0x2 
 .text.TIM_Base_SetConfig
                0x0000000008004aec       0xdc ./Drivers/STM32F1xx_HAL_Driver/Src/stm32f1xx_hal_tim.o
                0x0000000008004aec                TIM_Base_SetConfig
 .text.TIM_TI1_ConfigInputStage
                0x0000000008004bc8       0x5c ./Drivers/STM32F1xx_HAL_Driver/Src/stm32f1xx_hal_tim.o
 .text.TIM_TI2_ConfigInputStage
                0x0000000008004c24       0x5e ./Drivers/STM32F1xx_HAL_Driver/Src/stm32f1xx_hal_tim.o
 .text.TIM_ITRx_SetConfig
                0x0000000008004c82       0x34 ./Drivers/STM32F1xx_HAL_Driver/Src/stm32f1xx_hal_tim.o
 .text.TIM_ETR_SetConfig
                0x0000000008004cb6       0x3e ./Drivers/STM32F1xx_HAL_Driver/Src/stm32f1xx_hal_tim.o
                0x0000000008004cb6                TIM_ETR_SetConfig
 .text.HAL_TIMEx_MasterConfigSynchronization
                0x0000000008004cf4       0xbc ./Drivers/STM32F1xx_HAL_Driver/Src/stm32f1xx_hal_tim_ex.o
                0x0000000008004cf4                HAL_TIMEx_MasterConfigSynchronization
 .text.HAL_TIMEx_CommutCallback
                0x0000000008004db0       0x12 ./Drivers/STM32F1xx_HAL_Driver/Src/stm32f1xx_hal_tim_ex.o
                0x0000000008004db0                HAL_TIMEx_CommutCallback
 .text.HAL_TIMEx_BreakCallback
                0x0000000008004dc2       0x12 ./Drivers/STM32F1xx_HAL_Driver/Src/stm32f1xx_hal_tim_ex.o
                0x0000000008004dc2                HAL_TIMEx_BreakCallback
 .text.__errno  0x0000000008004dd4        0xc d:/appfile/microprocessor_microcontroller/stm32cubeide_1.7.0/stm32cubeide/plugins/com.st.stm32cube.ide.mcu.externaltools.gnu-tools-for-stm32.9-2020-q2-update.win32_2.0.0.202105311346/tools/bin/../lib/gcc/arm-none-eabi/9.3.1/../../../../arm-none-eabi/lib/thumb/v7-m/nofp\libc_nano.a(lib_a-errno.o)
                0x0000000008004dd4                __errno
 .text.__libc_init_array
                0x0000000008004de0       0x48 d:/appfile/microprocessor_microcontroller/stm32cubeide_1.7.0/stm32cubeide/plugins/com.st.stm32cube.ide.mcu.externaltools.gnu-tools-for-stm32.9-2020-q2-update.win32_2.0.0.202105311346/tools/bin/../lib/gcc/arm-none-eabi/9.3.1/../../../../arm-none-eabi/lib/thumb/v7-m/nofp\libc_nano.a(lib_a-init.o)
                0x0000000008004de0                __libc_init_array
 .text.malloc   0x0000000008004e28       0x10 d:/appfile/microprocessor_microcontroller/stm32cubeide_1.7.0/stm32cubeide/plugins/com.st.stm32cube.ide.mcu.externaltools.gnu-tools-for-stm32.9-2020-q2-update.win32_2.0.0.202105311346/tools/bin/../lib/gcc/arm-none-eabi/9.3.1/../../../../arm-none-eabi/lib/thumb/v7-m/nofp\libc_nano.a(lib_a-malloc.o)
                0x0000000008004e28                malloc
 .text.free     0x0000000008004e38       0x10 d:/appfile/microprocessor_microcontroller/stm32cubeide_1.7.0/stm32cubeide/plugins/com.st.stm32cube.ide.mcu.externaltools.gnu-tools-for-stm32.9-2020-q2-update.win32_2.0.0.202105311346/tools/bin/../lib/gcc/arm-none-eabi/9.3.1/../../../../arm-none-eabi/lib/thumb/v7-m/nofp\libc_nano.a(lib_a-malloc.o)
                0x0000000008004e38                free
 .text.memset   0x0000000008004e48       0x10 d:/appfile/microprocessor_microcontroller/stm32cubeide_1.7.0/stm32cubeide/plugins/com.st.stm32cube.ide.mcu.externaltools.gnu-tools-for-stm32.9-2020-q2-update.win32_2.0.0.202105311346/tools/bin/../lib/gcc/arm-none-eabi/9.3.1/../../../../arm-none-eabi/lib/thumb/v7-m/nofp\libc_nano.a(lib_a-memset.o)
                0x0000000008004e48                memset
 .text._free_r  0x0000000008004e58       0x98 d:/appfile/microprocessor_microcontroller/stm32cubeide_1.7.0/stm32cubeide/plugins/com.st.stm32cube.ide.mcu.externaltools.gnu-tools-for-stm32.9-2020-q2-update.win32_2.0.0.202105311346/tools/bin/../lib/gcc/arm-none-eabi/9.3.1/../../../../arm-none-eabi/lib/thumb/v7-m/nofp\libc_nano.a(lib_a-nano-freer.o)
                0x0000000008004e58                _free_r
 .text._malloc_r
                0x0000000008004ef0       0xb4 d:/appfile/microprocessor_microcontroller/stm32cubeide_1.7.0/stm32cubeide/plugins/com.st.stm32cube.ide.mcu.externaltools.gnu-tools-for-stm32.9-2020-q2-update.win32_2.0.0.202105311346/tools/bin/../lib/gcc/arm-none-eabi/9.3.1/../../../../arm-none-eabi/lib/thumb/v7-m/nofp\libc_nano.a(lib_a-nano-mallocr.o)
                0x0000000008004ef0                _malloc_r
 .text._sbrk_r  0x0000000008004fa4       0x20 d:/appfile/microprocessor_microcontroller/stm32cubeide_1.7.0/stm32cubeide/plugins/com.st.stm32cube.ide.mcu.externaltools.gnu-tools-for-stm32.9-2020-q2-update.win32_2.0.0.202105311346/tools/bin/../lib/gcc/arm-none-eabi/9.3.1/../../../../arm-none-eabi/lib/thumb/v7-m/nofp\libc_nano.a(lib_a-sbrkr.o)
                0x0000000008004fa4                _sbrk_r
 .text.sprintf  0x0000000008004fc4       0x40 d:/appfile/microprocessor_microcontroller/stm32cubeide_1.7.0/stm32cubeide/plugins/com.st.stm32cube.ide.mcu.externaltools.gnu-tools-for-stm32.9-2020-q2-update.win32_2.0.0.202105311346/tools/bin/../lib/gcc/arm-none-eabi/9.3.1/../../../../arm-none-eabi/lib/thumb/v7-m/nofp\libc_nano.a(lib_a-sprintf.o)
                0x0000000008004fc4                siprintf
                0x0000000008004fc4                sprintf
 .text.__malloc_lock
                0x0000000008005004        0xc d:/appfile/microprocessor_microcontroller/stm32cubeide_1.7.0/stm32cubeide/plugins/com.st.stm32cube.ide.mcu.externaltools.gnu-tools-for-stm32.9-2020-q2-update.win32_2.0.0.202105311346/tools/bin/../lib/gcc/arm-none-eabi/9.3.1/../../../../arm-none-eabi/lib/thumb/v7-m/nofp\libc_nano.a(lib_a-mlock.o)
                0x0000000008005004                __malloc_lock
 .text.__malloc_unlock
                0x0000000008005010        0xc d:/appfile/microprocessor_microcontroller/stm32cubeide_1.7.0/stm32cubeide/plugins/com.st.stm32cube.ide.mcu.externaltools.gnu-tools-for-stm32.9-2020-q2-update.win32_2.0.0.202105311346/tools/bin/../lib/gcc/arm-none-eabi/9.3.1/../../../../arm-none-eabi/lib/thumb/v7-m/nofp\libc_nano.a(lib_a-mlock.o)
                0x0000000008005010                __malloc_unlock
 .text.__ssputs_r
                0x000000000800501c       0xb6 d:/appfile/microprocessor_microcontroller/stm32cubeide_1.7.0/stm32cubeide/plugins/com.st.stm32cube.ide.mcu.externaltools.gnu-tools-for-stm32.9-2020-q2-update.win32_2.0.0.202105311346/tools/bin/../lib/gcc/arm-none-eabi/9.3.1/../../../../arm-none-eabi/lib/thumb/v7-m/nofp\libc_nano.a(lib_a-nano-svfprintf.o)
                0x000000000800501c                __ssputs_r
 *fill*         0x00000000080050d2        0x2 
 .text._svfprintf_r
                0x00000000080050d4      0x200 d:/appfile/microprocessor_microcontroller/stm32cubeide_1.7.0/stm32cubeide/plugins/com.st.stm32cube.ide.mcu.externaltools.gnu-tools-for-stm32.9-2020-q2-update.win32_2.0.0.202105311346/tools/bin/../lib/gcc/arm-none-eabi/9.3.1/../../../../arm-none-eabi/lib/thumb/v7-m/nofp\libc_nano.a(lib_a-nano-svfprintf.o)
                0x00000000080050d4                _svfiprintf_r
                0x00000000080050d4                _svfprintf_r
 .text._printf_common
                0x00000000080052d4       0xde d:/appfile/microprocessor_microcontroller/stm32cubeide_1.7.0/stm32cubeide/plugins/com.st.stm32cube.ide.mcu.externaltools.gnu-tools-for-stm32.9-2020-q2-update.win32_2.0.0.202105311346/tools/bin/../lib/gcc/arm-none-eabi/9.3.1/../../../../arm-none-eabi/lib/thumb/v7-m/nofp\libc_nano.a(lib_a-nano-vfprintf_i.o)
                0x00000000080052d4                _printf_common
 *fill*         0x00000000080053b2        0x2 
 .text._printf_i
                0x00000000080053b4      0x24c d:/appfile/microprocessor_microcontroller/stm32cubeide_1.7.0/stm32cubeide/plugins/com.st.stm32cube.ide.mcu.externaltools.gnu-tools-for-stm32.9-2020-q2-update.win32_2.0.0.202105311346/tools/bin/../lib/gcc/arm-none-eabi/9.3.1/../../../../arm-none-eabi/lib/thumb/v7-m/nofp\libc_nano.a(lib_a-nano-vfprintf_i.o)
                0x00000000080053b4                _printf_i
 .text.__retarget_lock_acquire_recursive
                0x0000000008005600        0x2 d:/appfile/microprocessor_microcontroller/stm32cubeide_1.7.0/stm32cubeide/plugins/com.st.stm32cube.ide.mcu.externaltools.gnu-tools-for-stm32.9-2020-q2-update.win32_2.0.0.202105311346/tools/bin/../lib/gcc/arm-none-eabi/9.3.1/../../../../arm-none-eabi/lib/thumb/v7-m/nofp\libc_nano.a(lib_a-lock.o)
                0x0000000008005600                __retarget_lock_acquire_recursive
 .text.__retarget_lock_release_recursive
                0x0000000008005602        0x2 d:/appfile/microprocessor_microcontroller/stm32cubeide_1.7.0/stm32cubeide/plugins/com.st.stm32cube.ide.mcu.externaltools.gnu-tools-for-stm32.9-2020-q2-update.win32_2.0.0.202105311346/tools/bin/../lib/gcc/arm-none-eabi/9.3.1/../../../../arm-none-eabi/lib/thumb/v7-m/nofp\libc_nano.a(lib_a-lock.o)
                0x0000000008005602                __retarget_lock_release_recursive
 .text.memchr   0x0000000008005604       0x1c d:/appfile/microprocessor_microcontroller/stm32cubeide_1.7.0/stm32cubeide/plugins/com.st.stm32cube.ide.mcu.externaltools.gnu-tools-for-stm32.9-2020-q2-update.win32_2.0.0.202105311346/tools/bin/../lib/gcc/arm-none-eabi/9.3.1/../../../../arm-none-eabi/lib/thumb/v7-m/nofp\libc_nano.a(lib_a-memchr-stub.o)
                0x0000000008005604                memchr
 .text.memcpy   0x0000000008005620       0x1c d:/appfile/microprocessor_microcontroller/stm32cubeide_1.7.0/stm32cubeide/plugins/com.st.stm32cube.ide.mcu.externaltools.gnu-tools-for-stm32.9-2020-q2-update.win32_2.0.0.202105311346/tools/bin/../lib/gcc/arm-none-eabi/9.3.1/../../../../arm-none-eabi/lib/thumb/v7-m/nofp\libc_nano.a(lib_a-memcpy-stub.o)
                0x0000000008005620                memcpy
 .text.memmove  0x000000000800563c       0x34 d:/appfile/microprocessor_microcontroller/stm32cubeide_1.7.0/stm32cubeide/plugins/com.st.stm32cube.ide.mcu.externaltools.gnu-tools-for-stm32.9-2020-q2-update.win32_2.0.0.202105311346/tools/bin/../lib/gcc/arm-none-eabi/9.3.1/../../../../arm-none-eabi/lib/thumb/v7-m/nofp\libc_nano.a(lib_a-memmove.o)
                0x000000000800563c                memmove
 .text._realloc_r
                0x0000000008005670       0x4c d:/appfile/microprocessor_microcontroller/stm32cubeide_1.7.0/stm32cubeide/plugins/com.st.stm32cube.ide.mcu.externaltools.gnu-tools-for-stm32.9-2020-q2-update.win32_2.0.0.202105311346/tools/bin/../lib/gcc/arm-none-eabi/9.3.1/../../../../arm-none-eabi/lib/thumb/v7-m/nofp\libc_nano.a(lib_a-nano-reallocr.o)
                0x0000000008005670                _realloc_r
 .text._malloc_usable_size_r
                0x00000000080056bc       0x10 d:/appfile/microprocessor_microcontroller/stm32cubeide_1.7.0/stm32cubeide/plugins/com.st.stm32cube.ide.mcu.externaltools.gnu-tools-for-stm32.9-2020-q2-update.win32_2.0.0.202105311346/tools/bin/../lib/gcc/arm-none-eabi/9.3.1/../../../../arm-none-eabi/lib/thumb/v7-m/nofp\libc_nano.a(lib_a-nano-msizer.o)
                0x00000000080056bc                _malloc_usable_size_r
 *(.glue_7)
 .glue_7        0x00000000080056cc        0x0 linker stubs
 *(.glue_7t)
 .glue_7t       0x00000000080056cc        0x0 linker stubs
 *(.eh_frame)
 .eh_frame      0x00000000080056cc        0x0 d:/appfile/microprocessor_microcontroller/stm32cubeide_1.7.0/stm32cubeide/plugins/com.st.stm32cube.ide.mcu.externaltools.gnu-tools-for-stm32.9-2020-q2-update.win32_2.0.0.202105311346/tools/bin/../lib/gcc/arm-none-eabi/9.3.1/thumb/v7-m/nofp/crtbegin.o
 *(.init)
 .init          0x00000000080056cc        0x4 d:/appfile/microprocessor_microcontroller/stm32cubeide_1.7.0/stm32cubeide/plugins/com.st.stm32cube.ide.mcu.externaltools.gnu-tools-for-stm32.9-2020-q2-update.win32_2.0.0.202105311346/tools/bin/../lib/gcc/arm-none-eabi/9.3.1/thumb/v7-m/nofp/crti.o
                0x00000000080056cc                _init
 .init          0x00000000080056d0        0x8 d:/appfile/microprocessor_microcontroller/stm32cubeide_1.7.0/stm32cubeide/plugins/com.st.stm32cube.ide.mcu.externaltools.gnu-tools-for-stm32.9-2020-q2-update.win32_2.0.0.202105311346/tools/bin/../lib/gcc/arm-none-eabi/9.3.1/thumb/v7-m/nofp/crtn.o
 *(.fini)
 .fini          0x00000000080056d8        0x4 d:/appfile/microprocessor_microcontroller/stm32cubeide_1.7.0/stm32cubeide/plugins/com.st.stm32cube.ide.mcu.externaltools.gnu-tools-for-stm32.9-2020-q2-update.win32_2.0.0.202105311346/tools/bin/../lib/gcc/arm-none-eabi/9.3.1/thumb/v7-m/nofp/crti.o
                0x00000000080056d8                _fini
 .fini          0x00000000080056dc        0x8 d:/appfile/microprocessor_microcontroller/stm32cubeide_1.7.0/stm32cubeide/plugins/com.st.stm32cube.ide.mcu.externaltools.gnu-tools-for-stm32.9-2020-q2-update.win32_2.0.0.202105311346/tools/bin/../lib/gcc/arm-none-eabi/9.3.1/thumb/v7-m/nofp/crtn.o
                0x00000000080056e4                . = ALIGN (0x4)
                0x00000000080056e4                _etext = .

.vfp11_veneer   0x00000000080056e4        0x0
 .vfp11_veneer  0x00000000080056e4        0x0 linker stubs

.v4_bx          0x00000000080056e4        0x0
 .v4_bx         0x00000000080056e4        0x0 linker stubs

.iplt           0x00000000080056e4        0x0
 .iplt          0x00000000080056e4        0x0 d:/appfile/microprocessor_microcontroller/stm32cubeide_1.7.0/stm32cubeide/plugins/com.st.stm32cube.ide.mcu.externaltools.gnu-tools-for-stm32.9-2020-q2-update.win32_2.0.0.202105311346/tools/bin/../lib/gcc/arm-none-eabi/9.3.1/thumb/v7-m/nofp/crtbegin.o

.rodata         0x00000000080056e4      0x1bc
                0x00000000080056e4                . = ALIGN (0x4)
 *(.rodata)
 .rodata        0x00000000080056e4      0x15a ./Core/Src/lcd_display.o
 *(.rodata*)
 *fill*         0x000000000800583e        0x2 
 .rodata.AHBPrescTable
                0x0000000008005840       0x10 ./Core/Src/system_stm32f1xx.o
                0x0000000008005840                AHBPrescTable
 .rodata.APBPrescTable
                0x0000000008005850        0x8 ./Core/Src/system_stm32f1xx.o
                0x0000000008005850                APBPrescTable
 .rodata.aPLLMULFactorTable.6283
                0x0000000008005858       0x10 ./Drivers/STM32F1xx_HAL_Driver/Src/stm32f1xx_hal_rcc.o
 .rodata.aPredivFactorTable.6284
                0x0000000008005868        0x2 ./Drivers/STM32F1xx_HAL_Driver/Src/stm32f1xx_hal_rcc.o
 .rodata._svfprintf_r.str1.1
                0x000000000800586a       0x11 d:/appfile/microprocessor_microcontroller/stm32cubeide_1.7.0/stm32cubeide/plugins/com.st.stm32cube.ide.mcu.externaltools.gnu-tools-for-stm32.9-2020-q2-update.win32_2.0.0.202105311346/tools/bin/../lib/gcc/arm-none-eabi/9.3.1/../../../../arm-none-eabi/lib/thumb/v7-m/nofp\libc_nano.a(lib_a-nano-svfprintf.o)
 .rodata._printf_i.str1.1
                0x000000000800587b       0x22 d:/appfile/microprocessor_microcontroller/stm32cubeide_1.7.0/stm32cubeide/plugins/com.st.stm32cube.ide.mcu.externaltools.gnu-tools-for-stm32.9-2020-q2-update.win32_2.0.0.202105311346/tools/bin/../lib/gcc/arm-none-eabi/9.3.1/../../../../arm-none-eabi/lib/thumb/v7-m/nofp\libc_nano.a(lib_a-nano-vfprintf_i.o)
                0x00000000080058a0                . = ALIGN (0x4)
 *fill*         0x000000000800589d        0x3 

.rel.dyn        0x00000000080058a0        0x0
 .rel.iplt      0x00000000080058a0        0x0 d:/appfile/microprocessor_microcontroller/stm32cubeide_1.7.0/stm32cubeide/plugins/com.st.stm32cube.ide.mcu.externaltools.gnu-tools-for-stm32.9-2020-q2-update.win32_2.0.0.202105311346/tools/bin/../lib/gcc/arm-none-eabi/9.3.1/thumb/v7-m/nofp/crtbegin.o

.ARM.extab      0x00000000080058a0        0x0
                0x00000000080058a0                . = ALIGN (0x4)
 *(.ARM.extab* .gnu.linkonce.armextab.*)
                0x00000000080058a0                . = ALIGN (0x4)

.ARM            0x00000000080058a0        0x0
                0x00000000080058a0                . = ALIGN (0x4)
                0x00000000080058a0                __exidx_start = .
 *(.ARM.exidx*)
                0x00000000080058a0                __exidx_end = .
                0x00000000080058a0                . = ALIGN (0x4)

.preinit_array  0x00000000080058a0        0x0
                0x00000000080058a0                . = ALIGN (0x4)
                0x00000000080058a0                PROVIDE (__preinit_array_start = .)
 *(.preinit_array*)
                0x00000000080058a0                PROVIDE (__preinit_array_end = .)
                0x00000000080058a0                . = ALIGN (0x4)

.init_array     0x00000000080058a0        0x4
                0x00000000080058a0                . = ALIGN (0x4)
                0x00000000080058a0                PROVIDE (__init_array_start = .)
 *(SORT_BY_NAME(.init_array.*))
 *(.init_array*)
 .init_array    0x00000000080058a0        0x4 d:/appfile/microprocessor_microcontroller/stm32cubeide_1.7.0/stm32cubeide/plugins/com.st.stm32cube.ide.mcu.externaltools.gnu-tools-for-stm32.9-2020-q2-update.win32_2.0.0.202105311346/tools/bin/../lib/gcc/arm-none-eabi/9.3.1/thumb/v7-m/nofp/crtbegin.o
                0x00000000080058a4                PROVIDE (__init_array_end = .)
                0x00000000080058a4                . = ALIGN (0x4)

.fini_array     0x00000000080058a4        0x4
                0x00000000080058a4                . = ALIGN (0x4)
                [!provide]                        PROVIDE (__fini_array_start = .)
 *(SORT_BY_NAME(.fini_array.*))
 *(.fini_array*)
 .fini_array    0x00000000080058a4        0x4 d:/appfile/microprocessor_microcontroller/stm32cubeide_1.7.0/stm32cubeide/plugins/com.st.stm32cube.ide.mcu.externaltools.gnu-tools-for-stm32.9-2020-q2-update.win32_2.0.0.202105311346/tools/bin/../lib/gcc/arm-none-eabi/9.3.1/thumb/v7-m/nofp/crtbegin.o
                [!provide]                        PROVIDE (__fini_array_end = .)
                0x00000000080058a8                . = ALIGN (0x4)
                0x00000000080058a8                _sidata = LOADADDR (.data)

.data           0x0000000020000000       0xa8 load address 0x00000000080058a8
                0x0000000020000000                . = ALIGN (0x4)
                0x0000000020000000                _sdata = .
 *(.data)
 *(.data*)
 .data.countdown
                0x0000000020000000        0x4 ./Core/Src/global.o
                0x0000000020000000                countdown
 .data.increase_time
                0x0000000020000004        0x4 ./Core/Src/global.o
                0x0000000020000004                increase_time
 .data.new_time
                0x0000000020000008        0x4 ./Core/Src/global.o
                0x0000000020000008                new_time
 .data.time_red1
                0x000000002000000c        0x4 ./Core/Src/global.o
                0x000000002000000c                time_red1
 .data.time_yel1
                0x0000000020000010        0x4 ./Core/Src/global.o
                0x0000000020000010                time_yel1
 .data.time_gre1
                0x0000000020000014        0x4 ./Core/Src/global.o
                0x0000000020000014                time_gre1
 .data.time_red2
                0x0000000020000018        0x4 ./Core/Src/global.o
                0x0000000020000018                time_red2
 .data.time_yel2
                0x000000002000001c        0x4 ./Core/Src/global.o
                0x000000002000001c                time_yel2
 .data.time_gre2
                0x0000000020000020        0x4 ./Core/Src/global.o
                0x0000000020000020                time_gre2
 .data.time_road1
                0x0000000020000024        0x4 ./Core/Src/global.o
                0x0000000020000024                time_road1
 .data.time_road2
                0x0000000020000028        0x4 ./Core/Src/global.o
                0x0000000020000028                time_road2
 .data.buttonBuffer
                0x000000002000002c        0x3 ./Core/Src/input_reading.o
 *fill*         0x000000002000002f        0x1 
 .data.debounceButtonBuffer1
                0x0000000020000030        0x3 ./Core/Src/input_reading.o
 *fill*         0x0000000020000033        0x1 
 .data.debounceButtonBuffer2
                0x0000000020000034        0x3 ./Core/Src/input_reading.o
 *fill*         0x0000000020000037        0x1 
 .data.SystemCoreClock
                0x0000000020000038        0x4 ./Core/Src/system_stm32f1xx.o
                0x0000000020000038                SystemCoreClock
 .data.uwTickPrio
                0x000000002000003c        0x4 ./Drivers/STM32F1xx_HAL_Driver/Src/stm32f1xx_hal.o
                0x000000002000003c                uwTickPrio
 .data.uwTickFreq
                0x0000000020000040        0x1 ./Drivers/STM32F1xx_HAL_Driver/Src/stm32f1xx_hal.o
                0x0000000020000040                uwTickFreq
 *fill*         0x0000000020000041        0x3 
 .data._impure_ptr
                0x0000000020000044        0x4 d:/appfile/microprocessor_microcontroller/stm32cubeide_1.7.0/stm32cubeide/plugins/com.st.stm32cube.ide.mcu.externaltools.gnu-tools-for-stm32.9-2020-q2-update.win32_2.0.0.202105311346/tools/bin/../lib/gcc/arm-none-eabi/9.3.1/../../../../arm-none-eabi/lib/thumb/v7-m/nofp\libc_nano.a(lib_a-impure.o)
                0x0000000020000044                _impure_ptr
 .data.impure_data
                0x0000000020000048       0x60 d:/appfile/microprocessor_microcontroller/stm32cubeide_1.7.0/stm32cubeide/plugins/com.st.stm32cube.ide.mcu.externaltools.gnu-tools-for-stm32.9-2020-q2-update.win32_2.0.0.202105311346/tools/bin/../lib/gcc/arm-none-eabi/9.3.1/../../../../arm-none-eabi/lib/thumb/v7-m/nofp\libc_nano.a(lib_a-impure.o)
 *(.RamFunc)
 *(.RamFunc*)
                0x00000000200000a8                . = ALIGN (0x4)
                0x00000000200000a8                _edata = .

.igot.plt       0x00000000200000a8        0x0 load address 0x0000000008005950
 .igot.plt      0x00000000200000a8        0x0 d:/appfile/microprocessor_microcontroller/stm32cubeide_1.7.0/stm32cubeide/plugins/com.st.stm32cube.ide.mcu.externaltools.gnu-tools-for-stm32.9-2020-q2-update.win32_2.0.0.202105311346/tools/bin/../lib/gcc/arm-none-eabi/9.3.1/thumb/v7-m/nofp/crtbegin.o
                0x00000000200000a8                . = ALIGN (0x4)

.bss            0x00000000200000a8      0x170 load address 0x0000000008005950
                0x00000000200000a8                _sbss = .
                0x00000000200000a8                __bss_start__ = _sbss
 *(.bss)
 .bss           0x00000000200000a8       0x1c d:/appfile/microprocessor_microcontroller/stm32cubeide_1.7.0/stm32cubeide/plugins/com.st.stm32cube.ide.mcu.externaltools.gnu-tools-for-stm32.9-2020-q2-update.win32_2.0.0.202105311346/tools/bin/../lib/gcc/arm-none-eabi/9.3.1/thumb/v7-m/nofp/crtbegin.o
 *(.bss*)
 .bss.sys_state
                0x00000000200000c4        0x1 ./Core/Src/global.o
                0x00000000200000c4                sys_state
 .bss.manual_state
                0x00000000200000c5        0x1 ./Core/Src/global.o
                0x00000000200000c5                manual_state
 .bss.auto_state
                0x00000000200000c6        0x1 ./Core/Src/global.o
                0x00000000200000c6                auto_state
 .bss.config_state
                0x00000000200000c7        0x1 ./Core/Src/global.o
                0x00000000200000c7                config_state
 .bss.new_red1  0x00000000200000c8        0x4 ./Core/Src/global.o
                0x00000000200000c8                new_red1
 .bss.new_yel1  0x00000000200000cc        0x4 ./Core/Src/global.o
                0x00000000200000cc                new_yel1
 .bss.new_gre1  0x00000000200000d0        0x4 ./Core/Src/global.o
                0x00000000200000d0                new_gre1
 .bss.new_red2  0x00000000200000d4        0x4 ./Core/Src/global.o
                0x00000000200000d4                new_red2
 .bss.new_yel2  0x00000000200000d8        0x4 ./Core/Src/global.o
                0x00000000200000d8                new_yel2
 .bss.new_gre2  0x00000000200000dc        0x4 ./Core/Src/global.o
                0x00000000200000dc                new_gre2
 .bss.buttonState
                0x00000000200000e0        0x1 ./Core/Src/input_processing.o
                0x00000000200000e0                buttonState
 *fill*         0x00000000200000e1        0x3 
 .bss.single_press_button
                0x00000000200000e4        0xc ./Core/Src/input_processing.o
                0x00000000200000e4                single_press_button
 .bss.double_press_button
                0x00000000200000f0        0xc ./Core/Src/input_processing.o
                0x00000000200000f0                double_press_button
 .bss.immediately_1s_press_button
                0x00000000200000fc        0xc ./Core/Src/input_processing.o
                0x00000000200000fc                immediately_1s_press_button
 .bss.continuously_1s_press_button
                0x0000000020000108        0xc ./Core/Src/input_processing.o
                0x0000000020000108                continuously_1s_press_button
 .bss.flag_just_double_clicked
                0x0000000020000114        0x1 ./Core/Src/input_processing.o
                0x0000000020000114                flag_just_double_clicked
 *fill*         0x0000000020000115        0x3 
 .bss.counter   0x0000000020000118        0x4 ./Core/Src/input_processing.o
                0x0000000020000118                counter
 .bss.flagForButtonPress1s
                0x000000002000011c        0x3 ./Core/Src/input_reading.o
 *fill*         0x000000002000011f        0x1 
 .bss.counterForButtonPress1s
                0x0000000020000120        0x6 ./Core/Src/input_reading.o
 *fill*         0x0000000020000126        0x2 
 .bss.SCH_tasks_G
                0x0000000020000128        0x4 ./Core/Src/scheduler.o
 .bss.num_task  0x000000002000012c        0x4 ./Core/Src/scheduler.o
                0x000000002000012c                num_task
 .bss.__sbrk_heap_end
                0x0000000020000130        0x4 ./Core/Src/sysmem.o
 .bss.__malloc_free_list
                0x0000000020000134        0x4 d:/appfile/microprocessor_microcontroller/stm32cubeide_1.7.0/stm32cubeide/plugins/com.st.stm32cube.ide.mcu.externaltools.gnu-tools-for-stm32.9-2020-q2-update.win32_2.0.0.202105311346/tools/bin/../lib/gcc/arm-none-eabi/9.3.1/../../../../arm-none-eabi/lib/thumb/v7-m/nofp\libc_nano.a(lib_a-nano-mallocr.o)
                0x0000000020000134                __malloc_free_list
 .bss.__malloc_sbrk_start
                0x0000000020000138        0x4 d:/appfile/microprocessor_microcontroller/stm32cubeide_1.7.0/stm32cubeide/plugins/com.st.stm32cube.ide.mcu.externaltools.gnu-tools-for-stm32.9-2020-q2-update.win32_2.0.0.202105311346/tools/bin/../lib/gcc/arm-none-eabi/9.3.1/../../../../arm-none-eabi/lib/thumb/v7-m/nofp\libc_nano.a(lib_a-nano-mallocr.o)
                0x0000000020000138                __malloc_sbrk_start
 *(COMMON)
 COMMON         0x000000002000013c       0x14 ./Core/Src/lcd_display.o
                0x000000002000013c                str_buff
 COMMON         0x0000000020000150       0x9c ./Core/Src/main.o
                0x0000000020000150                hi2c1
                0x00000000200001a4                htim2
 COMMON         0x00000000200001ec       0x18 ./Core/Src/software_timer.o
                0x00000000200001ec                timer
 COMMON         0x0000000020000204        0x4 ./Drivers/STM32F1xx_HAL_Driver/Src/stm32f1xx_hal.o
                0x0000000020000204                uwTick
 COMMON         0x0000000020000208        0x4 d:/appfile/microprocessor_microcontroller/stm32cubeide_1.7.0/stm32cubeide/plugins/com.st.stm32cube.ide.mcu.externaltools.gnu-tools-for-stm32.9-2020-q2-update.win32_2.0.0.202105311346/tools/bin/../lib/gcc/arm-none-eabi/9.3.1/../../../../arm-none-eabi/lib/thumb/v7-m/nofp\libc_nano.a(lib_a-reent.o)
                0x0000000020000208                errno
 COMMON         0x000000002000020c        0x9 d:/appfile/microprocessor_microcontroller/stm32cubeide_1.7.0/stm32cubeide/plugins/com.st.stm32cube.ide.mcu.externaltools.gnu-tools-for-stm32.9-2020-q2-update.win32_2.0.0.202105311346/tools/bin/../lib/gcc/arm-none-eabi/9.3.1/../../../../arm-none-eabi/lib/thumb/v7-m/nofp\libc_nano.a(lib_a-lock.o)
                0x000000002000020c                __lock___atexit_recursive_mutex
                0x000000002000020d                __lock___arc4random_mutex
                0x000000002000020e                __lock___env_recursive_mutex
                0x000000002000020f                __lock___sinit_recursive_mutex
                0x0000000020000210                __lock___malloc_recursive_mutex
                0x0000000020000211                __lock___at_quick_exit_mutex
                0x0000000020000212                __lock___dd_hash_mutex
                0x0000000020000213                __lock___tz_mutex
                0x0000000020000214                __lock___sfp_recursive_mutex
                0x0000000020000218                . = ALIGN (0x4)
 *fill*         0x0000000020000215        0x3 
                0x0000000020000218                _ebss = .
                0x0000000020000218                __bss_end__ = _ebss

._user_heap_stack
                0x0000000020000218      0x600 load address 0x0000000008005950
                0x0000000020000218                . = ALIGN (0x8)
                [!provide]                        PROVIDE (end = .)
                0x0000000020000218                PROVIDE (_end = .)
                0x0000000020000418                . = (. + _Min_Heap_Size)
 *fill*         0x0000000020000218      0x200 
                0x0000000020000818                . = (. + _Min_Stack_Size)
 *fill*         0x0000000020000418      0x400 
                0x0000000020000818                . = ALIGN (0x8)

/DISCARD/
 libc.a(*)
 libm.a(*)
 libgcc.a(*)

.ARM.attributes
                0x0000000000000000       0x29
 *(.ARM.attributes)
 .ARM.attributes
                0x0000000000000000       0x1d d:/appfile/microprocessor_microcontroller/stm32cubeide_1.7.0/stm32cubeide/plugins/com.st.stm32cube.ide.mcu.externaltools.gnu-tools-for-stm32.9-2020-q2-update.win32_2.0.0.202105311346/tools/bin/../lib/gcc/arm-none-eabi/9.3.1/thumb/v7-m/nofp/crti.o
 .ARM.attributes
                0x000000000000001d       0x2d d:/appfile/microprocessor_microcontroller/stm32cubeide_1.7.0/stm32cubeide/plugins/com.st.stm32cube.ide.mcu.externaltools.gnu-tools-for-stm32.9-2020-q2-update.win32_2.0.0.202105311346/tools/bin/../lib/gcc/arm-none-eabi/9.3.1/thumb/v7-m/nofp/crtbegin.o
 .ARM.attributes
                0x000000000000004a       0x2d ./Core/Src/fsm_automatic.o
 .ARM.attributes
                0x0000000000000077       0x2d ./Core/Src/fsm_config.o
 .ARM.attributes
                0x00000000000000a4       0x2d ./Core/Src/fsm_manual.o
 .ARM.attributes
                0x00000000000000d1       0x2d ./Core/Src/fsm_system.o
 .ARM.attributes
                0x00000000000000fe       0x33 ./Core/Src/global.o
 .ARM.attributes
                0x0000000000000131       0x2d ./Core/Src/i2c-lcd.o
 .ARM.attributes
                0x000000000000015e       0x2d ./Core/Src/input_processing.o
 .ARM.attributes
                0x000000000000018b       0x2d ./Core/Src/input_reading.o
 .ARM.attributes
                0x00000000000001b8       0x2d ./Core/Src/lcd_display.o
 .ARM.attributes
                0x00000000000001e5       0x2d ./Core/Src/led_display.o
 .ARM.attributes
                0x0000000000000212       0x2d ./Core/Src/main.o
 .ARM.attributes
                0x000000000000023f       0x2d ./Core/Src/scheduler.o
 .ARM.attributes
                0x000000000000026c       0x2d ./Core/Src/software_timer.o
 .ARM.attributes
                0x0000000000000299       0x2d ./Core/Src/stm32f1xx_hal_msp.o
 .ARM.attributes
                0x00000000000002c6       0x2d ./Core/Src/stm32f1xx_it.o
 .ARM.attributes
                0x00000000000002f3       0x2d ./Core/Src/sysmem.o
 .ARM.attributes
                0x0000000000000320       0x2d ./Core/Src/system_stm32f1xx.o
 .ARM.attributes
                0x000000000000034d       0x21 ./Core/Startup/startup_stm32f103rbtx.o
 .ARM.attributes
                0x000000000000036e       0x2d ./Drivers/STM32F1xx_HAL_Driver/Src/stm32f1xx_hal.o
 .ARM.attributes
                0x000000000000039b       0x2d ./Drivers/STM32F1xx_HAL_Driver/Src/stm32f1xx_hal_cortex.o
 .ARM.attributes
                0x00000000000003c8       0x2d ./Drivers/STM32F1xx_HAL_Driver/Src/stm32f1xx_hal_gpio.o
 .ARM.attributes
                0x00000000000003f5       0x2d ./Drivers/STM32F1xx_HAL_Driver/Src/stm32f1xx_hal_i2c.o
 .ARM.attributes
                0x0000000000000422       0x2d ./Drivers/STM32F1xx_HAL_Driver/Src/stm32f1xx_hal_rcc.o
 .ARM.attributes
                0x000000000000044f       0x2d ./Drivers/STM32F1xx_HAL_Driver/Src/stm32f1xx_hal_tim.o
 .ARM.attributes
                0x000000000000047c       0x2d ./Drivers/STM32F1xx_HAL_Driver/Src/stm32f1xx_hal_tim_ex.o
 .ARM.attributes
                0x00000000000004a9       0x2d d:/appfile/microprocessor_microcontroller/stm32cubeide_1.7.0/stm32cubeide/plugins/com.st.stm32cube.ide.mcu.externaltools.gnu-tools-for-stm32.9-2020-q2-update.win32_2.0.0.202105311346/tools/bin/../lib/gcc/arm-none-eabi/9.3.1/../../../../arm-none-eabi/lib/thumb/v7-m/nofp\libc_nano.a(lib_a-errno.o)
 .ARM.attributes
                0x00000000000004d6       0x2d d:/appfile/microprocessor_microcontroller/stm32cubeide_1.7.0/stm32cubeide/plugins/com.st.stm32cube.ide.mcu.externaltools.gnu-tools-for-stm32.9-2020-q2-update.win32_2.0.0.202105311346/tools/bin/../lib/gcc/arm-none-eabi/9.3.1/../../../../arm-none-eabi/lib/thumb/v7-m/nofp\libc_nano.a(lib_a-impure.o)
 .ARM.attributes
                0x0000000000000503       0x2d d:/appfile/microprocessor_microcontroller/stm32cubeide_1.7.0/stm32cubeide/plugins/com.st.stm32cube.ide.mcu.externaltools.gnu-tools-for-stm32.9-2020-q2-update.win32_2.0.0.202105311346/tools/bin/../lib/gcc/arm-none-eabi/9.3.1/../../../../arm-none-eabi/lib/thumb/v7-m/nofp\libc_nano.a(lib_a-init.o)
 .ARM.attributes
                0x0000000000000530       0x2d d:/appfile/microprocessor_microcontroller/stm32cubeide_1.7.0/stm32cubeide/plugins/com.st.stm32cube.ide.mcu.externaltools.gnu-tools-for-stm32.9-2020-q2-update.win32_2.0.0.202105311346/tools/bin/../lib/gcc/arm-none-eabi/9.3.1/../../../../arm-none-eabi/lib/thumb/v7-m/nofp\libc_nano.a(lib_a-malloc.o)
 .ARM.attributes
                0x000000000000055d       0x2d d:/appfile/microprocessor_microcontroller/stm32cubeide_1.7.0/stm32cubeide/plugins/com.st.stm32cube.ide.mcu.externaltools.gnu-tools-for-stm32.9-2020-q2-update.win32_2.0.0.202105311346/tools/bin/../lib/gcc/arm-none-eabi/9.3.1/../../../../arm-none-eabi/lib/thumb/v7-m/nofp\libc_nano.a(lib_a-memset.o)
 .ARM.attributes
                0x000000000000058a       0x2d d:/appfile/microprocessor_microcontroller/stm32cubeide_1.7.0/stm32cubeide/plugins/com.st.stm32cube.ide.mcu.externaltools.gnu-tools-for-stm32.9-2020-q2-update.win32_2.0.0.202105311346/tools/bin/../lib/gcc/arm-none-eabi/9.3.1/../../../../arm-none-eabi/lib/thumb/v7-m/nofp\libc_nano.a(lib_a-nano-freer.o)
 .ARM.attributes
                0x00000000000005b7       0x2d d:/appfile/microprocessor_microcontroller/stm32cubeide_1.7.0/stm32cubeide/plugins/com.st.stm32cube.ide.mcu.externaltools.gnu-tools-for-stm32.9-2020-q2-update.win32_2.0.0.202105311346/tools/bin/../lib/gcc/arm-none-eabi/9.3.1/../../../../arm-none-eabi/lib/thumb/v7-m/nofp\libc_nano.a(lib_a-nano-mallocr.o)
 .ARM.attributes
                0x00000000000005e4       0x2d d:/appfile/microprocessor_microcontroller/stm32cubeide_1.7.0/stm32cubeide/plugins/com.st.stm32cube.ide.mcu.externaltools.gnu-tools-for-stm32.9-2020-q2-update.win32_2.0.0.202105311346/tools/bin/../lib/gcc/arm-none-eabi/9.3.1/../../../../arm-none-eabi/lib/thumb/v7-m/nofp\libc_nano.a(lib_a-sbrkr.o)
 .ARM.attributes
                0x0000000000000611       0x2d d:/appfile/microprocessor_microcontroller/stm32cubeide_1.7.0/stm32cubeide/plugins/com.st.stm32cube.ide.mcu.externaltools.gnu-tools-for-stm32.9-2020-q2-update.win32_2.0.0.202105311346/tools/bin/../lib/gcc/arm-none-eabi/9.3.1/../../../../arm-none-eabi/lib/thumb/v7-m/nofp\libc_nano.a(lib_a-sprintf.o)
 .ARM.attributes
                0x000000000000063e       0x2d d:/appfile/microprocessor_microcontroller/stm32cubeide_1.7.0/stm32cubeide/plugins/com.st.stm32cube.ide.mcu.externaltools.gnu-tools-for-stm32.9-2020-q2-update.win32_2.0.0.202105311346/tools/bin/../lib/gcc/arm-none-eabi/9.3.1/../../../../arm-none-eabi/lib/thumb/v7-m/nofp\libc_nano.a(lib_a-mlock.o)
 .ARM.attributes
                0x000000000000066b       0x2d d:/appfile/microprocessor_microcontroller/stm32cubeide_1.7.0/stm32cubeide/plugins/com.st.stm32cube.ide.mcu.externaltools.gnu-tools-for-stm32.9-2020-q2-update.win32_2.0.0.202105311346/tools/bin/../lib/gcc/arm-none-eabi/9.3.1/../../../../arm-none-eabi/lib/thumb/v7-m/nofp\libc_nano.a(lib_a-nano-svfprintf.o)
 .ARM.attributes
                0x0000000000000698       0x2d d:/appfile/microprocessor_microcontroller/stm32cubeide_1.7.0/stm32cubeide/plugins/com.st.stm32cube.ide.mcu.externaltools.gnu-tools-for-stm32.9-2020-q2-update.win32_2.0.0.202105311346/tools/bin/../lib/gcc/arm-none-eabi/9.3.1/../../../../arm-none-eabi/lib/thumb/v7-m/nofp\libc_nano.a(lib_a-nano-vfprintf_i.o)
 .ARM.attributes
                0x00000000000006c5       0x2d d:/appfile/microprocessor_microcontroller/stm32cubeide_1.7.0/stm32cubeide/plugins/com.st.stm32cube.ide.mcu.externaltools.gnu-tools-for-stm32.9-2020-q2-update.win32_2.0.0.202105311346/tools/bin/../lib/gcc/arm-none-eabi/9.3.1/../../../../arm-none-eabi/lib/thumb/v7-m/nofp\libc_nano.a(lib_a-reent.o)
 .ARM.attributes
                0x00000000000006f2       0x2d d:/appfile/microprocessor_microcontroller/stm32cubeide_1.7.0/stm32cubeide/plugins/com.st.stm32cube.ide.mcu.externaltools.gnu-tools-for-stm32.9-2020-q2-update.win32_2.0.0.202105311346/tools/bin/../lib/gcc/arm-none-eabi/9.3.1/../../../../arm-none-eabi/lib/thumb/v7-m/nofp\libc_nano.a(lib_a-lock.o)
 .ARM.attributes
                0x000000000000071f       0x2d d:/appfile/microprocessor_microcontroller/stm32cubeide_1.7.0/stm32cubeide/plugins/com.st.stm32cube.ide.mcu.externaltools.gnu-tools-for-stm32.9-2020-q2-update.win32_2.0.0.202105311346/tools/bin/../lib/gcc/arm-none-eabi/9.3.1/../../../../arm-none-eabi/lib/thumb/v7-m/nofp\libc_nano.a(lib_a-memchr-stub.o)
 .ARM.attributes
                0x000000000000074c       0x2d d:/appfile/microprocessor_microcontroller/stm32cubeide_1.7.0/stm32cubeide/plugins/com.st.stm32cube.ide.mcu.externaltools.gnu-tools-for-stm32.9-2020-q2-update.win32_2.0.0.202105311346/tools/bin/../lib/gcc/arm-none-eabi/9.3.1/../../../../arm-none-eabi/lib/thumb/v7-m/nofp\libc_nano.a(lib_a-memcpy-stub.o)
 .ARM.attributes
                0x0000000000000779       0x2d d:/appfile/microprocessor_microcontroller/stm32cubeide_1.7.0/stm32cubeide/plugins/com.st.stm32cube.ide.mcu.externaltools.gnu-tools-for-stm32.9-2020-q2-update.win32_2.0.0.202105311346/tools/bin/../lib/gcc/arm-none-eabi/9.3.1/../../../../arm-none-eabi/lib/thumb/v7-m/nofp\libc_nano.a(lib_a-memmove.o)
 .ARM.attributes
                0x00000000000007a6       0x2d d:/appfile/microprocessor_microcontroller/stm32cubeide_1.7.0/stm32cubeide/plugins/com.st.stm32cube.ide.mcu.externaltools.gnu-tools-for-stm32.9-2020-q2-update.win32_2.0.0.202105311346/tools/bin/../lib/gcc/arm-none-eabi/9.3.1/../../../../arm-none-eabi/lib/thumb/v7-m/nofp\libc_nano.a(lib_a-nano-reallocr.o)
 .ARM.attributes
                0x00000000000007d3       0x2d d:/appfile/microprocessor_microcontroller/stm32cubeide_1.7.0/stm32cubeide/plugins/com.st.stm32cube.ide.mcu.externaltools.gnu-tools-for-stm32.9-2020-q2-update.win32_2.0.0.202105311346/tools/bin/../lib/gcc/arm-none-eabi/9.3.1/../../../../arm-none-eabi/lib/thumb/v7-m/nofp\libc_nano.a(lib_a-nano-msizer.o)
 .ARM.attributes
                0x0000000000000800       0x1d d:/appfile/microprocessor_microcontroller/stm32cubeide_1.7.0/stm32cubeide/plugins/com.st.stm32cube.ide.mcu.externaltools.gnu-tools-for-stm32.9-2020-q2-update.win32_2.0.0.202105311346/tools/bin/../lib/gcc/arm-none-eabi/9.3.1/thumb/v7-m/nofp/crtn.o
OUTPUT(VXL_VDK_morong.elf elf32-littlearm)
LOAD linker stubs
LOAD d:/appfile/microprocessor_microcontroller/stm32cubeide_1.7.0/stm32cubeide/plugins/com.st.stm32cube.ide.mcu.externaltools.gnu-tools-for-stm32.9-2020-q2-update.win32_2.0.0.202105311346/tools/bin/../lib/gcc/arm-none-eabi/9.3.1/../../../../arm-none-eabi/lib/thumb/v7-m/nofp\libc.a
LOAD d:/appfile/microprocessor_microcontroller/stm32cubeide_1.7.0/stm32cubeide/plugins/com.st.stm32cube.ide.mcu.externaltools.gnu-tools-for-stm32.9-2020-q2-update.win32_2.0.0.202105311346/tools/bin/../lib/gcc/arm-none-eabi/9.3.1/../../../../arm-none-eabi/lib/thumb/v7-m/nofp\libm.a
LOAD d:/appfile/microprocessor_microcontroller/stm32cubeide_1.7.0/stm32cubeide/plugins/com.st.stm32cube.ide.mcu.externaltools.gnu-tools-for-stm32.9-2020-q2-update.win32_2.0.0.202105311346/tools/bin/../lib/gcc/arm-none-eabi/9.3.1/thumb/v7-m/nofp\libgcc.a

.debug_info     0x0000000000000000    0x14d71
 .debug_info    0x0000000000000000      0xc74 ./Core/Src/fsm_automatic.o
 .debug_info    0x0000000000000c74      0xec9 ./Core/Src/fsm_config.o
 .debug_info    0x0000000000001b3d      0xc74 ./Core/Src/fsm_manual.o
 .debug_info    0x00000000000027b1      0xcaa ./Core/Src/fsm_system.o
 .debug_info    0x000000000000345b      0xd80 ./Core/Src/global.o
 .debug_info    0x00000000000041db      0x7d7 ./Core/Src/i2c-lcd.o
 .debug_info    0x00000000000049b2      0xc37 ./Core/Src/input_processing.o
 .debug_info    0x00000000000055e9      0x35a ./Core/Src/input_reading.o
 .debug_info    0x0000000000005943      0xd18 ./Core/Src/lcd_display.o
 .debug_info    0x000000000000665b      0xe41 ./Core/Src/led_display.o
 .debug_info    0x000000000000749c     0x1968 ./Core/Src/main.o
 .debug_info    0x0000000000008e04      0xda8 ./Core/Src/scheduler.o
 .debug_info    0x0000000000009bac      0x249 ./Core/Src/software_timer.o
 .debug_info    0x0000000000009df5      0xe68 ./Core/Src/stm32f1xx_hal_msp.o
 .debug_info    0x000000000000ac5d      0x7b9 ./Core/Src/stm32f1xx_it.o
 .debug_info    0x000000000000b416      0xa25 ./Core/Src/sysmem.o
 .debug_info    0x000000000000be3b      0x2be ./Core/Src/system_stm32f1xx.o
 .debug_info    0x000000000000c0f9       0x22 ./Core/Startup/startup_stm32f103rbtx.o
 .debug_info    0x000000000000c11b      0x76a ./Drivers/STM32F1xx_HAL_Driver/Src/stm32f1xx_hal.o
 .debug_info    0x000000000000c885      0xbdc ./Drivers/STM32F1xx_HAL_Driver/Src/stm32f1xx_hal_cortex.o
 .debug_info    0x000000000000d461      0x701 ./Drivers/STM32F1xx_HAL_Driver/Src/stm32f1xx_hal_gpio.o
 .debug_info    0x000000000000db62     0x27cb ./Drivers/STM32F1xx_HAL_Driver/Src/stm32f1xx_hal_i2c.o
 .debug_info    0x000000000001032d      0x893 ./Drivers/STM32F1xx_HAL_Driver/Src/stm32f1xx_hal_rcc.o
 .debug_info    0x0000000000010bc0     0x2c32 ./Drivers/STM32F1xx_HAL_Driver/Src/stm32f1xx_hal_tim.o
 .debug_info    0x00000000000137f2     0x157f ./Drivers/STM32F1xx_HAL_Driver/Src/stm32f1xx_hal_tim_ex.o

.debug_abbrev   0x0000000000000000     0x3040
 .debug_abbrev  0x0000000000000000      0x1b5 ./Core/Src/fsm_automatic.o
 .debug_abbrev  0x00000000000001b5      0x239 ./Core/Src/fsm_config.o
 .debug_abbrev  0x00000000000003ee      0x1b7 ./Core/Src/fsm_manual.o
 .debug_abbrev  0x00000000000005a5      0x1cf ./Core/Src/fsm_system.o
 .debug_abbrev  0x0000000000000774      0x1a8 ./Core/Src/global.o
 .debug_abbrev  0x000000000000091c      0x1b2 ./Core/Src/i2c-lcd.o
 .debug_abbrev  0x0000000000000ace      0x262 ./Core/Src/input_processing.o
 .debug_abbrev  0x0000000000000d30      0x152 ./Core/Src/input_reading.o
 .debug_abbrev  0x0000000000000e82      0x1f3 ./Core/Src/lcd_display.o
 .debug_abbrev  0x0000000000001075      0x21c ./Core/Src/led_display.o
 .debug_abbrev  0x0000000000001291      0x2cc ./Core/Src/main.o
 .debug_abbrev  0x000000000000155d      0x29e ./Core/Src/scheduler.o
 .debug_abbrev  0x00000000000017fb      0x141 ./Core/Src/software_timer.o
 .debug_abbrev  0x000000000000193c      0x1c8 ./Core/Src/stm32f1xx_hal_msp.o
 .debug_abbrev  0x0000000000001b04      0x176 ./Core/Src/stm32f1xx_it.o
 .debug_abbrev  0x0000000000001c7a      0x1bf ./Core/Src/sysmem.o
 .debug_abbrev  0x0000000000001e39      0x14e ./Core/Src/system_stm32f1xx.o
 .debug_abbrev  0x0000000000001f87       0x12 ./Core/Startup/startup_stm32f103rbtx.o
 .debug_abbrev  0x0000000000001f99      0x1ed ./Drivers/STM32F1xx_HAL_Driver/Src/stm32f1xx_hal.o
 .debug_abbrev  0x0000000000002186      0x313 ./Drivers/STM32F1xx_HAL_Driver/Src/stm32f1xx_hal_cortex.o
 .debug_abbrev  0x0000000000002499      0x1e8 ./Drivers/STM32F1xx_HAL_Driver/Src/stm32f1xx_hal_gpio.o
 .debug_abbrev  0x0000000000002681      0x288 ./Drivers/STM32F1xx_HAL_Driver/Src/stm32f1xx_hal_i2c.o
 .debug_abbrev  0x0000000000002909      0x273 ./Drivers/STM32F1xx_HAL_Driver/Src/stm32f1xx_hal_rcc.o
 .debug_abbrev  0x0000000000002b7c      0x25e ./Drivers/STM32F1xx_HAL_Driver/Src/stm32f1xx_hal_tim.o
 .debug_abbrev  0x0000000000002dda      0x266 ./Drivers/STM32F1xx_HAL_Driver/Src/stm32f1xx_hal_tim_ex.o

.debug_aranges  0x0000000000000000      0xf40
 .debug_aranges
                0x0000000000000000       0x20 ./Core/Src/fsm_automatic.o
 .debug_aranges
                0x0000000000000020       0x78 ./Core/Src/fsm_config.o
 .debug_aranges
                0x0000000000000098       0x20 ./Core/Src/fsm_manual.o
 .debug_aranges
                0x00000000000000b8       0x38 ./Core/Src/fsm_system.o
 .debug_aranges
                0x00000000000000f0       0x18 ./Core/Src/global.o
 .debug_aranges
                0x0000000000000108       0x48 ./Core/Src/i2c-lcd.o
 .debug_aranges
                0x0000000000000150       0x58 ./Core/Src/input_processing.o
 .debug_aranges
                0x00000000000001a8       0x30 ./Core/Src/input_reading.o
 .debug_aranges
                0x00000000000001d8       0x48 ./Core/Src/lcd_display.o
 .debug_aranges
                0x0000000000000220       0x88 ./Core/Src/led_display.o
 .debug_aranges
                0x00000000000002a8       0x50 ./Core/Src/main.o
 .debug_aranges
                0x00000000000002f8       0x58 ./Core/Src/scheduler.o
 .debug_aranges
                0x0000000000000350       0x30 ./Core/Src/software_timer.o
 .debug_aranges
                0x0000000000000380       0x40 ./Core/Src/stm32f1xx_hal_msp.o
 .debug_aranges
                0x00000000000003c0       0x68 ./Core/Src/stm32f1xx_it.o
 .debug_aranges
                0x0000000000000428       0x20 ./Core/Src/sysmem.o
 .debug_aranges
                0x0000000000000448       0x28 ./Core/Src/system_stm32f1xx.o
 .debug_aranges
                0x0000000000000470       0x28 ./Core/Startup/startup_stm32f103rbtx.o
 .debug_aranges
                0x0000000000000498       0xe0 ./Drivers/STM32F1xx_HAL_Driver/Src/stm32f1xx_hal.o
 .debug_aranges
                0x0000000000000578      0x100 ./Drivers/STM32F1xx_HAL_Driver/Src/stm32f1xx_hal_cortex.o
 .debug_aranges
                0x0000000000000678       0x58 ./Drivers/STM32F1xx_HAL_Driver/Src/stm32f1xx_hal_gpio.o
 .debug_aranges
                0x00000000000006d0      0x2a8 ./Drivers/STM32F1xx_HAL_Driver/Src/stm32f1xx_hal_i2c.o
 .debug_aranges
                0x0000000000000978       0x90 ./Drivers/STM32F1xx_HAL_Driver/Src/stm32f1xx_hal_rcc.o
 .debug_aranges
                0x0000000000000a08      0x3d0 ./Drivers/STM32F1xx_HAL_Driver/Src/stm32f1xx_hal_tim.o
 .debug_aranges
                0x0000000000000dd8      0x168 ./Drivers/STM32F1xx_HAL_Driver/Src/stm32f1xx_hal_tim_ex.o

.debug_ranges   0x0000000000000000      0xdc8
 .debug_ranges  0x0000000000000000       0x10 ./Core/Src/fsm_automatic.o
 .debug_ranges  0x0000000000000010       0x68 ./Core/Src/fsm_config.o
 .debug_ranges  0x0000000000000078       0x10 ./Core/Src/fsm_manual.o
 .debug_ranges  0x0000000000000088       0x28 ./Core/Src/fsm_system.o
 .debug_ranges  0x00000000000000b0       0x38 ./Core/Src/i2c-lcd.o
 .debug_ranges  0x00000000000000e8       0x48 ./Core/Src/input_processing.o
 .debug_ranges  0x0000000000000130       0x20 ./Core/Src/input_reading.o
 .debug_ranges  0x0000000000000150       0x38 ./Core/Src/lcd_display.o
 .debug_ranges  0x0000000000000188       0x78 ./Core/Src/led_display.o
 .debug_ranges  0x0000000000000200       0x40 ./Core/Src/main.o
 .debug_ranges  0x0000000000000240       0x48 ./Core/Src/scheduler.o
 .debug_ranges  0x0000000000000288       0x20 ./Core/Src/software_timer.o
 .debug_ranges  0x00000000000002a8       0x30 ./Core/Src/stm32f1xx_hal_msp.o
 .debug_ranges  0x00000000000002d8       0x58 ./Core/Src/stm32f1xx_it.o
 .debug_ranges  0x0000000000000330       0x10 ./Core/Src/sysmem.o
 .debug_ranges  0x0000000000000340       0x18 ./Core/Src/system_stm32f1xx.o
 .debug_ranges  0x0000000000000358       0x20 ./Core/Startup/startup_stm32f103rbtx.o
 .debug_ranges  0x0000000000000378       0xd0 ./Drivers/STM32F1xx_HAL_Driver/Src/stm32f1xx_hal.o
 .debug_ranges  0x0000000000000448       0xf0 ./Drivers/STM32F1xx_HAL_Driver/Src/stm32f1xx_hal_cortex.o
 .debug_ranges  0x0000000000000538       0x48 ./Drivers/STM32F1xx_HAL_Driver/Src/stm32f1xx_hal_gpio.o
 .debug_ranges  0x0000000000000580      0x2b0 ./Drivers/STM32F1xx_HAL_Driver/Src/stm32f1xx_hal_i2c.o
 .debug_ranges  0x0000000000000830       0x80 ./Drivers/STM32F1xx_HAL_Driver/Src/stm32f1xx_hal_rcc.o
 .debug_ranges  0x00000000000008b0      0x3c0 ./Drivers/STM32F1xx_HAL_Driver/Src/stm32f1xx_hal_tim.o
 .debug_ranges  0x0000000000000c70      0x158 ./Drivers/STM32F1xx_HAL_Driver/Src/stm32f1xx_hal_tim_ex.o

.debug_macro    0x0000000000000000    0x1a8e5
 .debug_macro   0x0000000000000000      0x3d1 ./Core/Src/fsm_automatic.o
 .debug_macro   0x00000000000003d1      0xa9c ./Core/Src/fsm_automatic.o
 .debug_macro   0x0000000000000e6d      0x21b ./Core/Src/fsm_automatic.o
 .debug_macro   0x0000000000001088       0x2e ./Core/Src/fsm_automatic.o
 .debug_macro   0x00000000000010b6       0x22 ./Core/Src/fsm_automatic.o
 .debug_macro   0x00000000000010d8       0x22 ./Core/Src/fsm_automatic.o
 .debug_macro   0x00000000000010fa       0x8e ./Core/Src/fsm_automatic.o
 .debug_macro   0x0000000000001188       0x51 ./Core/Src/fsm_automatic.o
 .debug_macro   0x00000000000011d9      0x103 ./Core/Src/fsm_automatic.o
 .debug_macro   0x00000000000012dc       0x6a ./Core/Src/fsm_automatic.o
 .debug_macro   0x0000000000001346      0x1df ./Core/Src/fsm_automatic.o
 .debug_macro   0x0000000000001525       0x1c ./Core/Src/fsm_automatic.o
 .debug_macro   0x0000000000001541       0x22 ./Core/Src/fsm_automatic.o
 .debug_macro   0x0000000000001563       0xc3 ./Core/Src/fsm_automatic.o
 .debug_macro   0x0000000000001626      0xd23 ./Core/Src/fsm_automatic.o
 .debug_macro   0x0000000000002349     0xe09e ./Core/Src/fsm_automatic.o
 .debug_macro   0x00000000000103e7       0x6d ./Core/Src/fsm_automatic.o
 .debug_macro   0x0000000000010454     0x34a2 ./Core/Src/fsm_automatic.o
 .debug_macro   0x00000000000138f6      0x174 ./Core/Src/fsm_automatic.o
 .debug_macro   0x0000000000013a6a       0x5c ./Core/Src/fsm_automatic.o
 .debug_macro   0x0000000000013ac6      0x5bc ./Core/Src/fsm_automatic.o
 .debug_macro   0x0000000000014082      0x289 ./Core/Src/fsm_automatic.o
 .debug_macro   0x000000000001430b      0x1cb ./Core/Src/fsm_automatic.o
 .debug_macro   0x00000000000144d6      0x114 ./Core/Src/fsm_automatic.o
 .debug_macro   0x00000000000145ea      0x1b2 ./Core/Src/fsm_automatic.o
 .debug_macro   0x000000000001479c       0x27 ./Core/Src/fsm_automatic.o
 .debug_macro   0x00000000000147c3      0x136 ./Core/Src/fsm_automatic.o
 .debug_macro   0x00000000000148f9      0x1bc ./Core/Src/fsm_automatic.o
 .debug_macro   0x0000000000014ab5       0x34 ./Core/Src/fsm_automatic.o
 .debug_macro   0x0000000000014ae9       0x3c ./Core/Src/fsm_automatic.o
 .debug_macro   0x0000000000014b25       0x57 ./Core/Src/fsm_automatic.o
 .debug_macro   0x0000000000014b7c       0x87 ./Core/Src/fsm_automatic.o
 .debug_macro   0x0000000000014c03      0x240 ./Core/Src/fsm_automatic.o
 .debug_macro   0x0000000000014e43      0x287 ./Core/Src/fsm_automatic.o
 .debug_macro   0x00000000000150ca      0x140 ./Core/Src/fsm_automatic.o
 .debug_macro   0x000000000001520a      0x8ed ./Core/Src/fsm_automatic.o
 .debug_macro   0x0000000000015af7       0x83 ./Core/Src/fsm_automatic.o
 .debug_macro   0x0000000000015b7a       0x58 ./Core/Src/fsm_automatic.o
 .debug_macro   0x0000000000015bd2       0x52 ./Core/Src/fsm_automatic.o
 .debug_macro   0x0000000000015c24       0x18 ./Core/Src/fsm_automatic.o
 .debug_macro   0x0000000000015c3c       0x3c ./Core/Src/fsm_automatic.o
 .debug_macro   0x0000000000015c78       0x34 ./Core/Src/fsm_automatic.o
 .debug_macro   0x0000000000015cac       0x16 ./Core/Src/fsm_automatic.o
 .debug_macro   0x0000000000015cc2       0x35 ./Core/Src/fsm_automatic.o
 .debug_macro   0x0000000000015cf7      0x333 ./Core/Src/fsm_automatic.o
 .debug_macro   0x000000000001602a       0x10 ./Core/Src/fsm_automatic.o
 .debug_macro   0x000000000001603a       0x16 ./Core/Src/fsm_automatic.o
 .debug_macro   0x0000000000016050       0x43 ./Core/Src/fsm_automatic.o
 .debug_macro   0x0000000000016093       0x34 ./Core/Src/fsm_automatic.o
 .debug_macro   0x00000000000160c7       0x10 ./Core/Src/fsm_automatic.o
 .debug_macro   0x00000000000160d7       0x58 ./Core/Src/fsm_automatic.o
 .debug_macro   0x000000000001612f       0x71 ./Core/Src/fsm_automatic.o
 .debug_macro   0x00000000000161a0       0x1c ./Core/Src/fsm_automatic.o
 .debug_macro   0x00000000000161bc      0x12a ./Core/Src/fsm_automatic.o
 .debug_macro   0x00000000000162e6       0x10 ./Core/Src/fsm_automatic.o
 .debug_macro   0x00000000000162f6       0x1c ./Core/Src/fsm_automatic.o
 .debug_macro   0x0000000000016312       0x52 ./Core/Src/fsm_automatic.o
 .debug_macro   0x0000000000016364       0x22 ./Core/Src/fsm_automatic.o
 .debug_macro   0x0000000000016386       0x10 ./Core/Src/fsm_automatic.o
 .debug_macro   0x0000000000016396       0x40 ./Core/Src/fsm_automatic.o
 .debug_macro   0x00000000000163d6       0xd5 ./Core/Src/fsm_automatic.o
 .debug_macro   0x00000000000164ab       0x1c ./Core/Src/fsm_automatic.o
 .debug_macro   0x00000000000164c7       0x3d ./Core/Src/fsm_automatic.o
 .debug_macro   0x0000000000016504       0x16 ./Core/Src/fsm_automatic.o
 .debug_macro   0x000000000001651a      0x145 ./Core/Src/fsm_automatic.o
 .debug_macro   0x000000000001665f       0x16 ./Core/Src/fsm_automatic.o
 .debug_macro   0x0000000000016675       0x16 ./Core/Src/fsm_automatic.o
 .debug_macro   0x000000000001668b       0x29 ./Core/Src/fsm_automatic.o
 .debug_macro   0x00000000000166b4       0x1c ./Core/Src/fsm_automatic.o
 .debug_macro   0x00000000000166d0       0x1c ./Core/Src/fsm_automatic.o
 .debug_macro   0x00000000000166ec      0x3b7 ./Core/Src/fsm_config.o
 .debug_macro   0x0000000000016aa3      0x3b7 ./Core/Src/fsm_manual.o
 .debug_macro   0x0000000000016e5a      0x3b7 ./Core/Src/fsm_system.o
 .debug_macro   0x0000000000017211      0x3b7 ./Core/Src/global.o
 .debug_macro   0x00000000000175c8      0x1ad ./Core/Src/i2c-lcd.o
 .debug_macro   0x0000000000017775      0x362 ./Core/Src/input_processing.o
 .debug_macro   0x0000000000017ad7       0x4c ./Core/Src/input_processing.o
 .debug_macro   0x0000000000017b23       0x94 ./Core/Src/input_processing.o
 .debug_macro   0x0000000000017bb7       0x57 ./Core/Src/input_processing.o
 .debug_macro   0x0000000000017c0e       0x97 ./Core/Src/input_processing.o
 .debug_macro   0x0000000000017ca5      0x339 ./Core/Src/input_processing.o
 .debug_macro   0x0000000000017fde       0xfd ./Core/Src/input_processing.o
 .debug_macro   0x00000000000180db       0xbd ./Core/Src/input_processing.o
 .debug_macro   0x0000000000018198       0x56 ./Core/Src/input_processing.o
 .debug_macro   0x00000000000181ee      0x1ca ./Core/Src/input_reading.o
 .debug_macro   0x00000000000183b8      0x3bf ./Core/Src/lcd_display.o
 .debug_macro   0x0000000000018777      0x3bb ./Core/Src/led_display.o
 .debug_macro   0x0000000000018b32      0x3e1 ./Core/Src/main.o
 .debug_macro   0x0000000000018f13      0x35a ./Core/Src/scheduler.o
 .debug_macro   0x000000000001926d      0x1c8 ./Core/Src/software_timer.o
 .debug_macro   0x0000000000019435      0x1b2 ./Core/Src/stm32f1xx_hal_msp.o
 .debug_macro   0x00000000000195e7      0x1bc ./Core/Src/stm32f1xx_it.o
 .debug_macro   0x00000000000197a3       0xff ./Core/Src/sysmem.o
 .debug_macro   0x00000000000198a2      0x23b ./Core/Src/sysmem.o
 .debug_macro   0x0000000000019add      0x1a3 ./Core/Src/system_stm32f1xx.o
 .debug_macro   0x0000000000019c80      0x1c7 ./Drivers/STM32F1xx_HAL_Driver/Src/stm32f1xx_hal.o
 .debug_macro   0x0000000000019e47      0x1a3 ./Drivers/STM32F1xx_HAL_Driver/Src/stm32f1xx_hal_cortex.o
 .debug_macro   0x0000000000019fea      0x20e ./Drivers/STM32F1xx_HAL_Driver/Src/stm32f1xx_hal_gpio.o
 .debug_macro   0x000000000001a1f8      0x1f1 ./Drivers/STM32F1xx_HAL_Driver/Src/stm32f1xx_hal_i2c.o
 .debug_macro   0x000000000001a3e9      0x1b5 ./Drivers/STM32F1xx_HAL_Driver/Src/stm32f1xx_hal_rcc.o
 .debug_macro   0x000000000001a59e      0x1a4 ./Drivers/STM32F1xx_HAL_Driver/Src/stm32f1xx_hal_tim.o
 .debug_macro   0x000000000001a742      0x1a3 ./Drivers/STM32F1xx_HAL_Driver/Src/stm32f1xx_hal_tim_ex.o

.debug_line     0x0000000000000000    0x16abf
 .debug_line    0x0000000000000000      0xb3b ./Core/Src/fsm_automatic.o
 .debug_line    0x0000000000000b3b     0x1189 ./Core/Src/fsm_config.o
 .debug_line    0x0000000000001cc4      0xac8 ./Core/Src/fsm_manual.o
 .debug_line    0x000000000000278c      0xb2d ./Core/Src/fsm_system.o
 .debug_line    0x00000000000032b9      0xa48 ./Core/Src/global.o
 .debug_line    0x0000000000003d01      0x85c ./Core/Src/i2c-lcd.o
 .debug_line    0x000000000000455d      0xb69 ./Core/Src/input_processing.o
 .debug_line    0x00000000000050c6      0x83d ./Core/Src/input_reading.o
 .debug_line    0x0000000000005903      0xb76 ./Core/Src/lcd_display.o
 .debug_line    0x0000000000006479      0xbd3 ./Core/Src/led_display.o
 .debug_line    0x000000000000704c      0xbe1 ./Core/Src/main.o
 .debug_line    0x0000000000007c2d      0xd29 ./Core/Src/scheduler.o
 .debug_line    0x0000000000008956      0x821 ./Core/Src/software_timer.o
 .debug_line    0x0000000000009177      0x820 ./Core/Src/stm32f1xx_hal_msp.o
 .debug_line    0x0000000000009997      0x873 ./Core/Src/stm32f1xx_it.o
 .debug_line    0x000000000000a20a      0x639 ./Core/Src/sysmem.o
 .debug_line    0x000000000000a843      0x817 ./Core/Src/system_stm32f1xx.o
 .debug_line    0x000000000000b05a       0x86 ./Core/Startup/startup_stm32f103rbtx.o
 .debug_line    0x000000000000b0e0      0xa44 ./Drivers/STM32F1xx_HAL_Driver/Src/stm32f1xx_hal.o
 .debug_line    0x000000000000bb24      0xc2c ./Drivers/STM32F1xx_HAL_Driver/Src/stm32f1xx_hal_cortex.o
 .debug_line    0x000000000000c750      0xadd ./Drivers/STM32F1xx_HAL_Driver/Src/stm32f1xx_hal_gpio.o
 .debug_line    0x000000000000d22d     0x3bda ./Drivers/STM32F1xx_HAL_Driver/Src/stm32f1xx_hal_i2c.o
 .debug_line    0x0000000000010e07      0xe50 ./Drivers/STM32F1xx_HAL_Driver/Src/stm32f1xx_hal_rcc.o
 .debug_line    0x0000000000011c57     0x34de ./Drivers/STM32F1xx_HAL_Driver/Src/stm32f1xx_hal_tim.o
 .debug_line    0x0000000000015135     0x198a ./Drivers/STM32F1xx_HAL_Driver/Src/stm32f1xx_hal_tim_ex.o

.debug_str      0x0000000000000000    0x8bad7
 .debug_str     0x0000000000000000    0x8762d ./Core/Src/fsm_automatic.o
                                      0x87a16 (size before relaxing)
 .debug_str     0x000000000008762d      0x102 ./Core/Src/fsm_config.o
                                      0x87ad8 (size before relaxing)
 .debug_str     0x000000000008772f       0x24 ./Core/Src/fsm_manual.o
                                      0x879fa (size before relaxing)
 .debug_str     0x0000000000087753       0x4d ./Core/Src/fsm_system.o
                                      0x87a23 (size before relaxing)
 .debug_str     0x00000000000877a0       0x15 ./Core/Src/global.o
                                      0x879eb (size before relaxing)
 .debug_str     0x00000000000877b5      0x499 ./Core/Src/i2c-lcd.o
                                      0x83884 (size before relaxing)
 .debug_str     0x0000000000087c4e      0x1cf ./Core/Src/input_processing.o
                                      0x878a6 (size before relaxing)
 .debug_str     0x0000000000087e1d      0x161 ./Core/Src/input_reading.o
                                      0x8364e (size before relaxing)
 .debug_str     0x0000000000087f7e       0xa2 ./Core/Src/lcd_display.o
                                      0x87a78 (size before relaxing)
 .debug_str     0x0000000000088020       0xd8 ./Core/Src/led_display.o
                                      0x87af5 (size before relaxing)
 .debug_str     0x00000000000880f8      0x538 ./Core/Src/main.o
                                      0x88454 (size before relaxing)
 .debug_str     0x0000000000088630      0x13b ./Core/Src/scheduler.o
                                      0x87830 (size before relaxing)
 .debug_str     0x000000000008876b       0x5a ./Core/Src/software_timer.o
                                      0x8354d (size before relaxing)
 .debug_str     0x00000000000887c5      0x31b ./Core/Src/stm32f1xx_hal_msp.o
                                      0x84013 (size before relaxing)
 .debug_str     0x0000000000088ae0       0xcd ./Core/Src/stm32f1xx_it.o
                                      0x83a3e (size before relaxing)
 .debug_str     0x0000000000088bad      0x4e9 ./Core/Src/sysmem.o
                                       0x626b (size before relaxing)
 .debug_str     0x0000000000089096       0x52 ./Core/Src/system_stm32f1xx.o
                                      0x83402 (size before relaxing)
 .debug_str     0x00000000000890e8       0x36 ./Core/Startup/startup_stm32f103rbtx.o
                                         0x7f (size before relaxing)
 .debug_str     0x000000000008911e      0x304 ./Drivers/STM32F1xx_HAL_Driver/Src/stm32f1xx_hal.o
                                      0x83a93 (size before relaxing)
 .debug_str     0x0000000000089422      0x300 ./Drivers/STM32F1xx_HAL_Driver/Src/stm32f1xx_hal_cortex.o
                                      0x83a9b (size before relaxing)
 .debug_str     0x0000000000089722      0x316 ./Drivers/STM32F1xx_HAL_Driver/Src/stm32f1xx_hal_gpio.o
                                      0x837c6 (size before relaxing)
 .debug_str     0x0000000000089a38      0xb95 ./Drivers/STM32F1xx_HAL_Driver/Src/stm32f1xx_hal_i2c.o
                                      0x84491 (size before relaxing)
 .debug_str     0x000000000008a5cd      0x244 ./Drivers/STM32F1xx_HAL_Driver/Src/stm32f1xx_hal_rcc.o
                                      0x837ff (size before relaxing)
 .debug_str     0x000000000008a811      0xdd8 ./Drivers/STM32F1xx_HAL_Driver/Src/stm32f1xx_hal_tim.o
                                      0x847e8 (size before relaxing)
 .debug_str     0x000000000008b5e9      0x4ee ./Drivers/STM32F1xx_HAL_Driver/Src/stm32f1xx_hal_tim_ex.o
                                      0x83f89 (size before relaxing)

.comment        0x0000000000000000       0x53
 .comment       0x0000000000000000       0x53 ./Core/Src/fsm_automatic.o
                                         0x54 (size before relaxing)
 .comment       0x0000000000000053       0x54 ./Core/Src/fsm_config.o
 .comment       0x0000000000000053       0x54 ./Core/Src/fsm_manual.o
 .comment       0x0000000000000053       0x54 ./Core/Src/fsm_system.o
 .comment       0x0000000000000053       0x54 ./Core/Src/global.o
 .comment       0x0000000000000053       0x54 ./Core/Src/i2c-lcd.o
 .comment       0x0000000000000053       0x54 ./Core/Src/input_processing.o
 .comment       0x0000000000000053       0x54 ./Core/Src/input_reading.o
 .comment       0x0000000000000053       0x54 ./Core/Src/lcd_display.o
 .comment       0x0000000000000053       0x54 ./Core/Src/led_display.o