Archive member included to satisfy reference by file (symbol)

D:/WORKSPACE/STM32_WS/STM32CubeIDE_1.14.0/STM32CubeIDE/plugins/com.st.stm32cube.ide.mcu.externaltools.gnu-tools-for-stm32.13.3.rel1.win32_1.0.0.202411081344/tools/bin/../lib/gcc/arm-none-eabi/13.3.1/../../../../arm-none-eabi/lib/thumb/v7-m/nofp\libc_nano.a(libc_a-exit.o)
                              D:/WORKSPACE/STM32_WS/STM32CubeIDE_1.14.0/STM32CubeIDE/plugins/com.st.stm32cube.ide.mcu.externaltools.gnu-tools-for-stm32.13.3.rel1.win32_1.0.0.202411081344/tools/bin/../lib/gcc/arm-none-eabi/13.3.1/../../../../arm-none-eabi/lib/thumb/v7-m/nofp/crt0.o (exit)
D:/WORKSPACE/STM32_WS/STM32CubeIDE_1.14.0/STM32CubeIDE/plugins/com.st.stm32cube.ide.mcu.externaltools.gnu-tools-for-stm32.13.3.rel1.win32_1.0.0.202411081344/tools/bin/../lib/gcc/arm-none-eabi/13.3.1/../../../../arm-none-eabi/lib/thumb/v7-m/nofp\libc_nano.a(libc_a-malloc.o)
                              ./Core/Src/scheduler.o (malloc)
D:/WORKSPACE/STM32_WS/STM32CubeIDE_1.14.0/STM32CubeIDE/plugins/com.st.stm32cube.ide.mcu.externaltools.gnu-tools-for-stm32.13.3.rel1.win32_1.0.0.202411081344/tools/bin/../lib/gcc/arm-none-eabi/13.3.1/../../../../arm-none-eabi/lib/thumb/v7-m/nofp\libc_nano.a(libc_a-mallocr.o)
                              D:/WORKSPACE/STM32_WS/STM32CubeIDE_1.14.0/STM32CubeIDE/plugins/com.st.stm32cube.ide.mcu.externaltools.gnu-tools-for-stm32.13.3.rel1.win32_1.0.0.202411081344/tools/bin/../lib/gcc/arm-none-eabi/13.3.1/../../../../arm-none-eabi/lib/thumb/v7-m/nofp\libc_nano.a(libc_a-malloc.o) (_malloc_r)
D:/WORKSPACE/STM32_WS/STM32CubeIDE_1.14.0/STM32CubeIDE/plugins/com.st.stm32cube.ide.mcu.externaltools.gnu-tools-for-stm32.13.3.rel1.win32_1.0.0.202411081344/tools/bin/../lib/gcc/arm-none-eabi/13.3.1/../../../../arm-none-eabi/lib/thumb/v7-m/nofp\libc_nano.a(libc_a-mlock.o)
                              D:/WORKSPACE/STM32_WS/STM32CubeIDE_1.14.0/STM32CubeIDE/plugins/com.st.stm32cube.ide.mcu.externaltools.gnu-tools-for-stm32.13.3.rel1.win32_1.0.0.202411081344/tools/bin/../lib/gcc/arm-none-eabi/13.3.1/../../../../arm-none-eabi/lib/thumb/v7-m/nofp\libc_nano.a(libc_a-mallocr.o) (__malloc_lock)
D:/WORKSPACE/STM32_WS/STM32CubeIDE_1.14.0/STM32CubeIDE/plugins/com.st.stm32cube.ide.mcu.externaltools.gnu-tools-for-stm32.13.3.rel1.win32_1.0.0.202411081344/tools/bin/../lib/gcc/arm-none-eabi/13.3.1/../../../../arm-none-eabi/lib/thumb/v7-m/nofp\libc_nano.a(libc_a-findfp.o)
                              D:/WORKSPACE/STM32_WS/STM32CubeIDE_1.14.0/STM32CubeIDE/plugins/com.st.stm32cube.ide.mcu.externaltools.gnu-tools-for-stm32.13.3.rel1.win32_1.0.0.202411081344/tools/bin/../lib/gcc/arm-none-eabi/13.3.1/../../../../arm-none-eabi/lib/thumb/v7-m/nofp\libc_nano.a(libc_a-exit.o) (__stdio_exit_handler)
D:/WORKSPACE/STM32_WS/STM32CubeIDE_1.14.0/STM32CubeIDE/plugins/com.st.stm32cube.ide.mcu.externaltools.gnu-tools-for-stm32.13.3.rel1.win32_1.0.0.202411081344/tools/bin/../lib/gcc/arm-none-eabi/13.3.1/../../../../arm-none-eabi/lib/thumb/v7-m/nofp\libc_nano.a(libc_a-fwalk.o)
                              D:/WORKSPACE/STM32_WS/STM32CubeIDE_1.14.0/STM32CubeIDE/plugins/com.st.stm32cube.ide.mcu.externaltools.gnu-tools-for-stm32.13.3.rel1.win32_1.0.0.202411081344/tools/bin/../lib/gcc/arm-none-eabi/13.3.1/../../../../arm-none-eabi/lib/thumb/v7-m/nofp\libc_nano.a(libc_a-findfp.o) (_fwalk_sglue)
D:/WORKSPACE/STM32_WS/STM32CubeIDE_1.14.0/STM32CubeIDE/plugins/com.st.stm32cube.ide.mcu.externaltools.gnu-tools-for-stm32.13.3.rel1.win32_1.0.0.202411081344/tools/bin/../lib/gcc/arm-none-eabi/13.3.1/../../../../arm-none-eabi/lib/thumb/v7-m/nofp\libc_nano.a(libc_a-sprintf.o)
                              ./Core/Src/lcd_display.o (sprintf)
D:/WORKSPACE/STM32_WS/STM32CubeIDE_1.14.0/STM32CubeIDE/plugins/com.st.stm32cube.ide.mcu.externaltools.gnu-tools-for-stm32.13.3.rel1.win32_1.0.0.202411081344/tools/bin/../lib/gcc/arm-none-eabi/13.3.1/../../../../arm-none-eabi/lib/thumb/v7-m/nofp\libc_nano.a(libc_a-stdio.o)
                              D:/WORKSPACE/STM32_WS/STM32CubeIDE_1.14.0/STM32CubeIDE/plugins/com.st.stm32cube.ide.mcu.externaltools.gnu-tools-for-stm32.13.3.rel1.win32_1.0.0.202411081344/tools/bin/../lib/gcc/arm-none-eabi/13.3.1/../../../../arm-none-eabi/lib/thumb/v7-m/nofp\libc_nano.a(libc_a-findfp.o) (__sread)
D:/WORKSPACE/STM32_WS/STM32CubeIDE_1.14.0/STM32CubeIDE/plugins/com.st.stm32cube.ide.mcu.externaltools.gnu-tools-for-stm32.13.3.rel1.win32_1.0.0.202411081344/tools/bin/../lib/gcc/arm-none-eabi/13.3.1/../../../../arm-none-eabi/lib/thumb/v7-m/nofp\libc_nano.a(libc_a-memset.o)
                              D:/WORKSPACE/STM32_WS/STM32CubeIDE_1.14.0/STM32CubeIDE/plugins/com.st.stm32cube.ide.mcu.externaltools.gnu-tools-for-stm32.13.3.rel1.win32_1.0.0.202411081344/tools/bin/../lib/gcc/arm-none-eabi/13.3.1/../../../../arm-none-eabi/lib/thumb/v7-m/nofp/crt0.o (memset)
[...]
Memory Configuration

Name             Origin             Length             Attributes
RAM              0x20000000         0x00005000         xrw
FLASH            0x08000000         0x00020000         xr
*default*        0x00000000         0xffffffff

Linker script and memory map

LOAD D:/WORKSPACE/STM32_WS/STM32CubeIDE_1.14.0/STM32CubeIDE/plugins/com.st.stm32cube.ide.mcu.externaltools.gnu-tools-for-stm32.13.3.rel1.win32_1.0.0.202411081344/tools/bin/../lib/gcc/arm-none-eabi/13.3.1/thumb/v7-m/nofp/crti.o
LOAD D:/WORKSPACE/STM32_WS/STM32CubeIDE_1.14.0/STM32CubeIDE/plugins/com.st.stm32cube.ide.mcu.externaltools.gnu-tools-for-stm32.13.3.rel1.win32_1.0.0.202411081344/tools/bin/../lib/gcc/arm-none-eabi/13.3.1/thumb/v7-m/nofp/crtbegin.o
LOAD D:/WORKSPACE/STM32_WS/STM32CubeIDE_1.14.0/STM32CubeIDE/plugins/com.st.stm32cube.ide.mcu.externaltools.gnu-tools-for-stm32.13.3.rel1.win32_1.0.0.202411081344/tools/bin/../lib/gcc/arm-none-eabi/13.3.1/../../../../arm-none-eabi/lib/thumb/v7-m/nofp/crt0.o
LOAD ./Core/Src/fsm_automatic.o
LOAD ./Core/Src/fsm_config.o
LOAD ./Core/Src/fsm_manual.o
LOAD ./Core/Src/fsm_system.o
LOAD ./Core/Src/global.o
LOAD ./Core/Src/i2c-lcd.o
LOAD ./Core/Src/input_processing.o
LOAD ./Core/Src/input_reading.o
LOAD ./Core/Src/lcd_display.o
LOAD ./Core/Src/led_display.o
LOAD ./Core/Src/main.o
LOAD ./Core/Src/scheduler.o
LOAD ./Core/Src/software_timer.o
LOAD ./Core/Src/stm32f1xx_hal_msp.o
LOAD ./Core/Src/stm32f1xx_it.o
LOAD ./Core/Src/syscalls.o
LOAD ./Core/Src/sysmem.o
LOAD ./Core/Src/system_stm32f1xx.o
LOAD ./Core/Startup/startup_stm32f103rbtx.o
LOAD ./Drivers/STM32F1xx_HAL_Driver/Src/stm32f1xx_hal.o
LOAD ./Drivers/STM32F1xx_HAL_Driver/Src/stm32f1xx_hal_cortex.o
LOAD ./Drivers/STM32F1xx_HAL_Driver/Src/stm32f1xx_hal_dma.o
LOAD ./Drivers/STM32F1xx_HAL_Driver/Src/stm32f1xx_hal_exti.o
LOAD ./Drivers/STM32F1xx_HAL_Driver/Src/stm32f1xx_hal_flash.o
LOAD ./Drivers/STM32F1xx_HAL_Driver/Src/stm32f1xx_hal_flash_ex.o
LOAD ./Drivers/STM32F1xx_HAL_Driver/Src/stm32f1xx_hal_gpio.o
LOAD ./Drivers/STM32F1xx_HAL_Driver/Src/stm32f1xx_hal_gpio_ex.o
LOAD ./Drivers/STM32F1xx_HAL_Driver/Src/stm32f1xx_hal_i2c.o
LOAD ./Drivers/STM32F1xx_HAL_Driver/Src/stm32f1xx_hal_pwr.o
LOAD ./Drivers/STM32F1xx_HAL_Driver/Src/stm32f1xx_hal_rcc.o
LOAD ./Drivers/STM32F1xx_HAL_Driver/Src/stm32f1xx_hal_rcc_ex.o
LOAD ./Drivers/STM32F1xx_HAL_Driver/Src/stm32f1xx_hal_tim.o
LOAD ./Drivers/STM32F1xx_HAL_Driver/Src/stm32f1xx_hal_tim_ex.o
START GROUP
LOAD D:/WORKSPACE/STM32_WS/STM32CubeIDE_1.14.0/STM32CubeIDE/plugins/com.st.stm32cube.ide.mcu.externaltools.gnu-tools-for-stm32.13.3.rel1.win32_1.0.0.202411081344/tools/bin/../lib/gcc/arm-none-eabi/13.3.1/../../../../arm-none-eabi/lib/thumb/v7-m/nofp\libc_nano.a
LOAD D:/WORKSPACE/STM32_WS/STM32CubeIDE_1.14.0/STM32CubeIDE/plugins/com.st.stm32cube.ide.mcu.externaltools.gnu-tools-for-stm32.13.3.rel1.win32_1.0.0.202411081344/tools/bin/../lib/gcc/arm-none-eabi/13.3.1/../../../../arm-none-eabi/lib/thumb/v7-m/nofp\libm.a
END GROUP
START GROUP
LOAD D:/WORKSPACE/STM32_WS/STM32CubeIDE_1.14.0/STM32CubeIDE/plugins/com.st.stm32cube.ide.mcu.externaltools.gnu-tools-for-stm32.13.3.rel1.win32_1.0.0.202411081344/tools/bin/../lib/gcc/arm-none-eabi/13.3.1/thumb/v7-m/nofp\libgcc.a
LOAD D:/WORKSPACE/STM32_WS/STM32CubeIDE_1.14.0/STM32CubeIDE/plugins/com.st.stm32cube.ide.mcu.externaltools.gnu-tools-for-stm32.13.3.rel1.win32_1.0.0.202411081344/tools/bin/../lib/gcc/arm-none-eabi/13.3.1/../../../../arm-none-eabi/lib/thumb/v7-m/nofp\libc_nano.a
END GROUP
START GROUP
LOAD D:/WORKSPACE/STM32_WS/STM32CubeIDE_1.14.0/STM32CubeIDE/plugins/com.st.stm32cube.ide.mcu.externaltools.gnu-tools-for-stm32.13.3.rel1.win32_1.0.0.202411081344/tools/bin/../lib/gcc/arm-none-eabi/13.3.1/thumb/v7-m/nofp\libgcc.a
LOAD D:/WORKSPACE/STM32_WS/STM32CubeIDE_1.14.0/STM32CubeIDE/plugins/com.st.stm32cube.ide.mcu.externaltools.gnu-tools-for-stm32.13.3.rel1.win32_1.0.0.202411081344/tools/bin/../lib/gcc/arm-none-eabi/13.3.1/../../../../arm-none-eabi/lib/thumb/v7-m/nofp\libc_nano.a
LOAD D:/WORKSPACE/STM32_WS/STM32CubeIDE_1.14.0/STM32CubeIDE/plugins/com.st.stm32cube.ide.mcu.externaltools.gnu-tools-for-stm32.13.3.rel1.win32_1.0.0.202411081344/tools/bin/../lib/gcc/arm-none-eabi/13.3.1/../../../../arm-none-eabi/lib/thumb/v7-m/nofp\libnosys.a
END GROUP
START GROUP
LOAD D:/WORKSPACE/STM32_WS/STM32CubeIDE_1.14.0/STM32CubeIDE/plugins/com.st.stm32cube.ide.mcu.externaltools.gnu-tools-for-stm32.13.3.rel1.win32_1.0.0.202411081344/tools/bin/../lib/gcc/arm-none-eabi/13.3.1/thumb/v7-m/nofp\libgcc.a
LOAD D:/WORKSPACE/STM32_WS/STM32CubeIDE_1.14.0/STM32CubeIDE/plugins/com.st.stm32cube.ide.mcu.externaltools.gnu-tools-for-stm32.13.3.rel1.win32_1.0.0.202411081344/tools/bin/../lib/gcc/arm-none-eabi/13.3.1/../../../../arm-none-eabi/lib/thumb/v7-m/nofp\libc_nano.a
LOAD D:/WORKSPACE/STM32_WS/STM32CubeIDE_1.14.0/STM32CubeIDE/plugins/com.st.stm32cube.ide.mcu.externaltools.gnu-tools-for-stm32.13.3.rel1.win32_1.0.0.202411081344/tools/bin/../lib/gcc/arm-none-eabi/13.3.1/../../../../arm-none-eabi/lib/thumb/v7-m/nofp\libnosys.a
END GROUP
LOAD D:/WORKSPACE/STM32_WS/STM32CubeIDE_1.14.0/STM32CubeIDE/plugins/com.st.stm32cube.ide.mcu.externaltools.gnu-tools-for-stm32.13.3.rel1.win32_1.0.0.202411081344/tools/bin/../lib/gcc/arm-none-eabi/13.3.1/thumb/v7-m/nofp/crtend.o
LOAD D:/WORKSPACE/STM32_WS/STM32CubeIDE_1.14.0/STM32CubeIDE/plugins/com.st.stm32cube.ide.mcu.externaltools.gnu-tools-for-stm32.13.3.rel1.win32_1.0.0.202411081344/tools/bin/../lib/gcc/arm-none-eabi/13.3.1/thumb/v7-m/nofp/crtn.o
                0x20005000                        _estack = (ORIGIN (RAM) + LENGTH (RAM))
                0x00000200                        _Min_Heap_Size = 0x200
                0x00000400                        _Min_Stack_Size = 0x400

.isr_vector     0x08000000      0x10c
                0x08000000                        . = ALIGN (0x4)
 *(.isr_vector)
 .isr_vector    0x08000000      0x10c ./Core/Startup/startup_stm32f103rbtx.o
                0x08000000                g_pfnVectors
                0x0800010c                        . = ALIGN (0x4)

.text           0x0800010c     0x3fdc
                0x0800010c                        . = ALIGN (0x4)
 *(.text)
 .text          0x0800010c       0x40 D:/WORKSPACE/STM32_WS/STM32CubeIDE_1.14.0/STM32CubeIDE/plugins/com.st.stm32cube.ide.mcu.externaltools.gnu-tools-for-stm32.13.3.rel1.win32_1.0.0.202411081344/tools/bin/../lib/gcc/arm-none-eabi/13.3.1/thumb/v7-m/nofp/crtbegin.o
 *(.text*)
 .text.traffic_light_automatic
                0x0800014c      0x310 ./Core/Src/fsm_automatic.o
                0x0800014c                traffic_light_automatic
 .text.init_test
                0x0800045c       0x38 ./Core/Src/fsm_config.o
                0x0800045c                init_test
 .text.fsm_manual
                0x08000494      0x184 ./Core/Src/fsm_manual.o
                0x08000494                fsm_manual
 .text.manual_red1_gre2
                0x08000618       0x14 ./Core/Src/fsm_manual.o
                0x08000618                manual_red1_gre2
 .text.manual_red1_yel2
                0x0800062c       0x14 ./Core/Src/fsm_manual.o
                0x0800062c                manual_red1_yel2
 .text.manual_gre1_red2
                0x08000640       0x14 ./Core/Src/fsm_manual.o
                0x08000640                manual_gre1_red2
 .text.manual_yel1_red2
                0x08000654       0x14 ./Core/Src/fsm_manual.o
                0x08000654                manual_yel1_red2
 .text.lcd_send_cmd
                0x08000668       0x60 ./Core/Src/i2c-lcd.o
                0x08000668                lcd_send_cmd
 .text.lcd_send_data
                0x080006c8       0x60 ./Core/Src/i2c-lcd.o
                0x080006c8                lcd_send_data
 .text.lcd_send_string
                0x08000728       0x2a ./Core/Src/i2c-lcd.o
                0x08000728                lcd_send_string
 .text.lcd_clear_display
                0x08000752        0xe ./Core/Src/i2c-lcd.o
                0x08000752                lcd_clear_display
 .text.lcd_goto_XY
                0x08000760       0x44 ./Core/Src/i2c-lcd.o
                0x08000760                lcd_goto_XY
 .text.button_processing
                0x080007a4      0x15c ./Core/Src/input_processing.o
                0x080007a4                button_processing
 .text.single_press_handler
                0x08000900       0x20 ./Core/Src/input_processing.o
                0x08000900                single_press_handler
 .text.double_press_handler
                0x08000920       0x20 ./Core/Src/input_processing.o
                0x08000920                double_press_handler
 .text.immediately_1s_press
                0x08000940       0x20 ./Core/Src/input_processing.o
                0x08000940                immediately_1s_press
 .text.continuously_press_handler
                0x08000960       0x20 ./Core/Src/input_processing.o
                0x08000960                continuously_press_handler
 .text.isSinglePressed
                0x08000980       0x2c ./Core/Src/input_processing.o
                0x08000980                isSinglePressed
 .text.resetButton
                0x080009ac       0x4c ./Core/Src/input_processing.o
                0x080009ac                resetButton
 .text.button_reading
                0x080009f8      0x11c ./Core/Src/input_reading.o
                0x080009f8                button_reading
 .text.is_button_pressed
                0x08000b14       0x34 ./Core/Src/input_reading.o
                0x08000b14                is_button_pressed
 .text.is_button_pressed_1s
                0x08000b48       0x34 ./Core/Src/input_reading.o
                0x08000b48                is_button_pressed_1s
 .text.display_manual_mode
                0x08000b7c       0x20 ./Core/Src/lcd_display.o
                0x08000b7c                display_manual_mode
 .text.display_auto_mode
                0x08000b9c      0x118 ./Core/Src/lcd_display.o
                0x08000b9c                display_auto_mode
 .text.set_rgy1
                0x08000cb4       0x88 ./Core/Src/led_display.o
                0x08000cb4                set_rgy1
 .text.set_rgy2
                0x08000d3c       0x90 ./Core/Src/led_display.o
                0x08000d3c                set_rgy2
 .text.main     0x08000dcc       0x78 ./Core/Src/main.o
                0x08000dcc                main
 .text.SystemClock_Config
                0x08000e44       0x76 ./Core/Src/main.o
                0x08000e44                SystemClock_Config
 *fill*         0x08000eba        0x2 
 .text.MX_I2C1_Init
                0x08000ebc       0x5c ./Core/Src/main.o
 .text.MX_TIM2_Init
                0x08000f18       0x98 ./Core/Src/main.o
 .text.MX_GPIO_Init
                0x08000fb0       0xd0 ./Core/Src/main.o
 .text.HAL_TIM_PeriodElapsedCallback
                0x08001080       0x14 ./Core/Src/main.o
                0x08001080                HAL_TIM_PeriodElapsedCallback
 .text.Error_Handler
                0x08001094        0xc ./Core/Src/main.o
                0x08001094                Error_Handler
 .text.SCH_Init
                0x080010a0       0x24 ./Core/Src/scheduler.o
                0x080010a0                SCH_Init
 .text.SCH_Add_Task
                0x080010c4       0xc4 ./Core/Src/scheduler.o
                0x080010c4                SCH_Add_Task
 .text.addAt    0x08001188       0xdc ./Core/Src/scheduler.o
                0x08001188                addAt
 .text.SCH_Delete_Task
                0x08001264      0x104 ./Core/Src/scheduler.o
                0x08001264                SCH_Delete_Task
 .text.SCH_Dispatch_Tasks
                0x08001368       0xa0 ./Core/Src/scheduler.o
                0x08001368                SCH_Dispatch_Tasks
 .text.SCH_Update
                0x08001408       0x68 ./Core/Src/scheduler.o
                0x08001408                SCH_Update
 .text.rearrange_ID
                0x08001470       0x3c ./Core/Src/scheduler.o
                0x08001470                rearrange_ID
 .text.setTimer
                0x080014ac       0x40 ./Core/Src/software_timer.o
                0x080014ac                setTimer
 .text.timer_run
                0x080014ec       0x60 ./Core/Src/software_timer.o
                0x080014ec                timer_run
 .text.isFlag   0x0800154c       0x2c ./Core/Src/software_timer.o
                0x0800154c                isFlag
 .text.HAL_MspInit
                0x08001578       0x64 ./Core/Src/stm32f1xx_hal_msp.o
                0x08001578                HAL_MspInit
 .text.HAL_I2C_MspInit
                0x080015dc       0xa0 ./Core/Src/stm32f1xx_hal_msp.o
                0x080015dc                HAL_I2C_MspInit
 .text.HAL_TIM_Base_MspInit
                0x0800167c       0x48 ./Core/Src/stm32f1xx_hal_msp.o
                0x0800167c                HAL_TIM_Base_MspInit
 .text.NMI_Handler
                0x080016c4        0x8 ./Core/Src/stm32f1xx_it.o
                0x080016c4                NMI_Handler
 .text.HardFault_Handler
                0x080016cc        0x8 ./Core/Src/stm32f1xx_it.o
                0x080016cc                HardFault_Handler
 .text.MemManage_Handler
                0x080016d4        0x8 ./Core/Src/stm32f1xx_it.o
                0x080016d4                MemManage_Handler
 .text.BusFault_Handler
                0x080016dc        0x8 ./Core/Src/stm32f1xx_it.o
                0x080016dc                BusFault_Handler
 .text.UsageFault_Handler
                0x080016e4        0x8 ./Core/Src/stm32f1xx_it.o
                0x080016e4                UsageFault_Handler
 .text.SVC_Handler
                0x080016ec        0xc ./Core/Src/stm32f1xx_it.o
                0x080016ec                SVC_Handler
 .text.DebugMon_Handler
                0x080016f8        0xc ./Core/Src/stm32f1xx_it.o
                0x080016f8                DebugMon_Handler
 .text.PendSV_Handler
                0x08001704        0xc ./Core/Src/stm32f1xx_it.o
                0x08001704                PendSV_Handler
 .text.SysTick_Handler
                0x08001710        0xc ./Core/Src/stm32f1xx_it.o
                0x08001710                SysTick_Handler
 .text.TIM2_IRQHandler
                0x0800171c       0x14 ./Core/Src/stm32f1xx_it.o
                0x0800171c                TIM2_IRQHandler
 .text._sbrk    0x08001730       0x6c ./Core/Src/sysmem.o
                0x08001730                _sbrk
 .text.SystemInit
                0x0800179c        0xc ./Core/Src/system_stm32f1xx.o
                0x0800179c                SystemInit
 .text.Reset_Handler
                0x080017a8       0x48 ./Core/Startup/startup_stm32f103rbtx.o
                0x080017a8                Reset_Handler
 .text.Default_Handler
                0x080017f0        0x2 ./Core/Startup/startup_stm32f103rbtx.o
                0x080017f0                RTC_Alarm_IRQHandler
                0x080017f0                EXTI2_IRQHandler
                0x080017f0                TIM1_CC_IRQHandler
                0x080017f0                PVD_IRQHandler
                0x080017f0                EXTI3_IRQHandler
                0x080017f0                EXTI0_IRQHandler
                0x080017f0                I2C2_EV_IRQHandler
                0x080017f0                ADC1_2_IRQHandler
                0x080017f0                SPI1_IRQHandler
                0x080017f0                TAMPER_IRQHandler
                0x080017f0                DMA1_Channel4_IRQHandler
                0x080017f0                USART3_IRQHandler
                0x080017f0                RTC_IRQHandler
                0x080017f0                DMA1_Channel7_IRQHandler
                0x080017f0                CAN1_RX1_IRQHandler
                0x080017f0                TIM4_IRQHandler
                0x080017f0                I2C1_EV_IRQHandler
                0x080017f0                DMA1_Channel6_IRQHandler
                0x080017f0                TIM3_IRQHandler
                0x080017f0                RCC_IRQHandler
                0x080017f0                TIM1_TRG_COM_IRQHandler
                0x080017f0                DMA1_Channel1_IRQHandler
                0x080017f0                Default_Handler
                0x080017f0                EXTI15_10_IRQHandler
                0x080017f0                EXTI9_5_IRQHandler
                0x080017f0                SPI2_IRQHandler
                0x080017f0                DMA1_Channel5_IRQHandler
                0x080017f0                EXTI4_IRQHandler
                0x080017f0                USB_LP_CAN1_RX0_IRQHandler
                0x080017f0                USB_HP_CAN1_TX_IRQHandler
                0x080017f0                DMA1_Channel3_IRQHandler
                0x080017f0                TIM1_UP_IRQHandler
                0x080017f0                WWDG_IRQHandler
                0x080017f0                TIM1_BRK_IRQHandler
                0x080017f0                EXTI1_IRQHandler
                0x080017f0                USART2_IRQHandler
                0x080017f0                I2C2_ER_IRQHandler
                0x080017f0                DMA1_Channel2_IRQHandler
                0x080017f0                CAN1_SCE_IRQHandler
                0x080017f0                FLASH_IRQHandler
                0x080017f0                USART1_IRQHandler
                0x080017f0                I2C1_ER_IRQHandler
                0x080017f0                USBWakeUp_IRQHandler
 *fill*         0x080017f2        0x2 
 .text.HAL_Init
                0x080017f4       0x2c ./Drivers/STM32F1xx_HAL_Driver/Src/stm32f1xx_hal.o
                0x080017f4                HAL_Init
 .text.HAL_InitTick
                0x08001820       0x60 ./Drivers/STM32F1xx_HAL_Driver/Src/stm32f1xx_hal.o
                0x08001820                HAL_InitTick
 .text.HAL_IncTick
                0x08001880       0x24 ./Drivers/STM32F1xx_HAL_Driver/Src/stm32f1xx_hal.o
                0x08001880                HAL_IncTick
 .text.HAL_GetTick
                0x080018a4       0x14 ./Drivers/STM32F1xx_HAL_Driver/Src/stm32f1xx_hal.o
                0x080018a4                HAL_GetTick
 .text.__NVIC_SetPriorityGrouping
                0x080018b8       0x48 ./Drivers/STM32F1xx_HAL_Driver/Src/stm32f1xx_hal_cortex.o
 .text.__NVIC_GetPriorityGrouping
                0x08001900       0x1c ./Drivers/STM32F1xx_HAL_Driver/Src/stm32f1xx_hal_cortex.o
 .text.__NVIC_EnableIRQ
                0x0800191c       0x38 ./Drivers/STM32F1xx_HAL_Driver/Src/stm32f1xx_hal_cortex.o
 .text.__NVIC_SetPriority
                0x08001954       0x54 ./Drivers/STM32F1xx_HAL_Driver/Src/stm32f1xx_hal_cortex.o
 .text.NVIC_EncodePriority
                0x080019a8       0x64 ./Drivers/STM32F1xx_HAL_Driver/Src/stm32f1xx_hal_cortex.o
 .text.SysTick_Config
                0x08001a0c       0x44 ./Drivers/STM32F1xx_HAL_Driver/Src/stm32f1xx_hal_cortex.o
 .text.HAL_NVIC_SetPriorityGrouping
                0x08001a50       0x16 ./Drivers/STM32F1xx_HAL_Driver/Src/stm32f1xx_hal_cortex.o
                0x08001a50                HAL_NVIC_SetPriorityGrouping
 .text.HAL_NVIC_SetPriority
                0x08001a66       0x38 ./Drivers/STM32F1xx_HAL_Driver/Src/stm32f1xx_hal_cortex.o
                0x08001a66                HAL_NVIC_SetPriority
 .text.HAL_NVIC_EnableIRQ
                0x08001a9e       0x1c ./Drivers/STM32F1xx_HAL_Driver/Src/stm32f1xx_hal_cortex.o
                0x08001a9e                HAL_NVIC_EnableIRQ
 .text.HAL_SYSTICK_Config
                0x08001aba       0x18 ./Drivers/STM32F1xx_HAL_Driver/Src/stm32f1xx_hal_cortex.o
                0x08001aba                HAL_SYSTICK_Config
 *fill*         0x08001ad2        0x2 
 .text.HAL_GPIO_Init
                0x08001ad4      0x308 ./Drivers/STM32F1xx_HAL_Driver/Src/stm32f1xx_hal_gpio.o
                0x08001ad4                HAL_GPIO_Init
 .text.HAL_GPIO_ReadPin
                0x08001ddc       0x2e ./Drivers/STM32F1xx_HAL_Driver/Src/stm32f1xx_hal_gpio.o
                0x08001ddc                HAL_GPIO_ReadPin
 .text.HAL_GPIO_WritePin
                0x08001e0a       0x30 ./Drivers/STM32F1xx_HAL_Driver/Src/stm32f1xx_hal_gpio.o
                0x08001e0a                HAL_GPIO_WritePin
 *fill*         0x08001e3a        0x2 
 .text.HAL_I2C_Init
                0x08001e3c      0x288 ./Drivers/STM32F1xx_HAL_Driver/Src/stm32f1xx_hal_i2c.o
                0x08001e3c                HAL_I2C_Init
 .text.HAL_I2C_Master_Transmit
                0x080020c4      0x1fc ./Drivers/STM32F1xx_HAL_Driver/Src/stm32f1xx_hal_i2c.o
                0x080020c4                HAL_I2C_Master_Transmit
 .text.I2C_MasterRequestWrite
                0x080022c0      0x104 ./Drivers/STM32F1xx_HAL_Driver/Src/stm32f1xx_hal_i2c.o
 .text.I2C_WaitOnFlagUntilTimeout
                0x080023c4       0xf4 ./Drivers/STM32F1xx_HAL_Driver/Src/stm32f1xx_hal_i2c.o
 .text.I2C_WaitOnMasterAddressFlagUntilTimeout
                0x080024b8      0x140 ./Drivers/STM32F1xx_HAL_Driver/Src/stm32f1xx_hal_i2c.o
 .text.I2C_WaitOnTXEFlagUntilTimeout
                0x080025f8       0x90 ./Drivers/STM32F1xx_HAL_Driver/Src/stm32f1xx_hal_i2c.o
 .text.I2C_WaitOnBTFFlagUntilTimeout
                0x08002688       0x90 ./Drivers/STM32F1xx_HAL_Driver/Src/stm32f1xx_hal_i2c.o
 .text.I2C_IsAcknowledgeFailed
                0x08002718       0x5c ./Drivers/STM32F1xx_HAL_Driver/Src/stm32f1xx_hal_i2c.o
 .text.HAL_RCC_OscConfig
                0x08002774      0x504 ./Drivers/STM32F1xx_HAL_Driver/Src/stm32f1xx_hal_rcc.o
                0x08002774                HAL_RCC_OscConfig
 .text.HAL_RCC_ClockConfig
                0x08002c78      0x1d4 ./Drivers/STM32F1xx_HAL_Driver/Src/stm32f1xx_hal_rcc.o
                0x08002c78                HAL_RCC_ClockConfig
 .text.HAL_RCC_GetSysClockFreq
                0x08002e4c       0xa8 ./Drivers/STM32F1xx_HAL_Driver/Src/stm32f1xx_hal_rcc.o
                0x08002e4c                HAL_RCC_GetSysClockFreq
 .text.HAL_RCC_GetHCLKFreq
                0x08002ef4       0x14 ./Drivers/STM32F1xx_HAL_Driver/Src/stm32f1xx_hal_rcc.o
                0x08002ef4                HAL_RCC_GetHCLKFreq
 .text.HAL_RCC_GetPCLK1Freq
                0x08002f08       0x28 ./Drivers/STM32F1xx_HAL_Driver/Src/stm32f1xx_hal_rcc.o
                0x08002f08                HAL_RCC_GetPCLK1Freq
 .text.RCC_Delay
                0x08002f30       0x3c ./Drivers/STM32F1xx_HAL_Driver/Src/stm32f1xx_hal_rcc.o
 .text.HAL_TIM_Base_Init
                0x08002f6c       0x9e ./Drivers/STM32F1xx_HAL_Driver/Src/stm32f1xx_hal_tim.o
                0x08002f6c                HAL_TIM_Base_Init
 *fill*         0x0800300a        0x2 
 .text.HAL_TIM_Base_Start_IT
                0x0800300c       0xa4 ./Drivers/STM32F1xx_HAL_Driver/Src/stm32f1xx_hal_tim.o
                0x0800300c                HAL_TIM_Base_Start_IT
 .text.HAL_TIM_IRQHandler
                0x080030b0      0x1e0 ./Drivers/STM32F1xx_HAL_Driver/Src/stm32f1xx_hal_tim.o
                0x080030b0                HAL_TIM_IRQHandler
 .text.HAL_TIM_ConfigClockSource
                0x08003290      0x18e ./Drivers/STM32F1xx_HAL_Driver/Src/stm32f1xx_hal_tim.o
                0x08003290                HAL_TIM_ConfigClockSource
 .text.HAL_TIM_OC_DelayElapsedCallback
                0x0800341e       0x12 ./Drivers/STM32F1xx_HAL_Driver/Src/stm32f1xx_hal_tim.o
                0x0800341e                HAL_TIM_OC_DelayElapsedCallback
 .text.HAL_TIM_IC_CaptureCallback
                0x08003430       0x12 ./Drivers/STM32F1xx_HAL_Driver/Src/stm32f1xx_hal_tim.o
                0x08003430                HAL_TIM_IC_CaptureCallback
 .text.HAL_TIM_PWM_PulseFinishedCallback
                0x08003442       0x12 ./Drivers/STM32F1xx_HAL_Driver/Src/stm32f1xx_hal_tim.o
                0x08003442                HAL_TIM_PWM_PulseFinishedCallback
 .text.HAL_TIM_TriggerCallback
                0x08003454       0x12 ./Drivers/STM32F1xx_HAL_Driver/Src/stm32f1xx_hal_tim.o
                0x08003454                HAL_TIM_TriggerCallback
 *fill*         0x08003466        0x2 
 .text.TIM_Base_SetConfig
                0x08003468       0xdc ./Drivers/STM32F1xx_HAL_Driver/Src/stm32f1xx_hal_tim.o
                0x08003468                TIM_Base_SetConfig
 .text.TIM_TI1_ConfigInputStage
                0x08003544       0x5c ./Drivers/STM32F1xx_HAL_Driver/Src/stm32f1xx_hal_tim.o
 .text.TIM_TI2_ConfigInputStage
                0x080035a0       0x5e ./Drivers/STM32F1xx_HAL_Driver/Src/stm32f1xx_hal_tim.o
 .text.TIM_ITRx_SetConfig
                0x080035fe       0x34 ./Drivers/STM32F1xx_HAL_Driver/Src/stm32f1xx_hal_tim.o
 .text.TIM_ETR_SetConfig
                0x08003632       0x3e ./Drivers/STM32F1xx_HAL_Driver/Src/stm32f1xx_hal_tim.o
                0x08003632                TIM_ETR_SetConfig
 .text.HAL_TIMEx_MasterConfigSynchronization
                0x08003670       0xbc ./Drivers/STM32F1xx_HAL_Driver/Src/stm32f1xx_hal_tim_ex.o
                0x08003670                HAL_TIMEx_MasterConfigSynchronization
 .text.HAL_TIMEx_CommutCallback
                0x0800372c       0x12 ./Drivers/STM32F1xx_HAL_Driver/Src/stm32f1xx_hal_tim_ex.o
                0x0800372c                HAL_TIMEx_CommutCallback
 .text.HAL_TIMEx_BreakCallback
                0x0800373e       0x12 ./Drivers/STM32F1xx_HAL_Driver/Src/stm32f1xx_hal_tim_ex.o
                0x0800373e                HAL_TIMEx_BreakCallback
 .text.malloc   0x08003750       0x10 D:/WORKSPACE/STM32_WS/STM32CubeIDE_1.14.0/STM32CubeIDE/plugins/com.st.stm32cube.ide.mcu.externaltools.gnu-tools-for-stm32.13.3.rel1.win32_1.0.0.202411081344/tools/bin/../lib/gcc/arm-none-eabi/13.3.1/../../../../arm-none-eabi/lib/thumb/v7-m/nofp\libc_nano.a(libc_a-malloc.o)
                0x08003750                malloc
 .text.free     0x08003760       0x10 D:/WORKSPACE/STM32_WS/STM32CubeIDE_1.14.0/STM32CubeIDE/plugins/com.st.stm32cube.ide.mcu.externaltools.gnu-tools-for-stm32.13.3.rel1.win32_1.0.0.202411081344/tools/bin/../lib/gcc/arm-none-eabi/13.3.1/../../../../arm-none-eabi/lib/thumb/v7-m/nofp\libc_nano.a(libc_a-malloc.o)
                0x08003760                free
 .text.sbrk_aligned
                0x08003770       0x44 D:/WORKSPACE/STM32_WS/STM32CubeIDE_1.14.0/STM32CubeIDE/plugins/com.st.stm32cube.ide.mcu.externaltools.gnu-tools-for-stm32.13.3.rel1.win32_1.0.0.202411081344/tools/bin/../lib/gcc/arm-none-eabi/13.3.1/../../../../arm-none-eabi/lib/thumb/v7-m/nofp\libc_nano.a(libc_a-mallocr.o)
 .text._malloc_r
                0x080037b4      0x100 D:/WORKSPACE/STM32_WS/STM32CubeIDE_1.14.0/STM32CubeIDE/plugins/com.st.stm32cube.ide.mcu.externaltools.gnu-tools-for-stm32.13.3.rel1.win32_1.0.0.202411081344/tools/bin/../lib/gcc/arm-none-eabi/13.3.1/../../../../arm-none-eabi/lib/thumb/v7-m/nofp\libc_nano.a(libc_a-mallocr.o)
                0x080037b4                _malloc_r
 .text.__malloc_lock
                0x080038b4        0xc D:/WORKSPACE/STM32_WS/STM32CubeIDE_1.14.0/STM32CubeIDE/plugins/com.st.stm32cube.ide.mcu.externaltools.gnu-tools-for-stm32.13.3.rel1.win32_1.0.0.202411081344/tools/bin/../lib/gcc/arm-none-eabi/13.3.1/../../../../arm-none-eabi/lib/thumb/v7-m/nofp\libc_nano.a(libc_a-mlock.o)
                0x080038b4                __malloc_lock
 .text.__malloc_unlock
                0x080038c0        0xc D:/WORKSPACE/STM32_WS/STM32CubeIDE_1.14.0/STM32CubeIDE/plugins/com.st.stm32cube.ide.mcu.externaltools.gnu-tools-for-stm32.13.3.rel1.win32_1.0.0.202411081344/tools/bin/../lib/gcc/arm-none-eabi/13.3.1/../../../../arm-none-eabi/lib/thumb/v7-m/nofp\libc_nano.a(libc_a-mlock.o)
                0x080038c0                __malloc_unlock
 .text.sprintf  0x080038cc       0x44 D:/WORKSPACE/STM32_WS/STM32CubeIDE_1.14.0/STM32CubeIDE/plugins/com.st.stm32cube.ide.mcu.externaltools.gnu-tools-for-stm32.13.3.rel1.win32_1.0.0.202411081344/tools/bin/../lib/gcc/arm-none-eabi/13.3.1/../../../../arm-none-eabi/lib/thumb/v7-m/nofp\libc_nano.a(libc_a-sprintf.o)
                0x080038cc                siprintf
                0x080038cc                sprintf
 .text.memset   0x08003910       0x10 D:/WORKSPACE/STM32_WS/STM32CubeIDE_1.14.0/STM32CubeIDE/plugins/com.st.stm32cube.ide.mcu.externaltools.gnu-tools-for-stm32.13.3.rel1.win32_1.0.0.202411081344/tools/bin/../lib/gcc/arm-none-eabi/13.3.1/../../../../arm-none-eabi/lib/thumb/v7-m/nofp\libc_nano.a(libc_a-memset.o)
                0x08003910                memset
 .text._sbrk_r  0x08003920       0x20 D:/WORKSPACE/STM32_WS/STM32CubeIDE_1.14.0/STM32CubeIDE/plugins/com.st.stm32cube.ide.mcu.externaltools.gnu-tools-for-stm32.13.3.rel1.win32_1.0.0.202411081344/tools/bin/../lib/gcc/arm-none-eabi/13.3.1/../../../../arm-none-eabi/lib/thumb/v7-m/nofp\libc_nano.a(libc_a-sbrkr.o)
                0x08003920                _sbrk_r
 .text.__errno  0x08003940        0xc D:/WORKSPACE/STM32_WS/STM32CubeIDE_1.14.0/STM32CubeIDE/plugins/com.st.stm32cube.ide.mcu.externaltools.gnu-tools-for-stm32.13.3.rel1.win32_1.0.0.202411081344/tools/bin/../lib/gcc/arm-none-eabi/13.3.1/../../../../arm-none-eabi/lib/thumb/v7-m/nofp\libc_nano.a(libc_a-errno.o)
                0x08003940                __errno
 .text.__libc_init_array
                0x0800394c       0x48 D:/WORKSPACE/STM32_WS/STM32CubeIDE_1.14.0/STM32CubeIDE/plugins/com.st.stm32cube.ide.mcu.externaltools.gnu-tools-for-stm32.13.3.rel1.win32_1.0.0.202411081344/tools/bin/../lib/gcc/arm-none-eabi/13.3.1/../../../../arm-none-eabi/lib/thumb/v7-m/nofp\libc_nano.a(libc_a-init.o)
                0x0800394c                __libc_init_array
 .text.__retarget_lock_acquire_recursive
                0x08003994        0x2 D:/WORKSPACE/STM32_WS/STM32CubeIDE_1.14.0/STM32CubeIDE/plugins/com.st.stm32cube.ide.mcu.externaltools.gnu-tools-for-stm32.13.3.rel1.win32_1.0.0.202411081344/tools/bin/../lib/gcc/arm-none-eabi/13.3.1/../../../../arm-none-eabi/lib/thumb/v7-m/nofp\libc_nano.a(libc_a-lock.o)
                0x08003994                __retarget_lock_acquire_recursive
 .text.__retarget_lock_release_recursive
                0x08003996        0x2 D:/WORKSPACE/STM32_WS/STM32CubeIDE_1.14.0/STM32CubeIDE/plugins/com.st.stm32cube.ide.mcu.externaltools.gnu-tools-for-stm32.13.3.rel1.win32_1.0.0.202411081344/tools/bin/../lib/gcc/arm-none-eabi/13.3.1/../../../../arm-none-eabi/lib/thumb/v7-m/nofp\libc_nano.a(libc_a-lock.o)
                0x08003996                __retarget_lock_release_recursive
 .text._free_r  0x08003998       0x90 D:/WORKSPACE/STM32_WS/STM32CubeIDE_1.14.0/STM32CubeIDE/plugins/com.st.stm32cube.ide.mcu.externaltools.gnu-tools-for-stm32.13.3.rel1.win32_1.0.0.202411081344/tools/bin/../lib/gcc/arm-none-eabi/13.3.1/../../../../arm-none-eabi/lib/thumb/v7-m/nofp\libc_nano.a(libc_a-freer.o)
                0x08003998                _free_r
 .text.__ssputs_r
                0x08003a28       0xb6 D:/WORKSPACE/STM32_WS/STM32CubeIDE_1.14.0/STM32CubeIDE/plugins/com.st.stm32cube.ide.mcu.externaltools.gnu-tools-for-stm32.13.3.rel1.win32_1.0.0.202411081344/tools/bin/../lib/gcc/arm-none-eabi/13.3.1/../../../../arm-none-eabi/lib/thumb/v7-m/nofp\libc_nano.a(libc_a-nano-svfprintf.o)
                0x08003a28                __ssputs_r
 *fill*         0x08003ade        0x2 
 .text._svfprintf_r
                0x08003ae0      0x1f8 D:/WORKSPACE/STM32_WS/STM32CubeIDE_1.14.0/STM32CubeIDE/plugins/com.st.stm32cube.ide.mcu.externaltools.gnu-tools-for-stm32.13.3.rel1.win32_1.0.0.202411081344/tools/bin/../lib/gcc/arm-none-eabi/13.3.1/../../../../arm-none-eabi/lib/thumb/v7-m/nofp\libc_nano.a(libc_a-nano-svfprintf.o)
                0x08003ae0                _svfiprintf_r
                0x08003ae0                _svfprintf_r
 .text._printf_common
                0x08003cd8       0xe4 D:/WORKSPACE/STM32_WS/STM32CubeIDE_1.14.0/STM32CubeIDE/plugins/com.st.stm32cube.ide.mcu.externaltools.gnu-tools-for-stm32.13.3.rel1.win32_1.0.0.202411081344/tools/bin/../lib/gcc/arm-none-eabi/13.3.1/../../../../arm-none-eabi/lib/thumb/v7-m/nofp\libc_nano.a(libc_a-nano-vfprintf_i.o)
                0x08003cd8                _printf_common
 .text._printf_i
                0x08003dbc      0x23c D:/WORKSPACE/STM32_WS/STM32CubeIDE_1.14.0/STM32CubeIDE/plugins/com.st.stm32cube.ide.mcu.externaltools.gnu-tools-for-stm32.13.3.rel1.win32_1.0.0.202411081344/tools/bin/../lib/gcc/arm-none-eabi/13.3.1/../../../../arm-none-eabi/lib/thumb/v7-m/nofp\libc_nano.a(libc_a-nano-vfprintf_i.o)
                0x08003dbc                _printf_i
 .text.memmove  0x08003ff8       0x34 D:/WORKSPACE/STM32_WS/STM32CubeIDE_1.14.0/STM32CubeIDE/plugins/com.st.stm32cube.ide.mcu.externaltools.gnu-tools-for-stm32.13.3.rel1.win32_1.0.0.202411081344/tools/bin/../lib/gcc/arm-none-eabi/13.3.1/../../../../arm-none-eabi/lib/thumb/v7-m/nofp\libc_nano.a(libc_a-memmove.o)
                0x08003ff8                memmove
 .text.memchr   0x0800402c       0x1c D:/WORKSPACE/STM32_WS/STM32CubeIDE_1.14.0/STM32CubeIDE/plugins/com.st.stm32cube.ide.mcu.externaltools.gnu-tools-for-stm32.13.3.rel1.win32_1.0.0.202411081344/tools/bin/../lib/gcc/arm-none-eabi/13.3.1/../../../../arm-none-eabi/lib/thumb/v7-m/nofp\libc_nano.a(libc_a-memchr-stub.o)
                0x0800402c                memchr
 .text.memcpy   0x08004048       0x1c D:/WORKSPACE/STM32_WS/STM32CubeIDE_1.14.0/STM32CubeIDE/plugins/com.st.stm32cube.ide.mcu.externaltools.gnu-tools-for-stm32.13.3.rel1.win32_1.0.0.202411081344/tools/bin/../lib/gcc/arm-none-eabi/13.3.1/../../../../arm-none-eabi/lib/thumb/v7-m/nofp\libc_nano.a(libc_a-memcpy-stub.o)
                0x08004048                memcpy
 .text._realloc_r
                0x08004064       0x5c D:/WORKSPACE/STM32_WS/STM32CubeIDE_1.14.0/STM32CubeIDE/plugins/com.st.stm32cube.ide.mcu.externaltools.gnu-tools-for-stm32.13.3.rel1.win32_1.0.0.202411081344/tools/bin/../lib/gcc/arm-none-eabi/13.3.1/../../../../arm-none-eabi/lib/thumb/v7-m/nofp\libc_nano.a(libc_a-reallocr.o)
                0x08004064                _realloc_r
 .text._malloc_usable_size_r
                0x080040c0       0x10 D:/WORKSPACE/STM32_WS/STM32CubeIDE_1.14.0/STM32CubeIDE/plugins/com.st.stm32cube.ide.mcu.externaltools.gnu-tools-for-stm32.13.3.rel1.win32_1.0.0.202411081344/tools/bin/../lib/gcc/arm-none-eabi/13.3.1/../../../../arm-none-eabi/lib/thumb/v7-m/nofp\libc_nano.a(libc_a-msizer.o)
                0x080040c0                _malloc_usable_size_r
 *(.glue_7)
 .glue_7        0x080040d0        0x0 linker stubs
 *(.glue_7t)
 .glue_7t       0x080040d0        0x0 linker stubs
 *(.eh_frame)
 .eh_frame      0x080040d0        0x0 D:/WORKSPACE/STM32_WS/STM32CubeIDE_1.14.0/STM32CubeIDE/plugins/com.st.stm32cube.ide.mcu.externaltools.gnu-tools-for-stm32.13.3.rel1.win32_1.0.0.202411081344/tools/bin/../lib/gcc/arm-none-eabi/13.3.1/thumb/v7-m/nofp/crtbegin.o
 *(.init)
 .init          0x080040d0        0x4 D:/WORKSPACE/STM32_WS/STM32CubeIDE_1.14.0/STM32CubeIDE/plugins/com.st.stm32cube.ide.mcu.externaltools.gnu-tools-for-stm32.13.3.rel1.win32_1.0.0.202411081344/tools/bin/../lib/gcc/arm-none-eabi/13.3.1/thumb/v7-m/nofp/crti.o
                0x080040d0                _init
 .init          0x080040d4        0x8 D:/WORKSPACE/STM32_WS/STM32CubeIDE_1.14.0/STM32CubeIDE/plugins/com.st.stm32cube.ide.mcu.externaltools.gnu-tools-for-stm32.13.3.rel1.win32_1.0.0.202411081344/tools/bin/../lib/gcc/arm-none-eabi/13.3.1/thumb/v7-m/nofp/crtn.o
 *(.fini)
 .fini          0x080040dc        0x4 D:/WORKSPACE/STM32_WS/STM32CubeIDE_1.14.0/STM32CubeIDE/plugins/com.st.stm32cube.ide.mcu.externaltools.gnu-tools-for-stm32.13.3.rel1.win32_1.0.0.202411081344/tools/bin/../lib/gcc/arm-none-eabi/13.3.1/thumb/v7-m/nofp/crti.o
                0x080040dc                _fini
 .fini          0x080040e0        0x8 D:/WORKSPACE/STM32_WS/STM32CubeIDE_1.14.0/STM32CubeIDE/plugins/com.st.stm32cube.ide.mcu.externaltools.gnu-tools-for-stm32.13.3.rel1.win32_1.0.0.202411081344/tools/bin/../lib/gcc/arm-none-eabi/13.3.1/thumb/v7-m/nofp/crtn.o
                0x080040e8                        . = ALIGN (0x4)
                0x080040e8                        _etext = .

.vfp11_veneer   0x080040e8        0x0
 .vfp11_veneer  0x080040e8        0x0 linker stubs

.v4_bx          0x080040e8        0x0
 .v4_bx         0x080040e8        0x0 linker stubs

.iplt           0x080040e8        0x0
 .iplt          0x080040e8        0x0 D:/WORKSPACE/STM32_WS/STM32CubeIDE_1.14.0/STM32CubeIDE/plugins/com.st.stm32cube.ide.mcu.externaltools.gnu-tools-for-stm32.13.3.rel1.win32_1.0.0.202411081344/tools/bin/../lib/gcc/arm-none-eabi/13.3.1/thumb/v7-m/nofp/crtbegin.o

.rodata         0x080040e8      0x1b8
                0x080040e8                        . = ALIGN (0x4)
 *(.rodata)
 .rodata        0x080040e8      0x158 ./Core/Src/lcd_display.o
 *(.rodata*)
 .rodata.AHBPrescTable
                0x08004240       0x10 ./Core/Src/system_stm32f1xx.o
                0x08004240                AHBPrescTable
 .rodata.APBPrescTable
                0x08004250        0x8 ./Core/Src/system_stm32f1xx.o
                0x08004250                APBPrescTable
 .rodata.aPLLMULFactorTable.1
                0x08004258       0x10 ./Drivers/STM32F1xx_HAL_Driver/Src/stm32f1xx_hal_rcc.o
 .rodata.aPredivFactorTable.0
                0x08004268        0x2 ./Drivers/STM32F1xx_HAL_Driver/Src/stm32f1xx_hal_rcc.o
 .rodata._svfprintf_r.str1.1
                0x0800426a       0x33 D:/WORKSPACE/STM32_WS/STM32CubeIDE_1.14.0/STM32CubeIDE/plugins/com.st.stm32cube.ide.mcu.externaltools.gnu-tools-for-stm32.13.3.rel1.win32_1.0.0.202411081344/tools/bin/../lib/gcc/arm-none-eabi/13.3.1/../../../../arm-none-eabi/lib/thumb/v7-m/nofp\libc_nano.a(libc_a-nano-svfprintf.o)
                                 0x11 (size before relaxing)
 .rodata._printf_i.str1.1
                0x0800429d       0x22 D:/WORKSPACE/STM32_WS/STM32CubeIDE_1.14.0/STM32CubeIDE/plugins/com.st.stm32cube.ide.mcu.externaltools.gnu-tools-for-stm32.13.3.rel1.win32_1.0.0.202411081344/tools/bin/../lib/gcc/arm-none-eabi/13.3.1/../../../../arm-none-eabi/lib/thumb/v7-m/nofp\libc_nano.a(libc_a-nano-vfprintf_i.o)
                0x080042c0                        . = ALIGN (0x4)
 *fill*         0x0800429d        0x3 

.rel.dyn        0x080042a0        0x0
 .rel.iplt      0x080042a0        0x0 D:/WORKSPACE/STM32_WS/STM32CubeIDE_1.14.0/STM32CubeIDE/plugins/com.st.stm32cube.ide.mcu.externaltools.gnu-tools-for-stm32.13.3.rel1.win32_1.0.0.202411081344/tools/bin/../lib/gcc/arm-none-eabi/13.3.1/thumb/v7-m/nofp/crtbegin.o

.ARM.extab      0x080042a0        0x0
                0x080042a0                        . = ALIGN (0x4)
 *(.ARM.extab* .gnu.linkonce.armextab.*)
                0x080042a0                        . = ALIGN (0x4)

.ARM            0x080042a0        0x0
                0x080042a0                        . = ALIGN (0x4)
                0x080042a0                        __exidx_start = .
 *(.ARM.exidx*)
                0x080042a0                        __exidx_end = .
                0x080042a0                        . = ALIGN (0x4)

.preinit_array  0x080042a0        0x0
                0x080042a0                        . = ALIGN (0x4)
                0x080042a0                        PROVIDE (__preinit_array_start = .)
 *(.preinit_array*)
                0x080042a0                        PROVIDE (__preinit_array_end = .)
                0x080042a0                        . = ALIGN (0x4)

.init_array     0x080042a0        0x4
                0x080042a0                        . = ALIGN (0x4)
                0x080042a0                        PROVIDE (__init_array_start = .)
 *(SORT_BY_NAME(.init_array.*))
 *(.init_array*)
 .init_array    0x080042a0        0x4 D:/WORKSPACE/STM32_WS/STM32CubeIDE_1.14.0/STM32CubeIDE/plugins/com.st.stm32cube.ide.mcu.externaltools.gnu-tools-for-stm32.13.3.rel1.win32_1.0.0.202411081344/tools/bin/../lib/gcc/arm-none-eabi/13.3.1/thumb/v7-m/nofp/crtbegin.o
                0x080042a4                        PROVIDE (__init_array_end = .)
                0x080042a4                        . = ALIGN (0x4)

.fini_array     0x080042a4        0x4
                0x080042a4                        . = ALIGN (0x4)
                [!provide]                        PROVIDE (__fini_array_start = .)
 *(SORT_BY_NAME(.fini_array.*))
 *(.fini_array*)
 .fini_array    0x080042a4        0x4 D:/WORKSPACE/STM32_WS/STM32CubeIDE_1.14.0/STM32CubeIDE/plugins/com.st.stm32cube.ide.mcu.externaltools.gnu-tools-for-stm32.13.3.rel1.win32_1.0.0.202411081344/tools/bin/../lib/gcc/arm-none-eabi/13.3.1/thumb/v7-m/nofp/crtbegin.o
                [!provide]                        PROVIDE (__fini_array_end = .)
                0x080042a8                        . = ALIGN (0x4)
                0x080042a8                        _sidata = LOADADDR (.data)

.data           0x20000000       0x90 load address 0x080042a8
                0x20000000                        . = ALIGN (0x4)
                0x20000000                        _sdata = .
 *(.data)
 *(.data*)
 .data.sys_state
                0x20000000        0x1 ./Core/Src/global.o
                0x20000000                sys_state
 *fill*         0x20000001        0x3 
 .data.new_time
                0x20000004        0x4 ./Core/Src/global.o
                0x20000004                new_time
 .data.time_red1
                0x20000008        0x4 ./Core/Src/global.o
                0x20000008                time_red1
 .data.time_yel1
                0x2000000c        0x4 ./Core/Src/global.o
                0x2000000c                time_yel1
 .data.time_gre1
                0x20000010        0x4 ./Core/Src/global.o
                0x20000010                time_gre1
 .data.time_red2
                0x20000014        0x4 ./Core/Src/global.o
                0x20000014                time_red2
 .data.time_yel2
                0x20000018        0x4 ./Core/Src/global.o
                0x20000018                time_yel2
 .data.time_gre2
                0x2000001c        0x4 ./Core/Src/global.o
                0x2000001c                time_gre2
 .data.time_road1
                0x20000020        0x4 ./Core/Src/global.o
                0x20000020                time_road1
 .data.time_road2
                0x20000024        0x4 ./Core/Src/global.o
                0x20000024                time_road2
 .data.buttonBuffer
                0x20000028        0x3 ./Core/Src/input_reading.o
 *fill*         0x2000002b        0x1 
 .data.debounceButtonBuffer1
                0x2000002c        0x3 ./Core/Src/input_reading.o
 *fill*         0x2000002f        0x1 
 .data.debounceButtonBuffer2
                0x20000030        0x3 ./Core/Src/input_reading.o
 *fill*         0x20000033        0x1 
 .data.SystemCoreClock
                0x20000034        0x4 ./Core/Src/system_stm32f1xx.o
                0x20000034                SystemCoreClock
 .data.uwTickPrio
                0x20000038        0x4 ./Drivers/STM32F1xx_HAL_Driver/Src/stm32f1xx_hal.o
                0x20000038                uwTickPrio
 .data.uwTickFreq
                0x2000003c        0x1 ./Drivers/STM32F1xx_HAL_Driver/Src/stm32f1xx_hal.o
                0x2000003c                uwTickFreq
 *fill*         0x2000003d        0x3 
 .data._impure_ptr
                0x20000040        0x4 D:/WORKSPACE/STM32_WS/STM32CubeIDE_1.14.0/STM32CubeIDE/plugins/com.st.stm32cube.ide.mcu.externaltools.gnu-tools-for-stm32.13.3.rel1.win32_1.0.0.202411081344/tools/bin/../lib/gcc/arm-none-eabi/13.3.1/../../../../arm-none-eabi/lib/thumb/v7-m/nofp\libc_nano.a(libc_a-impure.o)
                0x20000040                _impure_ptr
 .data._impure_data
                0x20000044       0x4c D:/WORKSPACE/STM32_WS/STM32CubeIDE_1.14.0/STM32CubeIDE/plugins/com.st.stm32cube.ide.mcu.externaltools.gnu-tools-for-stm32.13.3.rel1.win32_1.0.0.202411081344/tools/bin/../lib/gcc/arm-none-eabi/13.3.1/../../../../arm-none-eabi/lib/thumb/v7-m/nofp\libc_nano.a(libc_a-impure.o)
                0x20000044                _impure_data
 *(.RamFunc)
 *(.RamFunc*)
                0x20000090                        . = ALIGN (0x4)
                0x20000090                        _edata = .

.igot.plt       0x20000090        0x0 load address 0x08004338
 .igot.plt      0x20000090        0x0 D:/WORKSPACE/STM32_WS/STM32CubeIDE_1.14.0/STM32CubeIDE/plugins/com.st.stm32cube.ide.mcu.externaltools.gnu-tools-for-stm32.13.3.rel1.win32_1.0.0.202411081344/tools/bin/../lib/gcc/arm-none-eabi/13.3.1/thumb/v7-m/nofp/crtbegin.o
                0x20000090                        . = ALIGN (0x4)

.bss            0x20000090      0x2c0 load address 0x08004338
                0x20000090                        _sbss = .
                0x20000090                        __bss_start__ = _sbss
 *(.bss)
 .bss           0x20000090       0x1c D:/WORKSPACE/STM32_WS/STM32CubeIDE_1.14.0/STM32CubeIDE/plugins/com.st.stm32cube.ide.mcu.externaltools.gnu-tools-for-stm32.13.3.rel1.win32_1.0.0.202411081344/tools/bin/../lib/gcc/arm-none-eabi/13.3.1/thumb/v7-m/nofp/crtbegin.o
 *(.bss*)
 .bss.manual_state
                0x200000ac        0x1 ./Core/Src/global.o
                0x200000ac                manual_state
 .bss.auto_state
                0x200000ad        0x1 ./Core/Src/global.o
                0x200000ad                auto_state
 *fill*         0x200000ae        0x2 
 .bss.buttonState
                0x200000b0        0x1 ./Core/Src/input_processing.o
                0x200000b0                buttonState
 *fill*         0x200000b1        0x3 
 .bss.single_press_button
                0x200000b4        0xc ./Core/Src/input_processing.o
                0x200000b4                single_press_button
 .bss.double_press_button
                0x200000c0        0xc ./Core/Src/input_processing.o
                0x200000c0                double_press_button
 .bss.immediately_1s_press_button
                0x200000cc        0xc ./Core/Src/input_processing.o
                0x200000cc                immediately_1s_press_button
 .bss.continuously_1s_press_button
                0x200000d8        0xc ./Core/Src/input_processing.o
                0x200000d8                continuously_1s_press_button
 .bss.flag_just_double_clicked
                0x200000e4        0x1 ./Core/Src/input_processing.o
                0x200000e4                flag_just_double_clicked
 *fill*         0x200000e5        0x3 
 .bss.counter   0x200000e8        0x4 ./Core/Src/input_processing.o
                0x200000e8                counter
 .bss.flagForButtonPress1s
                0x200000ec        0x3 ./Core/Src/input_reading.o
 *fill*         0x200000ef        0x1 
 .bss.counterForButtonPress1s
                0x200000f0        0x6 ./Core/Src/input_reading.o
 *fill*         0x200000f6        0x2 
 .bss.str_buff  0x200000f8       0x14 ./Core/Src/lcd_display.o
                0x200000f8                str_buff
 .bss.hi2c1     0x2000010c       0x54 ./Core/Src/main.o
                0x2000010c                hi2c1
 .bss.htim2     0x20000160       0x48 ./Core/Src/main.o
                0x20000160                htim2
 .bss.SCH_tasks_G
                0x200001a8        0x4 ./Core/Src/scheduler.o
 .bss.num_task  0x200001ac        0x4 ./Core/Src/scheduler.o
                0x200001ac                num_task
 .bss.timer     0x200001b0       0x50 ./Core/Src/software_timer.o
                0x200001b0                timer
 .bss.__sbrk_heap_end
                0x20000200        0x4 ./Core/Src/sysmem.o
 .bss.uwTick    0x20000204        0x4 ./Drivers/STM32F1xx_HAL_Driver/Src/stm32f1xx_hal.o
                0x20000204                uwTick
 .bss.__malloc_sbrk_start
                0x20000208        0x4 D:/WORKSPACE/STM32_WS/STM32CubeIDE_1.14.0/STM32CubeIDE/plugins/com.st.stm32cube.ide.mcu.externaltools.gnu-tools-for-stm32.13.3.rel1.win32_1.0.0.202411081344/tools/bin/../lib/gcc/arm-none-eabi/13.3.1/../../../../arm-none-eabi/lib/thumb/v7-m/nofp\libc_nano.a(libc_a-mallocr.o)
                0x20000208                __malloc_sbrk_start
 .bss.__malloc_free_list
                0x2000020c        0x4 D:/WORKSPACE/STM32_WS/STM32CubeIDE_1.14.0/STM32CubeIDE/plugins/com.st.stm32cube.ide.mcu.externaltools.gnu-tools-for-stm32.13.3.rel1.win32_1.0.0.202411081344/tools/bin/../lib/gcc/arm-none-eabi/13.3.1/../../../../arm-none-eabi/lib/thumb/v7-m/nofp\libc_nano.a(libc_a-mallocr.o)
                0x2000020c                __malloc_free_list
 .bss.__sf      0x20000210      0x138 D:/WORKSPACE/STM32_WS/STM32CubeIDE_1.14.0/STM32CubeIDE/plugins/com.st.stm32cube.ide.mcu.externaltools.gnu-tools-for-stm32.13.3.rel1.win32_1.0.0.202411081344/tools/bin/../lib/gcc/arm-none-eabi/13.3.1/../../../../arm-none-eabi/lib/thumb/v7-m/nofp\libc_nano.a(libc_a-findfp.o)
                0x20000210                __sf
 .bss.errno     0x20000348        0x4 D:/WORKSPACE/STM32_WS/STM32CubeIDE_1.14.0/STM32CubeIDE/plugins/com.st.stm32cube.ide.mcu.externaltools.gnu-tools-for-stm32.13.3.rel1.win32_1.0.0.202411081344/tools/bin/../lib/gcc/arm-none-eabi/13.3.1/../../../../arm-none-eabi/lib/thumb/v7-m/nofp\libc_nano.a(libc_a-reent.o)
                0x20000348                errno
 .bss.__lock___malloc_recursive_mutex
                0x2000034c        0x1 D:/WORKSPACE/STM32_WS/STM32CubeIDE_1.14.0/STM32CubeIDE/plugins/com.st.stm32cube.ide.mcu.externaltools.gnu-tools-for-stm32.13.3.rel1.win32_1.0.0.202411081344/tools/bin/../lib/gcc/arm-none-eabi/13.3.1/../../../../arm-none-eabi/lib/thumb/v7-m/nofp\libc_nano.a(libc_a-lock.o)
                0x2000034c                __lock___malloc_recursive_mutex
 *(COMMON)
                0x20000350                        . = ALIGN (0x4)
 *fill*         0x2000034d        0x3 
                0x20000350                        _ebss = .
                0x20000350                        __bss_end__ = _ebss

._user_heap_stack
                0x20000350      0x600 load address 0x08004338
                0x20000350                        . = ALIGN (0x8)
                [!provide]                        PROVIDE (end = .)
                0x20000350                        PROVIDE (_end = .)
                0x20000550                        . = (. + _Min_Heap_Size)
 *fill*         0x20000350      0x200 
                0x20000950                        . = (. + _Min_Stack_Size)
 *fill*         0x20000550      0x400 
                0x20000950                        . = ALIGN (0x8)

/DISCARD/
 libc.a(*)
 libm.a(*)
 libgcc.a(*)

.ARM.attributes
                0x00000000       0x29
 *(.ARM.attributes)
 .ARM.attributes
                0x00000000       0x1d D:/WORKSPACE/STM32_WS/STM32CubeIDE_1.14.0/STM32CubeIDE/plugins/com.st.stm32cube.ide.mcu.externaltools.gnu-tools-for-stm32.13.3.rel1.win32_1.0.0.202411081344/tools/bin/../lib/gcc/arm-none-eabi/13.3.1/thumb/v7-m/nofp/crti.o
 .ARM.attributes
                0x0000001d       0x2d D:/WORKSPACE/STM32_WS/STM32CubeIDE_1.14.0/STM32CubeIDE/plugins/com.st.stm32cube.ide.mcu.externaltools.gnu-tools-for-stm32.13.3.rel1.win32_1.0.0.202411081344/tools/bin/../lib/gcc/arm-none-eabi/13.3.1/thumb/v7-m/nofp/crtbegin.o
 .ARM.attributes
                0x0000004a       0x2d ./Core/Src/fsm_automatic.o
 .ARM.attributes
                0x00000077       0x2d ./Core/Src/fsm_config.o
 .ARM.attributes
                0x000000a4       0x2d ./Core/Src/fsm_manual.o
 .ARM.attributes
                0x000000d1       0x2d ./Core/Src/global.o
 .ARM.attributes
                0x000000fe       0x2d ./Core/Src/i2c-lcd.o
 .ARM.attributes
                0x0000012b       0x2d ./Core/Src/input_processing.o
 .ARM.attributes
                0x00000158       0x2d ./Core/Src/input_reading.o
 .ARM.attributes
                0x00000185       0x2d ./Core/Src/lcd_display.o
 .ARM.attributes
                0x000001b2       0x2d ./Core/Src/led_display.o
 .ARM.attributes
                0x000001df       0x2d ./Core/Src/main.o
 .ARM.attributes
                0x0000020c       0x2d ./Core/Src/scheduler.o
 .ARM.attributes
                0x00000239       0x2d ./Core/Src/software_timer.o
 .ARM.attributes
                0x00000266       0x2d ./Core/Src/stm32f1xx_hal_msp.o
 .ARM.attributes
                0x00000293       0x2d ./Core/Src/stm32f1xx_it.o
 .ARM.attributes
                0x000002c0       0x2d ./Core/Src/sysmem.o
 .ARM.attributes
                0x000002ed       0x2d ./Core/Src/system_stm32f1xx.o
 .ARM.attributes
                0x0000031a       0x21 ./Core/Startup/startup_stm32f103rbtx.o
 .ARM.attributes
                0x0000033b       0x2d ./Drivers/STM32F1xx_HAL_Driver/Src/stm32f1xx_hal.o
 .ARM.attributes
                0x00000368       0x2d ./Drivers/STM32F1xx_HAL_Driver/Src/stm32f1xx_hal_cortex.o
 .ARM.attributes
                0x00000395       0x2d ./Drivers/STM32F1xx_HAL_Driver/Src/stm32f1xx_hal_gpio.o
 .ARM.attributes
                0x000003c2       0x2d ./Drivers/STM32F1xx_HAL_Driver/Src/stm32f1xx_hal_i2c.o
 .ARM.attributes
                0x000003ef       0x2d ./Drivers/STM32F1xx_HAL_Driver/Src/stm32f1xx_hal_rcc.o
 .ARM.attributes
                0x0000041c       0x2d ./Drivers/STM32F1xx_HAL_Driver/Src/stm32f1xx_hal_tim.o
 .ARM.attributes
                0x00000449       0x2d ./Drivers/STM32F1xx_HAL_Driver/Src/stm32f1xx_hal_tim_ex.o
 .ARM.attributes
                0x00000476       0x2d D:/WORKSPACE/STM32_WS/STM32CubeIDE_1.14.0/STM32CubeIDE/plugins/com.st.stm32cube.ide.mcu.externaltools.gnu-tools-for-stm32.13.3.rel1.win32_1.0.0.202411081344/tools/bin/../lib/gcc/arm-none-eabi/13.3.1/../../../../arm-none-eabi/lib/thumb/v7-m/nofp\libc_nano.a(libc_a-malloc.o)
 .ARM.attributes
                0x000004a3       0x2d D:/WORKSPACE/STM32_WS/STM32CubeIDE_1.14.0/STM32CubeIDE/plugins/com.st.stm32cube.ide.mcu.externaltools.gnu-tools-for-stm32.13.3.rel1.win32_1.0.0.202411081344/tools/bin/../lib/gcc/arm-none-eabi/13.3.1/../../../../arm-none-eabi/lib/thumb/v7-m/nofp\libc_nano.a(libc_a-mallocr.o)
 .ARM.attributes
                0x000004d0       0x2d D:/WORKSPACE/STM32_WS/STM32CubeIDE_1.14.0/STM32CubeIDE/plugins/com.st.stm32cube.ide.mcu.externaltools.gnu-tools-for-stm32.13.3.rel1.win32_1.0.0.202411081344/tools/bin/../lib/gcc/arm-none-eabi/13.3.1/../../../../arm-none-eabi/lib/thumb/v7-m/nofp\libc_nano.a(libc_a-mlock.o)
 .ARM.attributes
                0x000004fd       0x2d D:/WORKSPACE/STM32_WS/STM32CubeIDE_1.14.0/STM32CubeIDE/plugins/com.st.stm32cube.ide.mcu.externaltools.gnu-tools-for-stm32.13.3.rel1.win32_1.0.0.202411081344/tools/bin/../lib/gcc/arm-none-eabi/13.3.1/../../../../arm-none-eabi/lib/thumb/v7-m/nofp\libc_nano.a(libc_a-findfp.o)
 .ARM.attributes
                0x0000052a       0x2d D:/WORKSPACE/STM32_WS/STM32CubeIDE_1.14.0/STM32CubeIDE/plugins/com.st.stm32cube.ide.mcu.externaltools.gnu-tools-for-stm32.13.3.rel1.win32_1.0.0.202411081344/tools/bin/../lib/gcc/arm-none-eabi/13.3.1/../../../../arm-none-eabi/lib/thumb/v7-m/nofp\libc_nano.a(libc_a-sprintf.o)
 .ARM.attributes
                0x00000557       0x2d D:/WORKSPACE/STM32_WS/STM32CubeIDE_1.14.0/STM32CubeIDE/plugins/com.st.stm32cube.ide.mcu.externaltools.gnu-tools-for-stm32.13.3.rel1.win32_1.0.0.202411081344/tools/bin/../lib/gcc/arm-none-eabi/13.3.1/../../../../arm-none-eabi/lib/thumb/v7-m/nofp\libc_nano.a(libc_a-memset.o)
 .ARM.attributes
                0x00000584       0x2d D:/WORKSPACE/STM32_WS/STM32CubeIDE_1.14.0/STM32CubeIDE/plugins/com.st.stm32cube.ide.mcu.externaltools.gnu-tools-for-stm32.13.3.rel1.win32_1.0.0.202411081344/tools/bin/../lib/gcc/arm-none-eabi/13.3.1/../../../../arm-none-eabi/lib/thumb/v7-m/nofp\libc_nano.a(libc_a-reent.o)
 .ARM.attributes
                0x000005b1       0x2d D:/WORKSPACE/STM32_WS/STM32CubeIDE_1.14.0/STM32CubeIDE/plugins/com.st.stm32cube.ide.mcu.externaltools.gnu-tools-for-stm32.13.3.rel1.win32_1.0.0.202411081344/tools/bin/../lib/gcc/arm-none-eabi/13.3.1/../../../../arm-none-eabi/lib/thumb/v7-m/nofp\libc_nano.a(libc_a-impure.o)
 .ARM.attributes
                0x000005de       0x2d D:/WORKSPACE/STM32_WS/STM32CubeIDE_1.14.0/STM32CubeIDE/plugins/com.st.stm32cube.ide.mcu.externaltools.gnu-tools-for-stm32.13.3.rel1.win32_1.0.0.202411081344/tools/bin/../lib/gcc/arm-none-eabi/13.3.1/../../../../arm-none-eabi/lib/thumb/v7-m/nofp\libc_nano.a(libc_a-sbrkr.o)
 .ARM.attributes
                0x0000060b       0x2d D:/WORKSPACE/STM32_WS/STM32CubeIDE_1.14.0/STM32CubeIDE/plugins/com.st.stm32cube.ide.mcu.externaltools.gnu-tools-for-stm32.13.3.rel1.win32_1.0.0.202411081344/tools/bin/../lib/gcc/arm-none-eabi/13.3.1/../../../../arm-none-eabi/lib/thumb/v7-m/nofp\libc_nano.a(libc_a-errno.o)
 .ARM.attributes
                0x00000638       0x2d D:/WORKSPACE/STM32_WS/STM32CubeIDE_1.14.0/STM32CubeIDE/plugins/com.st.stm32cube.ide.mcu.externaltools.gnu-tools-for-stm32.13.3.rel1.win32_1.0.0.202411081344/tools/bin/../lib/gcc/arm-none-eabi/13.3.1/../../../../arm-none-eabi/lib/thumb/v7-m/nofp\libc_nano.a(libc_a-init.o)
 .ARM.attributes
                0x00000665       0x2d D:/WORKSPACE/STM32_WS/STM32CubeIDE_1.14.0/STM32CubeIDE/plugins/com.st.stm32cube.ide.mcu.externaltools.gnu-tools-for-stm32.13.3.rel1.win32_1.0.0.202411081344/tools/bin/../lib/gcc/arm-none-eabi/13.3.1/../../../../arm-none-eabi/lib/thumb/v7-m/nofp\libc_nano.a(libc_a-lock.o)
 .ARM.attributes
                0x00000692       0x2d D:/WORKSPACE/STM32_WS/STM32CubeIDE_1.14.0/STM32CubeIDE/plugins/com.st.stm32cube.ide.mcu.externaltools.gnu-tools-for-stm32.13.3.rel1.win32_1.0.0.202411081344/tools/bin/../lib/gcc/arm-none-eabi/13.3.1/../../../../arm-none-eabi/lib/thumb/v7-m/nofp\libc_nano.a(libc_a-freer.o)
 .ARM.attributes
                0x000006bf       0x2d D:/WORKSPACE/STM32_WS/STM32CubeIDE_1.14.0/STM32CubeIDE/plugins/com.st.stm32cube.ide.mcu.externaltools.gnu-tools-for-stm32.13.3.rel1.win32_1.0.0.202411081344/tools/bin/../lib/gcc/arm-none-eabi/13.3.1/../../../../arm-none-eabi/lib/thumb/v7-m/nofp\libc_nano.a(libc_a-nano-svfprintf.o)
 .ARM.attributes
                0x000006ec       0x2d D:/WORKSPACE/STM32_WS/STM32CubeIDE_1.14.0/STM32CubeIDE/plugins/com.st.stm32cube.ide.mcu.externaltools.gnu-tools-for-stm32.13.3.rel1.win32_1.0.0.202411081344/tools/bin/../lib/gcc/arm-none-eabi/13.3.1/../../../../arm-none-eabi/lib/thumb/v7-m/nofp\libc_nano.a(libc_a-nano-vfprintf_i.o)
 .ARM.attributes
                0x00000719       0x2d D:/WORKSPACE/STM32_WS/STM32CubeIDE_1.14.0/STM32CubeIDE/plugins/com.st.stm32cube.ide.mcu.externaltools.gnu-tools-for-stm32.13.3.rel1.win32_1.0.0.202411081344/tools/bin/../lib/gcc/arm-none-eabi/13.3.1/../../../../arm-none-eabi/lib/thumb/v7-m/nofp\libc_nano.a(libc_a-memmove.o)
 .ARM.attributes
                0x00000746       0x2d D:/WORKSPACE/STM32_WS/STM32CubeIDE_1.14.0/STM32CubeIDE/plugins/com.st.stm32cube.ide.mcu.externaltools.gnu-tools-for-stm32.13.3.rel1.win32_1.0.0.202411081344/tools/bin/../lib/gcc/arm-none-eabi/13.3.1/../../../../arm-none-eabi/lib/thumb/v7-m/nofp\libc_nano.a(libc_a-memchr-stub.o)
 .ARM.attributes
                0x00000773       0x2d D:/WORKSPACE/STM32_WS/STM32CubeIDE_1.14.0/STM32CubeIDE/plugins/com.st.stm32cube.ide.mcu.externaltools.gnu-tools-for-stm32.13.3.rel1.win32_1.0.0.202411081344/tools/bin/../lib/gcc/arm-none-eabi/13.3.1/../../../../arm-none-eabi/lib/thumb/v7-m/nofp\libc_nano.a(libc_a-memcpy-stub.o)
 .ARM.attributes
                0x000007a0       0x2d D:/WORKSPACE/STM32_WS/STM32CubeIDE_1.14.0/STM32CubeIDE/plugins/com.st.stm32cube.ide.mcu.externaltools.gnu-tools-for-stm32.13.3.rel1.win32_1.0.0.202411081344/tools/bin/../lib/gcc/arm-none-eabi/13.3.1/../../../../arm-none-eabi/lib/thumb/v7-m/nofp\libc_nano.a(libc_a-reallocr.o)
 .ARM.attributes
                0x000007cd       0x2d D:/WORKSPACE/STM32_WS/STM32CubeIDE_1.14.0/STM32CubeIDE/plugins/com.st.stm32cube.ide.mcu.externaltools.gnu-tools-for-stm32.13.3.rel1.win32_1.0.0.202411081344/tools/bin/../lib/gcc/arm-none-eabi/13.3.1/../../../../arm-none-eabi/lib/thumb/v7-m/nofp\libc_nano.a(libc_a-msizer.o)
 .ARM.attributes
                0x000007fa       0x1d D:/WORKSPACE/STM32_WS/STM32CubeIDE_1.14.0/STM32CubeIDE/plugins/com.st.stm32cube.ide.mcu.externaltools.gnu-tools-for-stm32.13.3.rel1.win32_1.0.0.202411081344/tools/bin/../lib/gcc/arm-none-eabi/13.3.1/thumb/v7-m/nofp/crtn.o
OUTPUT(VXL_VDK_morong.elf elf32-littlearm)
LOAD linker stubs
LOAD D:/WORKSPACE/STM32_WS/STM32CubeIDE_1.14.0/STM32CubeIDE/plugins/com.st.stm32cube.ide.mcu.externaltools.gnu-tools-for-stm32.13.3.rel1.win32_1.0.0.202411081344/tools/bin/../lib/gcc/arm-none-eabi/13.3.1/../../../../arm-none-eabi/lib/thumb/v7-m/nofp\libc.a
LOAD D:/WORKSPACE/STM32_WS/STM32CubeIDE_1.14.0/STM32CubeIDE/plugins/com.st.stm32cube.ide.mcu.externaltools.gnu-tools-for-stm32.13.3.rel1.win32_1.0.0.202411081344/tools/bin/../lib/gcc/arm-none-eabi/13.3.1/../../../../arm-none-eabi/lib/thumb/v7-m/nofp\libm.a
LOAD D:/WORKSPACE/STM32_WS/STM32CubeIDE_1.14.0/STM32CubeIDE/plugins/com.st.stm32cube.ide.mcu.externaltools.gnu-tools-for-stm32.13.3.rel1.win32_1.0.0.202411081344/tools/bin/../lib/gcc/arm-none-eabi/13.3.1/thumb/v7-m/nofp\libgcc.a

.debug_info     0x00000000     0xcd75
 .debug_info    0x00000000      0x23d ./Core/Src/fsm_automatic.o
 .debug_info    0x0000023d      0x5e3 ./Core/Src/fsm_config.o
 .debug_info    0x00000820      0x247 ./Core/Src/fsm_manual.o
 .debug_info    0x00000a67      0x354 ./Core/Src/global.o
 .debug_info    0x00000dbb      0x721 ./Core/Src/i2c-lcd.o
 .debug_info    0x000014dc      0x2f8 ./Core/Src/input_processing.o
 .debug_info    0x000017d4      0x28b ./Core/Src/input_reading.o
 .debug_info    0x00001a5f      0x234 ./Core/Src/lcd_display.o
 .debug_info    0x00001c93      0x261 ./Core/Src/led_display.o
 .debug_info    0x00001ef4      0xeee ./Core/Src/main.o
 .debug_info    0x00002de2      0x431 ./Core/Src/scheduler.o
 .debug_info    0x00003213      0x14b ./Core/Src/software_timer.o
 .debug_info    0x0000335e      0xd99 ./Core/Src/stm32f1xx_hal_msp.o
 .debug_info    0x000040f7      0x6a1 ./Core/Src/stm32f1xx_it.o
 .debug_info    0x00004798      0x168 ./Core/Src/sysmem.o
 .debug_info    0x00004900      0x222 ./Core/Src/system_stm32f1xx.o
 .debug_info    0x00004b22       0x30 ./Core/Startup/startup_stm32f103rbtx.o
 .debug_info    0x00004b52      0x704 ./Drivers/STM32F1xx_HAL_Driver/Src/stm32f1xx_hal.o
 .debug_info    0x00005256      0xa87 ./Drivers/STM32F1xx_HAL_Driver/Src/stm32f1xx_hal_cortex.o
 .debug_info    0x00005cdd      0x5ab ./Drivers/STM32F1xx_HAL_Driver/Src/stm32f1xx_hal_gpio.o
 .debug_info    0x00006288     0x2524 ./Drivers/STM32F1xx_HAL_Driver/Src/stm32f1xx_hal_i2c.o
 .debug_info    0x000087ac      0x7d5 ./Drivers/STM32F1xx_HAL_Driver/Src/stm32f1xx_hal_rcc.o
 .debug_info    0x00008f81     0x2959 ./Drivers/STM32F1xx_HAL_Driver/Src/stm32f1xx_hal_tim.o
 .debug_info    0x0000b8da     0x149b ./Drivers/STM32F1xx_HAL_Driver/Src/stm32f1xx_hal_tim_ex.o

.debug_abbrev   0x00000000     0x272a
 .debug_abbrev  0x00000000       0xd4 ./Core/Src/fsm_automatic.o
 .debug_abbrev  0x000000d4      0x19b ./Core/Src/fsm_config.o
 .debug_abbrev  0x0000026f       0xed ./Core/Src/fsm_manual.o
 .debug_abbrev  0x0000035c       0x7b ./Core/Src/global.o
 .debug_abbrev  0x000003d7      0x1d3 ./Core/Src/i2c-lcd.o
 .debug_abbrev  0x000005aa      0x13d ./Core/Src/input_processing.o
 .debug_abbrev  0x000006e7      0x152 ./Core/Src/input_reading.o
 .debug_abbrev  0x00000839      0x14f ./Core/Src/lcd_display.o
 .debug_abbrev  0x00000988      0x13c ./Core/Src/led_display.o
 .debug_abbrev  0x00000ac4      0x2fb ./Core/Src/main.o
 .debug_abbrev  0x00000dbf      0x1c3 ./Core/Src/scheduler.o
 .debug_abbrev  0x00000f82      0x111 ./Core/Src/software_timer.o
 .debug_abbrev  0x00001093      0x1d5 ./Core/Src/stm32f1xx_hal_msp.o
 .debug_abbrev  0x00001268      0x191 ./Core/Src/stm32f1xx_it.o
 .debug_abbrev  0x000013f9       0xbc ./Core/Src/sysmem.o
 .debug_abbrev  0x000014b5      0x13f ./Core/Src/system_stm32f1xx.o
 .debug_abbrev  0x000015f4       0x24 ./Core/Startup/startup_stm32f103rbtx.o
 .debug_abbrev  0x00001618      0x201 ./Drivers/STM32F1xx_HAL_Driver/Src/stm32f1xx_hal.o
 .debug_abbrev  0x00001819      0x2f8 ./Drivers/STM32F1xx_HAL_Driver/Src/stm32f1xx_hal_cortex.o
 .debug_abbrev  0x00001b11      0x1ca ./Drivers/STM32F1xx_HAL_Driver/Src/stm32f1xx_hal_gpio.o
 .debug_abbrev  0x00001cdb      0x2a3 ./Drivers/STM32F1xx_HAL_Driver/Src/stm32f1xx_hal_i2c.o
 .debug_abbrev  0x00001f7e      0x2b3 ./Drivers/STM32F1xx_HAL_Driver/Src/stm32f1xx_hal_rcc.o
 .debug_abbrev  0x00002231      0x277 ./Drivers/STM32F1xx_HAL_Driver/Src/stm32f1xx_hal_tim.o
 .debug_abbrev  0x000024a8      0x282 ./Drivers/STM32F1xx_HAL_Driver/Src/stm32f1xx_hal_tim_ex.o

.debug_aranges  0x00000000      0xf18
 .debug_aranges
                0x00000000       0x20 ./Core/Src/fsm_automatic.o
 .debug_aranges
                0x00000020       0x80 ./Core/Src/fsm_config.o
 .debug_aranges
                0x000000a0       0x40 ./Core/Src/fsm_manual.o
 .debug_aranges
                0x000000e0       0x18 ./Core/Src/global.o
 .debug_aranges
                0x000000f8       0x48 ./Core/Src/i2c-lcd.o
 .debug_aranges
                0x00000140       0x68 ./Core/Src/input_processing.o
 .debug_aranges
                0x000001a8       0x30 ./Core/Src/input_reading.o
 .debug_aranges
                0x000001d8       0x40 ./Core/Src/lcd_display.o
 .debug_aranges
                0x00000218       0x68 ./Core/Src/led_display.o
 .debug_aranges
                0x00000280       0x50 ./Core/Src/main.o
 .debug_aranges
                0x000002d0       0x58 ./Core/Src/scheduler.o
 .debug_aranges
                0x00000328       0x30 ./Core/Src/software_timer.o
 .debug_aranges
                0x00000358       0x40 ./Core/Src/stm32f1xx_hal_msp.o
 .debug_aranges
                0x00000398       0x68 ./Core/Src/stm32f1xx_it.o
 .debug_aranges
                0x00000400       0x20 ./Core/Src/sysmem.o
 .debug_aranges
                0x00000420       0x28 ./Core/Src/system_stm32f1xx.o
 .debug_aranges
                0x00000448       0x28 ./Core/Startup/startup_stm32f103rbtx.o
 .debug_aranges
                0x00000470       0xe0 ./Drivers/STM32F1xx_HAL_Driver/Src/stm32f1xx_hal.o
 .debug_aranges
                0x00000550      0x100 ./Drivers/STM32F1xx_HAL_Driver/Src/stm32f1xx_hal_cortex.o
 .debug_aranges
                0x00000650       0x58 ./Drivers/STM32F1xx_HAL_Driver/Src/stm32f1xx_hal_gpio.o
 .debug_aranges
                0x000006a8      0x2a8 ./Drivers/STM32F1xx_HAL_Driver/Src/stm32f1xx_hal_i2c.o
 .debug_aranges
                0x00000950       0x90 ./Drivers/STM32F1xx_HAL_Driver/Src/stm32f1xx_hal_rcc.o
 .debug_aranges
                0x000009e0      0x3d0 ./Drivers/STM32F1xx_HAL_Driver/Src/stm32f1xx_hal_tim.o
 .debug_aranges
                0x00000db0      0x168 ./Drivers/STM32F1xx_HAL_Driver/Src/stm32f1xx_hal_tim_ex.o

.debug_rnglists
                0x00000000      0xb92
 .debug_rnglists
                0x00000000       0x14 ./Core/Src/fsm_automatic.o
 .debug_rnglists
                0x00000014       0x65 ./Core/Src/fsm_config.o
 .debug_rnglists
                0x00000079       0x2c ./Core/Src/fsm_manual.o
 .debug_rnglists
                0x000000a5       0x31 ./Core/Src/i2c-lcd.o
 .debug_rnglists
                0x000000d6       0x4a ./Core/Src/input_processing.o
 .debug_rnglists
                0x00000120       0x20 ./Core/Src/input_reading.o
 .debug_rnglists
                0x00000140       0x2f ./Core/Src/lcd_display.o
 .debug_rnglists
                0x0000016f       0x4b ./Core/Src/led_display.o
 .debug_rnglists
                0x000001ba       0x39 ./Core/Src/main.o
 .debug_rnglists
                0x000001f3       0x41 ./Core/Src/scheduler.o
 .debug_rnglists
                0x00000234       0x1f ./Core/Src/software_timer.o
 .debug_rnglists
                0x00000253       0x2c ./Core/Src/stm32f1xx_hal_msp.o
 .debug_rnglists
                0x0000027f       0x49 ./Core/Src/stm32f1xx_it.o
 .debug_rnglists
                0x000002c8       0x13 ./Core/Src/sysmem.o
 .debug_rnglists
                0x000002db       0x1a ./Core/Src/system_stm32f1xx.o
 .debug_rnglists
                0x000002f5       0x19 ./Core/Startup/startup_stm32f103rbtx.o
 .debug_rnglists
                0x0000030e       0xa3 ./Drivers/STM32F1xx_HAL_Driver/Src/stm32f1xx_hal.o
 .debug_rnglists
                0x000003b1       0xbb ./Drivers/STM32F1xx_HAL_Driver/Src/stm32f1xx_hal_cortex.o
 .debug_rnglists
                0x0000046c       0x3f ./Drivers/STM32F1xx_HAL_Driver/Src/stm32f1xx_hal_gpio.o
 .debug_rnglists
                0x000004ab      0x23c ./Drivers/STM32F1xx_HAL_Driver/Src/stm32f1xx_hal_i2c.o
 .debug_rnglists
                0x000006e7       0x6c ./Drivers/STM32F1xx_HAL_Driver/Src/stm32f1xx_hal_rcc.o
 .debug_rnglists
                0x00000753      0x31a ./Drivers/STM32F1xx_HAL_Driver/Src/stm32f1xx_hal_tim.o
 .debug_rnglists
                0x00000a6d      0x125 ./Drivers/STM32F1xx_HAL_Driver/Src/stm32f1xx_hal_tim_ex.o

.debug_macro    0x00000000    0x195ce
 .debug_macro   0x00000000      0x214 ./Core/Src/fsm_automatic.o
 .debug_macro   0x00000214      0xacc ./Core/Src/fsm_automatic.o
 .debug_macro   0x00000ce0      0x21b ./Core/Src/fsm_automatic.o
 .debug_macro   0x00000efb       0x2e ./Core/Src/fsm_automatic.o
 .debug_macro   0x00000f29       0x22 ./Core/Src/fsm_automatic.o
 .debug_macro   0x00000f4b       0x22 ./Core/Src/fsm_automatic.o
 .debug_macro   0x00000f6d       0x8e ./Core/Src/fsm_automatic.o
 .debug_macro   0x00000ffb       0x51 ./Core/Src/fsm_automatic.o
 .debug_macro   0x0000104c      0x103 ./Core/Src/fsm_automatic.o
 .debug_macro   0x0000114f       0x6a ./Core/Src/fsm_automatic.o
 .debug_macro   0x000011b9      0x1df ./Core/Src/fsm_automatic.o
 .debug_macro   0x00001398       0x1c ./Core/Src/fsm_automatic.o
 .debug_macro   0x000013b4       0x22 ./Core/Src/fsm_automatic.o
 .debug_macro   0x000013d6       0xbd ./Core/Src/fsm_automatic.o
 .debug_macro   0x00001493      0xd23 ./Core/Src/fsm_automatic.o
 .debug_macro   0x000021b6     0xe09e ./Core/Src/fsm_automatic.o
 .debug_macro   0x00010254       0x6d ./Core/Src/fsm_automatic.o
 .debug_macro   0x000102c1     0x34a2 ./Core/Src/fsm_automatic.o
 .debug_macro   0x00013763      0x190 ./Core/Src/fsm_automatic.o
 .debug_macro   0x000138f3       0x5c ./Core/Src/fsm_automatic.o
 .debug_macro   0x0001394f      0x5bc ./Core/Src/fsm_automatic.o
 .debug_macro   0x00013f0b      0x289 ./Core/Src/fsm_automatic.o
 .debug_macro   0x00014194      0x1cb ./Core/Src/fsm_automatic.o
 .debug_macro   0x0001435f      0x114 ./Core/Src/fsm_automatic.o
 .debug_macro   0x00014473      0x1b2 ./Core/Src/fsm_automatic.o
 .debug_macro   0x00014625       0x27 ./Core/Src/fsm_automatic.o
 .debug_macro   0x0001464c      0x136 ./Core/Src/fsm_automatic.o
 .debug_macro   0x00014782      0x1bc ./Core/Src/fsm_automatic.o
 .debug_macro   0x0001493e       0x34 ./Core/Src/fsm_automatic.o
 .debug_macro   0x00014972       0x3c ./Core/Src/fsm_automatic.o
 .debug_macro   0x000149ae       0x57 ./Core/Src/fsm_automatic.o
 .debug_macro   0x00014a05       0x87 ./Core/Src/fsm_automatic.o
 .debug_macro   0x00014a8c      0x240 ./Core/Src/fsm_automatic.o
 .debug_macro   0x00014ccc      0x287 ./Core/Src/fsm_automatic.o
 .debug_macro   0x00014f53      0x140 ./Core/Src/fsm_automatic.o
 .debug_macro   0x00015093      0x8ed ./Core/Src/fsm_automatic.o
 .debug_macro   0x00015980       0x83 ./Core/Src/fsm_automatic.o
 .debug_macro   0x00015a03       0x58 ./Core/Src/fsm_automatic.o
 .debug_macro   0x00015a5b      0x30d ./Core/Src/fsm_config.o
 .debug_macro   0x00015d68       0x61 ./Core/Src/fsm_config.o
 .debug_macro   0x00015dc9       0x24 ./Core/Src/fsm_config.o
 .debug_macro   0x00015ded       0x43 ./Core/Src/fsm_config.o
 .debug_macro   0x00015e30       0x34 ./Core/Src/fsm_config.o
 .debug_macro   0x00015e64       0x16 ./Core/Src/fsm_config.o
 .debug_macro   0x00015e7a       0x3c ./Core/Src/fsm_config.o
 .debug_macro   0x00015eb6      0x370 ./Core/Src/fsm_config.o
 .debug_macro   0x00016226       0x10 ./Core/Src/fsm_config.o
 .debug_macro   0x00016236       0x16 ./Core/Src/fsm_config.o
 .debug_macro   0x0001624c       0x4a ./Core/Src/fsm_config.o
 .debug_macro   0x00016296       0x34 ./Core/Src/fsm_config.o
 .debug_macro   0x000162ca       0x10 ./Core/Src/fsm_config.o
 .debug_macro   0x000162da       0x58 ./Core/Src/fsm_config.o
 .debug_macro   0x00016332       0x8e ./Core/Src/fsm_config.o
 .debug_macro   0x000163c0       0x1c ./Core/Src/fsm_config.o
 .debug_macro   0x000163dc      0x185 ./Core/Src/fsm_config.o
 .debug_macro   0x00016561       0x16 ./Core/Src/fsm_config.o
 .debug_macro   0x00016577       0x16 ./Core/Src/fsm_config.o
 .debug_macro   0x0001658d      0x146 ./Core/Src/fsm_config.o
 .debug_macro   0x000166d3       0x16 ./Core/Src/fsm_config.o
 .debug_macro   0x000166e9       0x16 ./Core/Src/fsm_config.o
 .debug_macro   0x000166ff       0x29 ./Core/Src/fsm_config.o
 .debug_macro   0x00016728       0x1c ./Core/Src/fsm_config.o
 .debug_macro   0x00016744      0x200 ./Core/Src/fsm_manual.o
 .debug_macro   0x00016944      0x1c6 ./Core/Src/global.o
 .debug_macro   0x00016b0a      0x1ad ./Core/Src/i2c-lcd.o
 .debug_macro   0x00016cb7      0x2db ./Core/Src/input_processing.o
 .debug_macro   0x00016f92       0x5b ./Core/Src/input_processing.o
 .debug_macro   0x00016fed       0x94 ./Core/Src/input_processing.o
 .debug_macro   0x00017081       0x57 ./Core/Src/input_processing.o
 .debug_macro   0x000170d8       0x9e ./Core/Src/input_processing.o
 .debug_macro   0x00017176      0x112 ./Core/Src/input_processing.o
 .debug_macro   0x00017288       0x56 ./Core/Src/input_processing.o
 .debug_macro   0x000172de      0x1ca ./Core/Src/input_reading.o
 .debug_macro   0x000174a8      0x2a6 ./Core/Src/lcd_display.o
 .debug_macro   0x0001774e      0x1b2 ./Core/Src/led_display.o
 .debug_macro   0x00017900      0x325 ./Core/Src/main.o
 .debug_macro   0x00017c25      0x31d ./Core/Src/scheduler.o
 .debug_macro   0x00017f42      0x1c8 ./Core/Src/software_timer.o
 .debug_macro   0x0001810a      0x1b2 ./Core/Src/stm32f1xx_hal_msp.o
 .debug_macro   0x000182bc      0x1bc ./Core/Src/stm32f1xx_it.o
 .debug_macro   0x00018478      0x112 ./Core/Src/sysmem.o
 .debug_macro   0x0001858a      0x23c ./Core/Src/sysmem.o
 .debug_macro   0x000187c6      0x1a3 ./Core/Src/system_stm32f1xx.o
 .debug_macro   0x00018969      0x1c7 ./Drivers/STM32F1xx_HAL_Driver/Src/stm32f1xx_hal.o
 .debug_macro   0x00018b30      0x1a3 ./Drivers/STM32F1xx_HAL_Driver/Src/stm32f1xx_hal_cortex.o
 .debug_macro   0x00018cd3      0x20e ./Drivers/STM32F1xx_HAL_Driver/Src/stm32f1xx_hal_gpio.o
 .debug_macro   0x00018ee1      0x1f1 ./Drivers/STM32F1xx_HAL_Driver/Src/stm32f1xx_hal_i2c.o
 .debug_macro   0x000190d2      0x1b5 ./Drivers/STM32F1xx_HAL_Driver/Src/stm32f1xx_hal_rcc.o
 .debug_macro   0x00019287      0x1a4 ./Drivers/STM32F1xx_HAL_Driver/Src/stm32f1xx_hal_tim.o
 .debug_macro   0x0001942b      0x1a3 ./Drivers/STM32F1xx_HAL_Driver/Src/stm32f1xx_hal_tim_ex.o

.debug_line     0x00000000    0x15756
 .debug_line    0x00000000      0x956 ./Core/Src/fsm_automatic.o
 .debug_line    0x00000956     0x1153 ./Core/Src/fsm_config.o
 .debug_line    0x00001aa9      0x955 ./Core/Src/fsm_manual.o
 .debug_line    0x000023fe      0x7c1 ./Core/Src/global.o
 .debug_line    0x00002bbf      0x877 ./Core/Src/i2c-lcd.o
 .debug_line    0x00003436      0xb51 ./Core/Src/input_processing.o
 .debug_line    0x00003f87      0x870 ./Core/Src/input_reading.o
 .debug_line    0x000047f7      0xa37 ./Core/Src/lcd_display.o
 .debug_line    0x0000522e      0x8c9 ./Core/Src/led_display.o
 .debug_line    0x00005af7      0xb4e ./Core/Src/main.o
 .debug_line    0x00006645      0xd2c ./Core/Src/scheduler.o
 .debug_line    0x00007371      0x837 ./Core/Src/software_timer.o
 .debug_line    0x00007ba8      0x84c ./Core/Src/stm32f1xx_hal_msp.o
 .debug_line    0x000083f4      0x88b ./Core/Src/stm32f1xx_it.o
 .debug_line    0x00008c7f      0x661 ./Core/Src/sysmem.o
 .debug_line    0x000092e0      0x843 ./Core/Src/system_stm32f1xx.o
 .debug_line    0x00009b23       0x78 ./Core/Startup/startup_stm32f103rbtx.o
 .debug_line    0x00009b9b      0xa74 ./Drivers/STM32F1xx_HAL_Driver/Src/stm32f1xx_hal.o
 .debug_line    0x0000a60f      0xc3e ./Drivers/STM32F1xx_HAL_Driver/Src/stm32f1xx_hal_cortex.o
 .debug_line    0x0000b24d      0xad1 ./Drivers/STM32F1xx_HAL_Driver/Src/stm32f1xx_hal_gpio.o
 .debug_line    0x0000bd1e     0x3c71 ./Drivers/STM32F1xx_HAL_Driver/Src/stm32f1xx_hal_i2c.o
 .debug_line    0x0000f98f      0xf2d ./Drivers/STM32F1xx_HAL_Driver/Src/stm32f1xx_hal_rcc.o
 .debug_line    0x000108bc     0x3562 ./Drivers/STM32F1xx_HAL_Driver/Src/stm32f1xx_hal_tim.o
 .debug_line    0x00013e1e     0x1938 ./Drivers/STM32F1xx_HAL_Driver/Src/stm32f1xx_hal_tim_ex.o

.debug_str      0x00000000    0x8b2de
 .debug_str     0x00000000    0x8b2de ./Core/Src/fsm_automatic.o
                              0x83761 (size before relaxing)
 .debug_str     0x0008b2de    0x871b6 ./Core/Src/fsm_config.o
 .debug_str     0x0008b2de    0x83725 ./Core/Src/fsm_manual.o
 .debug_str     0x0008b2de    0x836ec ./Core/Src/global.o
 .debug_str     0x0008b2de    0x838db ./Core/Src/i2c-lcd.o
 .debug_str     0x0008b2de    0x86fa1 ./Core/Src/input_processing.o
 .debug_str     0x0008b2de    0x8365c ./Core/Src/input_reading.o
 .debug_str     0x0008b2de    0x86e07 ./Core/Src/lcd_display.o
 .debug_str     0x0008b2de    0x835c2 ./Core/Src/led_display.o
 .debug_str     0x0008b2de    0x879f6 ./Core/Src/main.o
 .debug_str     0x0008b2de    0x86f9a ./Core/Src/scheduler.o
 .debug_str     0x0008b2de    0x83525 ./Core/Src/software_timer.o
 .debug_str     0x0008b2de    0x84074 ./Core/Src/stm32f1xx_hal_msp.o
 .debug_str     0x0008b2de    0x83a48 ./Core/Src/stm32f1xx_it.o
 .debug_str     0x0008b2de     0x770e ./Core/Src/sysmem.o
 .debug_str     0x0008b2de    0x8342b ./Core/Src/system_stm32f1xx.o
 .debug_str     0x0008b2de       0x68 ./Core/Startup/startup_stm32f103rbtx.o
 .debug_str     0x0008b2de    0x83b5e ./Drivers/STM32F1xx_HAL_Driver/Src/stm32f1xx_hal.o
 .debug_str     0x0008b2de    0x83aaa ./Drivers/STM32F1xx_HAL_Driver/Src/stm32f1xx_hal_cortex.o
 .debug_str     0x0008b2de    0x837b1 ./Drivers/STM32F1xx_HAL_Driver/Src/stm32f1xx_hal_gpio.o
 .debug_str     0x0008b2de    0x844f2 ./Drivers/STM32F1xx_HAL_Driver/Src/stm32f1xx_hal_i2c.o
 .debug_str     0x0008b2de    0x8385a ./Drivers/STM32F1xx_HAL_Driver/Src/stm32f1xx_hal_rcc.o
 .debug_str     0x0008b2de    0x8485c ./Drivers/STM32F1xx_HAL_Driver/Src/stm32f1xx_hal_tim.o
 .debug_str     0x0008b2de    0x84068 ./Drivers/STM32F1xx_HAL_Driver/Src/stm32f1xx_hal_tim_ex.o

.comment        0x00000000       0x43
 .comment       0x00000000       0x43 ./Core/Src/fsm_automatic.o
                                 0x44 (size before relaxing)
 .comment       0x00000043       0x44 ./Core/Src/fsm_config.o
 .comment       0x00000043       0x44 ./Core/Src/fsm_manual.o
 .comment       0x00000043       0x44 ./Core/Src/global.o
 .comment       0x00000043       0x44 ./Core/Src/i2c-lcd.o
 .comment       0x00000043       0x44 ./Core/Src/input_processing.o
 .comment       0x00000043       0x44 ./Core/Src/input_reading.o
 .comment       0x00000043       0x44 ./Core/Src/lcd_display.o
 .comment       0x00000043       0x44 ./Core/Src/led_display.o
 .comment       0x00000043       0x44 ./Core/Src/main.o
 .comment       0x00000043       0x44 ./Core/Src/scheduler.o
 .comment       0x00000043       0x44 ./Core/Src/software_timer.o
 .comment       0x00000043       0x44 ./Core/Src/stm32f1xx_hal_msp.o
 .comment       0x00000043       0x44 ./Core/Src/stm32f1xx_it.o
 .comment       0x00000043       0x44 ./Core/Src/sysmem.o
 .comment       0x00000043       0x44 ./Core/Src/system_stm32f1xx.o
 .comment       0x00000043       0x44 ./Drivers/STM32F1xx_HAL_Driver/Src/stm32f1xx_hal.o
 .comment       0x00000043       0x44 ./Drivers/STM32F1xx_HAL_Driver/Src/stm32f1xx_hal_cortex.o
 .comment       0x00000043       0x44 ./Drivers/STM32F1xx_HAL_Driver/Src/stm32f1xx_hal_gpio.o
 .comment       0x00000043       0x44 ./Drivers/STM32F1xx_HAL_Driver/Src/stm32f1xx_hal_i2c.o
 .comment       0x00000043       0x44 ./Drivers/STM32F1xx_HAL_Driver/Src/stm32f1xx_hal_rcc.o
 .comment       0x00000043       0x44 ./Drivers/STM32F1xx_HAL_Driver/Src/stm32f1xx_hal_tim.o
 .comment       0x00000043       0x44 ./Drivers/STM32F1xx_HAL_Driver/Src/stm32f1xx_hal_tim_ex.o

.debug_frame    0x00000000     0x41a8
 .debug_frame   0x00000000       0x2c ./Core/Src/fsm_automatic.o
 .debug_frame   0x0000002c      0x1d0 ./Core/Src/fsm_config.o
 .debug_frame   0x000001fc       0x9c ./Core/Src/fsm_manual.o
 .debug_frame   0x00000298       0xd8 ./Core/Src/i2c-lcd.o
 .debug_frame   0x00000370      0x198 ./Core/Src/input_processing.o
 .debug_frame   0x00000508       0x84 ./Core/Src/input_reading.o
 .debug_frame   0x0000058c       0xac ./Core/Src/lcd_display.o
 .debug_frame   0x00000638      0x140 ./Core/Src/led_display.o
 .debug_frame   0x00000778       0xf0 ./Core/Src/main.o
 .debug_frame   0x00000868      0x12c ./Core/Src/scheduler.o
 .debug_frame   0x00000994       0x88 ./Core/Src/software_timer.o
 .debug_frame   0x00000a1c       0xc8 ./Core/Src/stm32f1xx_hal_msp.o
 .debug_frame   0x00000ae4      0x120 ./Core/Src/stm32f1xx_it.o
 .debug_frame   0x00000c04       0x34 ./Core/Src/sysmem.o
 .debug_frame   0x00000c38       0x58 ./Core/Src/system_stm32f1xx.o
 .debug_frame   0x00000c90      0x334 ./Drivers/STM32F1xx_HAL_Driver/Src/stm32f1xx_hal.o
 .debug_frame   0x00000fc4      0x428 ./Drivers/STM32F1xx_HAL_Driver/Src/stm32f1xx_hal_cortex.o
 .debug_frame   0x000013ec      0x14c ./Drivers/STM32F1xx_HAL_Driver/Src/stm32f1xx_hal_gpio.o
 .debug_frame   0x00001538      0xc84 ./Drivers/STM32F1xx_HAL_Driver/Src/stm32f1xx_hal_i2c.o
 .debug_frame   0x000021bc      0x218 ./Drivers/STM32F1xx_HAL_Driver/Src/stm32f1xx_hal_rcc.o
 .debug_frame   0x000023d4     0x11b8 ./Drivers/STM32F1xx_HAL_Driver/Src/stm32f1xx_hal_tim.o
 .debug_frame   0x0000358c      0x638 ./Drivers/STM32F1xx_HAL_Driver/Src/stm32f1xx_hal_tim_ex.o
 .debug_frame   0x00003bc4       0x30 D:/WORKSPACE/STM32_WS/STM32CubeIDE_1.14.0/STM32CubeIDE/plugins/com.st.stm32cube.ide.mcu.externaltools.gnu-tools-for-stm32.13.3.rel1.win32_1.0.0.202411081344/tools/bin/../lib/gcc/arm-none-eabi/13.3.1/../../../../arm-none-eabi/lib/thumb/v7-m/nofp\libc_nano.a(libc_a-malloc.o)
 .debug_frame   0x00003bf4       0x50 D:/WORKSPACE/STM32_WS/STM32CubeIDE_1.14.0/STM32CubeIDE/plugins/com.st.stm32cube.ide.mcu.externaltools.gnu-tools-for-stm32.13.3.rel1.win32_1.0.0.202411081344/tools/bin/../lib/gcc/arm-none-eabi/13.3.1/../../../../arm-none-eabi/lib/thumb/v7-m/nofp\libc_nano.a(libc_a-mallocr.o)
 .debug_frame   0x00003c44       0x30 D:/WORKSPACE/STM32_WS/STM32CubeIDE_1.14.0/STM32CubeIDE/plugins/com.st.stm32cube.ide.mcu.externaltools.gnu-tools-for-stm32.13.3.rel1.win32_1.0.0.202411081344/tools/bin/../lib/gcc/arm-none-eabi/13.3.1/../../../../arm-none-eabi/lib/thumb/v7-m/nofp\libc_nano.a(libc_a-mlock.o)
 .debug_frame   0x00003c74      0x144 D:/WORKSPACE/STM32_WS/STM32CubeIDE_1.14.0/STM32CubeIDE/plugins/com.st.stm32cube.ide.mcu.externaltools.gnu-tools-for-stm32.13.3.rel1.win32_1.0.0.202411081344/tools/bin/../lib/gcc/arm-none-eabi/13.3.1/../../../../arm-none-eabi/lib/thumb/v7-m/nofp\libc_nano.a(libc_a-findfp.o)
 .debug_frame   0x00003db8       0x74 D:/WORKSPACE/STM32_WS/STM32CubeIDE_1.14.0/STM32CubeIDE/plugins/com.st.stm32cube.ide.mcu.externaltools.gnu-tools-for-stm32.13.3.rel1.win32_1.0.0.202411081344/tools/bin/../lib/gcc/arm-none-eabi/13.3.1/../../../../arm-none-eabi/lib/thumb/v7-m/nofp\libc_nano.a(libc_a-sprintf.o)
 .debug_frame   0x00003e2c       0x20 D:/WORKSPACE/STM32_WS/STM32CubeIDE_1.14.0/STM32CubeIDE/plugins/com.st.stm32cube.ide.mcu.externaltools.gnu-tools-for-stm32.13.3.rel1.win32_1.0.0.202411081344/tools/bin/../lib/gcc/arm-none-eabi/13.3.1/../../../../arm-none-eabi/lib/thumb/v7-m/nofp\libc_nano.a(libc_a-memset.o)
 .debug_frame   0x00003e4c       0x38 D:/WORKSPACE/STM32_WS/STM32CubeIDE_1.14.0/STM32CubeIDE/plugins/com.st.stm32cube.ide.mcu.externaltools.gnu-tools-for-stm32.13.3.rel1.win32_1.0.0.202411081344/tools/bin/../lib/gcc/arm-none-eabi/13.3.1/../../../../arm-none-eabi/lib/thumb/v7-m/nofp\libc_nano.a(libc_a-reent.o)
 .debug_frame   0x00003e84       0x2c D:/WORKSPACE/STM32_WS/STM32CubeIDE_1.14.0/STM32CubeIDE/plugins/com.st.stm32cube.ide.mcu.externaltools.gnu-tools-for-stm32.13.3.rel1.win32_1.0.0.202411081344/tools/bin/../lib/gcc/arm-none-eabi/13.3.1/../../../../arm-none-eabi/lib/thumb/v7-m/nofp\libc_nano.a(libc_a-sbrkr.o)
 .debug_frame   0x00003eb0       0x20 D:/WORKSPACE/STM32_WS/STM32CubeIDE_1.14.0/STM32CubeIDE/plugins/com.st.stm32cube.ide.mcu.externaltools.gnu-tools-for-stm32.13.3.rel1.win32_1.0.0.202411081344/tools/bin/../lib/gcc/arm-none-eabi/13.3.1/../../../../arm-none-eabi/lib/thumb/v7-m/nofp\libc_nano.a(libc_a-errno.o)
 .debug_frame   0x00003ed0       0x2c D:/WORKSPACE/STM32_WS/STM32CubeIDE_1.14.0/STM32CubeIDE/plugins/com.st.stm32cube.ide.mcu.externaltools.gnu-tools-for-stm32.13.3.rel1.win32_1.0.0.202411081344/tools/bin/../lib/gcc/arm-none-eabi/13.3.1/../../../../arm-none-eabi/lib/thumb/v7-m/nofp\libc_nano.a(libc_a-init.o)
 .debug_frame   0x00003efc       0xb0 D:/WORKSPACE/STM32_WS/STM32CubeIDE_1.14.0/STM32CubeIDE/plugins/com.st.stm32cube.ide.mcu.externaltools.gnu-tools-for-stm32.13.3.rel1.win32_1.0.0.202411081344/tools/bin/../lib/gcc/arm-none-eabi/13.3.1/../../../../arm-none-eabi/lib/thumb/v7-m/nofp\libc_nano.a(libc_a-lock.o)
 .debug_frame   0x00003fac       0x38 D:/WORKSPACE/STM32_WS/STM32CubeIDE_1.14.0/STM32CubeIDE/plugins/com.st.stm32cube.ide.mcu.externaltools.gnu-tools-for-stm32.13.3.rel1.win32_1.0.0.202411081344/tools/bin/../lib/gcc/arm-none-eabi/13.3.1/../../../../arm-none-eabi/lib/thumb/v7-m/nofp\libc_nano.a(libc_a-freer.o)
 .debug_frame   0x00003fe4       0x90 D:/WORKSPACE/STM32_WS/STM32CubeIDE_1.14.0/STM32CubeIDE/plugins/com.st.stm32cube.ide.mcu.externaltools.gnu-tools-for-stm32.13.3.rel1.win32_1.0.0.202411081344/tools/bin/../lib/gcc/arm-none-eabi/13.3.1/../../../../arm-none-eabi/lib/thumb/v7-m/nofp\libc_nano.a(libc_a-nano-svfprintf.o)
 .debug_frame   0x00004074       0x60 D:/WORKSPACE/STM32_WS/STM32CubeIDE_1.14.0/STM32CubeIDE/plugins/com.st.stm32cube.ide.mcu.externaltools.gnu-tools-for-stm32.13.3.rel1.win32_1.0.0.202411081344/tools/bin/../lib/gcc/arm-none-eabi/13.3.1/../../../../arm-none-eabi/lib/thumb/v7-m/nofp\libc_nano.a(libc_a-nano-vfprintf_i.o)
 .debug_frame   0x000040d4       0x28 D:/WORKSPACE/STM32_WS/STM32CubeIDE_1.14.0/STM32CubeIDE/plugins/com.st.stm32cube.ide.mcu.externaltools.gnu-tools-for-stm32.13.3.rel1.win32_1.0.0.202411081344/tools/bin/../lib/gcc/arm-none-eabi/13.3.1/../../../../arm-none-eabi/lib/thumb/v7-m/nofp\libc_nano.a(libc_a-memmove.o)
 .debug_frame   0x000040fc       0x28 D:/WORKSPACE/STM32_WS/STM32CubeIDE_1.14.0/STM32CubeIDE/plugins/com.st.stm32cube.ide.mcu.externaltools.gnu-tools-for-stm32.13.3.rel1.win32_1.0.0.202411081344/tools/bin/../lib/gcc/arm-none-eabi/13.3.1/../../../../arm-none-eabi/lib/thumb/v7-m/nofp\libc_nano.a(libc_a-memchr-stub.o)
 .debug_frame   0x00004124       0x28 D:/WORKSPACE/STM32_WS/STM32CubeIDE_1.14.0/STM32CubeIDE/plugins/com.st.stm32cube.ide.mcu.externaltools.gnu-tools-for-stm32.13.3.rel1.win32_1.0.0.202411081344/tools/bin/../lib/gcc/arm-none-eabi/13.3.1/../../../../arm-none-eabi/lib/thumb/v7-m/nofp\libc_nano.a(libc_a-memcpy-stub.o)
 .debug_frame   0x0000414c       0x3c D:/WORKSPACE/STM32_WS/STM32CubeIDE_1.14.0/STM32CubeIDE/plugins/com.st.stm32cube.ide.mcu.externaltools.gnu-tools-for-stm32.13.3.rel1.win32_1.0.0.202411081344/tools/bin/../lib/gcc/arm-none-eabi/13.3.1/../../../../arm-none-eabi/lib/thumb/v7-m/nofp\libc_nano.a(libc_a-reallocr.o)
 .debug_frame   0x00004188       0x20 D:/WORKSPACE/STM32_WS/STM32CubeIDE_1.14.0/STM32CubeIDE/plugins/com.st.stm32cube.ide.mcu.externaltools.gnu-tools-for-stm32.13.3.rel1.win32_1.0.0.202411081344/tools/bin/../lib/gcc/arm-none-eabi/13.3.1/../../../../arm-none-eabi/lib/thumb/v7-m/nofp\libc_nano.a(libc_a-msizer.o)

.debug_line_str
                0x00000000       0x4c
 .debug_line_str
                0x00000000       0x4c ./Core/Startup/startup_stm32f103rbtx.o
