../Core/Src/fsm_config.c:16:6:init_test	8	static
../Core/Src/fsm_config.c:35:6:fsm_config	8	static
../Core/Src/fsm_config.c:76:6:set_red1_handler	16	static
../Core/Src/fsm_config.c:132:6:set_yel1_handler	16	static
../Core/Src/fsm_config.c:187:6:set_gre1_handler	16	static
../Core/Src/fsm_config.c:243:6:set_red2_handler	24	static
../Core/Src/fsm_config.c:362:6:set_yel2_handler	16	static
../Core/Src/fsm_config.c:417:6:set_gre2_handler	16	static
../Core/Src/fsm_config.c:501:6:err_syn_r2_handler	16	static
../Core/Src/fsm_config.c:553:6:err_syn_gy2_handler	16	static
../Core/Src/fsm_config.c:595:6:change_continuously_newtime	8	static
../Core/Src/fsm_config.c:611:6:ERR_SYN_R2_to_SET_YEL2	16	static
../Core/Src/fsm_config.c:635:6:ERR_SYN_GY2_to_AUTOMATIC_MODE	16	static
