fsm_config.c:9:6:fsm_config	8	static
fsm_config.c:50:6:set_red1_handler	16	static
fsm_config.c:106:6:set_yel1_handler	16	static
fsm_config.c:161:6:set_gre1_handler	16	static
fsm_config.c:217:6:set_red2_handler	16	static
fsm_config.c:294:6:set_yel2_handler	16	static
fsm_config.c:349:6:set_gre2_handler	16	static
fsm_config.c:435:6:err_syn_r2_handler	16	static
fsm_config.c:487:6:err_syn_gy2_handler	16	static
fsm_config.c:545:6:change_continuously_newtime	8	static
fsm_config.c:561:6:ERR_SYN_R2_to_SET_YEL2	16	static
fsm_config.c:585:6:ERR_SYN_GY2_to_AUTOMATIC_MODE	16	static
