led_display.c:10:6:set_rgy1	16	static
led_display.c:35:6:set_rgy2	16	static
led_display.c:59:6:toggle_rgy	16	static
led_display.c:79:6:toggle_red1	8	static
led_display.c:83:6:toggle_yel1	8	static
led_display.c:86:6:toggle_gre1	8	static
led_display.c:90:6:toggle_red2	8	static
led_display.c:94:6:toggle_yel2	8	static
led_display.c:97:6:toggle_gre2	8	static
led_display.c:101:6:toggle_yel_gre	8	static
led_display.c:109:6:manual_red1_gre2	8	static
led_display.c:114:6:manual_red1_yel2	8	static
led_display.c:119:6:manual_gre1_red2	8	static
led_display.c:124:6:manual_yel1_red2	8	static
